Copyright 1986-2022 Xilinx, Inc. All Rights Reserved. Copyright 2022-2025 Advanced Micro Devices, Inc. All Rights Reserved.
---------------------------------------------------------------------------------------------------------------------------------------------
| Tool Version : Vivado v.2025.2 (lin64) Build 6299465 Fri Nov 14 12:34:56 MST 2025
| Date         : Thu Oct  1 17:02:35 2026
| Host         : jotshawlinux-Legion running 64-bit Ubuntu 24.04.5 LTS
| Command      : report_utilization -hierarchical -file ./viterbi_axis_utilization_hier.rpt
| Design       : viterbi_axis_system_wrapper
| Device       : xczu7ev-ffvc1156-2-e
| Speed File   : -2
| Design State : Synthesized
---------------------------------------------------------------------------------------------------------------------------------------------

Utilization Design Information

Table of Contents
-----------------
1. Utilization by Hierarchy

1. Utilization by Hierarchy
---------------------------

+-------------------------------------------------------------------+-------------------------------------------------------------------------------------------------------------------+------------+------------+---------+------+------+--------+--------+------+------------+
|                              Instance                             |                                                       Module                                                      | Total LUTs | Logic LUTs | LUTRAMs | SRLs |  FFs | RAMB36 | RAMB18 | URAM | DSP Blocks |
+-------------------------------------------------------------------+-------------------------------------------------------------------------------------------------------------------+------------+------------+---------+------+------+--------+--------+------+------------+
| viterbi_axis_system_wrapper                                       |                                                                                                             (top) |      10099 |       9581 |     308 |  210 | 9967 |      2 |      0 |    1 |          0 |
|   viterbi_axis_system_i                                           |                                                                                               viterbi_axis_system |      10099 |       9581 |     308 |  210 | 9967 |      2 |      0 |    1 |          0 |
|     zynq_ultra_ps_e_0                                             |                                                                           viterbi_axis_system_zynq_ultra_ps_e_0_0 |        264 |        264 |       0 |    0 |    0 |      0 |      0 |    0 |          0 |
|       inst                                                        |                                    viterbi_axis_system_zynq_ultra_ps_e_0_0_zynq_ultra_ps_e_v3_5_8_zynq_ultra_ps_e |        264 |        264 |       0 |    0 |    0 |      0 |      0 |    0 |          0 |
|     axi_dma_0                                                     |                                                                                   viterbi_axis_system_axi_dma_0_0 |       1331 |       1175 |       8 |  148 | 1744 |      2 |      0 |    0 |          0 |
|       U0                                                          |                                                                           viterbi_axis_system_axi_dma_0_0_axi_dma |       1331 |       1175 |       8 |  148 | 1744 |      2 |      0 |    0 |          0 |
|         I_PRMRY_DATAMOVER                                         |                                                                     viterbi_axis_system_axi_dma_0_0_axi_datamover |       1116 |        960 |       8 |  148 | 1301 |      2 |      0 |    0 |          0 |
|           GEN_MM2S_FULL.I_MM2S_FULL_WRAPPER                       |                                                      viterbi_axis_system_axi_dma_0_0_axi_datamover_mm2s_full_wrap |        384 |        327 |       0 |   57 |  409 |      1 |      0 |    0 |          0 |
|             GEN_INCLUDE_MM2S_SF.I_RD_SF                           |                                                               viterbi_axis_system_axi_dma_0_0_axi_datamover_rd_sf |         92 |         90 |       0 |    2 |   61 |      1 |      0 |    0 |          0 |
|               I_DATA_FIFO                                         |                                                        viterbi_axis_system_axi_dma_0_0_axi_datamover_sfifo_autord |         77 |         77 |       0 |    0 |   47 |      1 |      0 |    0 |          0 |
|                 BLK_MEM.I_SYNC_FIFOGEN_FIFO                       |                                                                     viterbi_axis_system_axi_dma_0_0_xpm_fifo_sync |         58 |         58 |       0 |    0 |   47 |      1 |      0 |    0 |          0 |
|                   xpm_fifo_base_inst                              |                                                                     viterbi_axis_system_axi_dma_0_0_xpm_fifo_base |         58 |         58 |       0 |    0 |   47 |      1 |      0 |    0 |          0 |
|             I_CMD_STATUS                                          |                                                          viterbi_axis_system_axi_dma_0_0_axi_datamover_cmd_status |          9 |          9 |       0 |    0 |   59 |      0 |      0 |    0 |          0 |
|               I_CMD_FIFO                                          |                                                             viterbi_axis_system_axi_dma_0_0_axi_datamover_fifo_10 |          4 |          4 |       0 |    0 |   53 |      0 |      0 |    0 |          0 |
|             I_MSTR_PCC                                            |                                                                 viterbi_axis_system_axi_dma_0_0_axi_datamover_pcc |        147 |        147 |       0 |    0 |  157 |      0 |      0 |    0 |          0 |
|               (I_MSTR_PCC)                                        |                                                                 viterbi_axis_system_axi_dma_0_0_axi_datamover_pcc |        146 |        146 |       0 |    0 |  157 |      0 |      0 |    0 |          0 |
|           GEN_S2MM_FULL.I_S2MM_FULL_WRAPPER                       |                                                      viterbi_axis_system_axi_dma_0_0_axi_datamover_s2mm_full_wrap |        732 |        633 |       8 |   91 |  892 |      1 |      0 |    0 |          0 |
|             GEN_ENABLE_INDET_BTT_SF.I_INDET_BTT                   |                                                           viterbi_axis_system_axi_dma_0_0_axi_datamover_indet_btt |        181 |        173 |       8 |    0 |  241 |      1 |      0 |    0 |          0 |
|               (GEN_ENABLE_INDET_BTT_SF.I_INDET_BTT)               |                                                           viterbi_axis_system_axi_dma_0_0_axi_datamover_indet_btt |         10 |         10 |       0 |    0 |   62 |      0 |      0 |    0 |          0 |
|               ENABLE_AXIS_SKID.I_INDET_BTT_SKID_BUF               |                                            viterbi_axis_system_axi_dma_0_0_axi_datamover_skid_buf__parameterized0 |         47 |         47 |       0 |    0 |   86 |      0 |      0 |    0 |          0 |
|               I_DATA_FIFO                                         |                                        viterbi_axis_system_axi_dma_0_0_axi_datamover_sfifo_autord__parameterized1 |         50 |         50 |       0 |    0 |   39 |      1 |      0 |    0 |          0 |
|               I_XD_FIFO                                           |                                        viterbi_axis_system_axi_dma_0_0_axi_datamover_sfifo_autord__parameterized0 |         74 |         66 |       8 |    0 |   54 |      0 |      0 |    0 |          0 |
|                 NON_BLK_MEM.I_SYNC_FIFOGEN_FIFO                   |                                                     viterbi_axis_system_axi_dma_0_0_xpm_fifo_sync__parameterized1 |         45 |         37 |       8 |    0 |   54 |      0 |      0 |    0 |          0 |
|                   xpm_fifo_base_inst                              |                                                     viterbi_axis_system_axi_dma_0_0_xpm_fifo_base__parameterized0 |         45 |         37 |       8 |    0 |   54 |      0 |      0 |    0 |          0 |
|             GEN_INCLUDE_IBTTCC.I_S2MM_MSTR_IBTTCC                 |                                                              viterbi_axis_system_axi_dma_0_0_axi_datamover_ibttcc |        160 |        160 |       0 |    0 |  218 |      0 |      0 |    0 |          0 |
|             GEN_INCLUDE_REALIGNER.I_S2MM_REALIGNER                |                                                        viterbi_axis_system_axi_dma_0_0_axi_datamover_s2mm_realign |        150 |        128 |       0 |   22 |   96 |      0 |      0 |    0 |          0 |
|               GEN_INCLUDE_SCATTER.I_S2MM_SCATTER                  |                                                        viterbi_axis_system_axi_dma_0_0_axi_datamover_s2mm_scatter |        119 |        116 |       0 |    3 |   81 |      0 |      0 |    0 |          0 |
|             I_CMD_STATUS                                          |                                          viterbi_axis_system_axi_dma_0_0_axi_datamover_cmd_status__parameterized0 |         17 |         17 |       0 |    0 |   75 |      0 |      0 |    0 |          0 |
|               I_CMD_FIFO                                          |                                                                viterbi_axis_system_axi_dma_0_0_axi_datamover_fifo |          5 |          5 |       0 |    0 |   53 |      0 |      0 |    0 |          0 |
|             I_S2MM_MMAP_SKID_BUF                                  |                                                         viterbi_axis_system_axi_dma_0_0_axi_datamover_skid2mm_buf |         35 |         35 |       0 |    0 |   79 |      0 |      0 |    0 |          0 |
|         INCLUDE_MM2S_SOF_EOF_GENERATOR.I_MM2S_DMA_MNGR            |                                                                 viterbi_axis_system_axi_dma_0_0_axi_dma_mm2s_mngr |         12 |         12 |       0 |    0 |   64 |      0 |      0 |    0 |          0 |
|           GEN_MM2S_DMA_CONTROL.GEN_SIMPLE_DMA_MODE.I_MM2S_SMPL_SM |                                                               viterbi_axis_system_axi_dma_0_0_axi_dma_smple_sm_20 |          8 |          8 |       0 |    0 |   53 |      0 |      0 |    0 |          0 |
|         INCLUDE_S2MM_SOF_EOF_GENERATOR.I_S2MM_DMA_MNGR            |                                                                 viterbi_axis_system_axi_dma_0_0_axi_dma_s2mm_mngr |         21 |         21 |       0 |    0 |   80 |      0 |      0 |    0 |          0 |
|           GEN_S2MM_DMA_CONTROL.GEN_SIMPLE_DMA_MODE.I_S2MM_SMPL_SM |                                                                  viterbi_axis_system_axi_dma_0_0_axi_dma_smple_sm |          8 |          8 |       0 |    0 |   53 |      0 |      0 |    0 |          0 |
|         I_AXI_DMA_REG_MODULE                                      |                                                                viterbi_axis_system_axi_dma_0_0_axi_dma_reg_module |        148 |        148 |       0 |    0 |  243 |      0 |      0 |    0 |          0 |
|           GEN_S2MM_REGISTERS.I_S2MM_DMA_REGISTER                  |                                                             viterbi_axis_system_axi_dma_0_0_axi_dma_register_s2mm |         16 |         16 |       0 |    0 |   79 |      0 |      0 |    0 |          0 |
|           GEN_AXI_LITE_IF.AXI_LITE_IF_I                           |                                                                   viterbi_axis_system_axi_dma_0_0_axi_dma_lite_if |        109 |        109 |       0 |    0 |   85 |      0 |      0 |    0 |          0 |
|           GEN_MM2S_REGISTERS.I_MM2S_DMA_REGISTER                  |                                                                  viterbi_axis_system_axi_dma_0_0_axi_dma_register |         21 |         21 |       0 |    0 |   79 |      0 |      0 |    0 |          0 |
|     axi_smc                                                       |                                                                                     viterbi_axis_system_axi_smc_0 |        383 |        248 |     128 |    7 |  472 |      0 |      0 |    0 |          0 |
|       inst                                                        |                                                                             viterbi_axis_system_axi_smc_0_bd_9b7b |        383 |        248 |     128 |    7 |  472 |      0 |      0 |    0 |          0 |
|         s00_nodes                                                 |                                                               viterbi_axis_system_axi_smc_0_s00_nodes_imp_1CWT4F1 |        256 |        128 |     128 |    0 |  270 |      0 |      0 |    0 |          0 |
|           s00_ar_node                                             |                                                                      viterbi_axis_system_axi_smc_0_bd_9b7b_sarn_0 |         91 |         43 |      48 |    0 |   98 |      0 |      0 |    0 |          0 |
|             inst                                                  |                                                                 viterbi_axis_system_axi_smc_0_sc_node_v1_0_19_top |         91 |         43 |      48 |    0 |   98 |      0 |      0 |    0 |          0 |
|               inst_mi_handler                                     |                                                          viterbi_axis_system_axi_smc_0_sc_node_v1_0_19_mi_handler |         85 |         37 |      48 |    0 |   90 |      0 |      0 |    0 |          0 |
|                 gen_normal_area.inst_fifo_node_payld              |                                                                viterbi_axis_system_axi_smc_0_sc_node_v1_0_19_fifo |         85 |         37 |      48 |    0 |   88 |      0 |      0 |    0 |          0 |
|                   gen_xpm_memory_fifo.inst_fifo                   |                                                      viterbi_axis_system_axi_smc_0_sc_util_v1_0_4_xpm_memory_fifo |         85 |         37 |      48 |    0 |   88 |      0 |      0 |    0 |          0 |
|                     gen_mem_rep[0].inst_xpm_memory                |                                                                   viterbi_axis_system_axi_smc_0_xpm_memory_sdpram |         48 |          0 |      48 |    0 |   66 |      0 |      0 |    0 |          0 |
|                       xpm_memory_base_inst                        |                                                                     viterbi_axis_system_axi_smc_0_xpm_memory_base |         48 |          0 |      48 |    0 |   66 |      0 |      0 |    0 |          0 |
|           s00_r_node                                              |                                                                       viterbi_axis_system_axi_smc_0_bd_9b7b_srn_0 |        165 |         85 |      80 |    0 |  172 |      0 |      0 |    0 |          0 |
|             inst                                                  |                                                 viterbi_axis_system_axi_smc_0_sc_node_v1_0_19_top__parameterized0 |        165 |         85 |      80 |    0 |  172 |      0 |      0 |    0 |          0 |
|               inst_mi_handler                                     |                                          viterbi_axis_system_axi_smc_0_sc_node_v1_0_19_mi_handler__parameterized0 |        159 |         79 |      80 |    0 |  164 |      0 |      0 |    0 |          0 |
|                 gen_normal_area.inst_fifo_node_payld              |                                                viterbi_axis_system_axi_smc_0_sc_node_v1_0_19_fifo__parameterized0 |        157 |         77 |      80 |    0 |  157 |      0 |      0 |    0 |          0 |
|                   gen_xpm_memory_fifo.inst_fifo                   |                                      viterbi_axis_system_axi_smc_0_sc_util_v1_0_4_xpm_memory_fifo__parameterized0 |        157 |         77 |      80 |    0 |  157 |      0 |      0 |    0 |          0 |
|                     gen_mem_rep[0].inst_xpm_memory                |                                                   viterbi_axis_system_axi_smc_0_xpm_memory_sdpram__parameterized0 |         80 |          0 |      80 |    0 |  135 |      0 |      0 |    0 |          0 |
|                       xpm_memory_base_inst                        |                                                     viterbi_axis_system_axi_smc_0_xpm_memory_base__parameterized0 |         80 |          0 |      80 |    0 |  135 |      0 |      0 |    0 |          0 |
|         s00_entry_pipeline                                        |                                                      viterbi_axis_system_axi_smc_0_s00_entry_pipeline_imp_1A22YRR |         72 |         72 |       0 |    0 |  152 |      0 |      0 |    0 |          0 |
|           s00_transaction_regulator                               |                                                                     viterbi_axis_system_axi_smc_0_bd_9b7b_s00tr_0 |         41 |         41 |       0 |    0 |  138 |      0 |      0 |    0 |          0 |
|             inst                                                  |                                                viterbi_axis_system_axi_smc_0_sc_transaction_regulator_v1_0_12_top |         41 |         41 |       0 |    0 |  138 |      0 |      0 |    0 |          0 |
|               gen_endpoint.gen_r_singleorder.r_singleorder        |                        viterbi_axis_system_axi_smc_0_sc_transaction_regulator_v1_0_12_singleorder__parameterized0 |         39 |         39 |       0 |    0 |  134 |      0 |      0 |    0 |          0 |
|                 gen_cmd_reg.cmd_reg                               |                                        viterbi_axis_system_axi_smc_0_sc_util_v1_0_4_axi_reg_stall__parameterized0 |         38 |         38 |       0 |    0 |  134 |      0 |      0 |    0 |          0 |
|     axi_smc_1                                                     |                                                                                   viterbi_axis_system_axi_smc_1_0 |        456 |        315 |     132 |    9 |  687 |      0 |      0 |    0 |          0 |
|       inst                                                        |                                                                           viterbi_axis_system_axi_smc_1_0_bd_7f0b |        456 |        315 |     132 |    9 |  687 |      0 |      0 |    0 |          0 |
|         s00_nodes                                                 |                                                              viterbi_axis_system_axi_smc_1_0_s00_nodes_imp_6VVKXH |        285 |        153 |     132 |    0 |  466 |      0 |      0 |    0 |          0 |
|           s00_aw_node                                             |                                                                    viterbi_axis_system_axi_smc_1_0_bd_7f0b_sawn_0 |         87 |         43 |      44 |    0 |   95 |      0 |      0 |    0 |          0 |
|             inst                                                  |                                                               viterbi_axis_system_axi_smc_1_0_sc_node_v1_0_19_top |         87 |         43 |      44 |    0 |   95 |      0 |      0 |    0 |          0 |
|               inst_mi_handler                                     |                                                        viterbi_axis_system_axi_smc_1_0_sc_node_v1_0_19_mi_handler |         81 |         37 |      44 |    0 |   87 |      0 |      0 |    0 |          0 |
|                 gen_normal_area.inst_fifo_node_payld              |                                                              viterbi_axis_system_axi_smc_1_0_sc_node_v1_0_19_fifo |         81 |         37 |      44 |    0 |   85 |      0 |      0 |    0 |          0 |
|                   gen_xpm_memory_fifo.inst_fifo                   |                                                    viterbi_axis_system_axi_smc_1_0_sc_util_v1_0_4_xpm_memory_fifo |         81 |         37 |      44 |    0 |   85 |      0 |      0 |    0 |          0 |
|                     gen_mem_rep[0].inst_xpm_memory                |                                                                 viterbi_axis_system_axi_smc_1_0_xpm_memory_sdpram |         44 |          0 |      44 |    0 |   63 |      0 |      0 |    0 |          0 |
|                       xpm_memory_base_inst                        |                                                                   viterbi_axis_system_axi_smc_1_0_xpm_memory_base |         44 |          0 |      44 |    0 |   63 |      0 |      0 |    0 |          0 |
|           s00_w_node                                              |                                                                     viterbi_axis_system_axi_smc_1_0_bd_7f0b_swn_0 |        151 |         67 |      84 |    0 |  337 |      0 |      0 |    0 |          0 |
|             inst                                                  |                                               viterbi_axis_system_axi_smc_1_0_sc_node_v1_0_19_top__parameterized1 |        151 |         67 |      84 |    0 |  337 |      0 |      0 |    0 |          0 |
|               inst_mi_handler                                     |                                        viterbi_axis_system_axi_smc_1_0_sc_node_v1_0_19_mi_handler__parameterized1 |        145 |         61 |      84 |    0 |  329 |      0 |      0 |    0 |          0 |
|                 gen_normal_area.inst_fifo_node_payld              |                                              viterbi_axis_system_axi_smc_1_0_sc_node_v1_0_19_fifo__parameterized1 |        124 |         40 |      84 |    0 |  167 |      0 |      0 |    0 |          0 |
|                   gen_xpm_memory_fifo.inst_fifo                   |                                    viterbi_axis_system_axi_smc_1_0_sc_util_v1_0_4_xpm_memory_fifo__parameterized1 |        124 |         40 |      84 |    0 |  167 |      0 |      0 |    0 |          0 |
|                     gen_mem_rep[0].inst_xpm_memory                |                                                 viterbi_axis_system_axi_smc_1_0_xpm_memory_sdpram__parameterized1 |         84 |          0 |      84 |    0 |  145 |      0 |      0 |    0 |          0 |
|                       xpm_memory_base_inst                        |                                                   viterbi_axis_system_axi_smc_1_0_xpm_memory_base__parameterized1 |         84 |          0 |      84 |    0 |  145 |      0 |      0 |    0 |          0 |
|                 gen_normal_area.gen_upsizer.inst_upsizer          |                                                           viterbi_axis_system_axi_smc_1_0_sc_node_v1_0_19_upsizer |         20 |         20 |       0 |    0 |  158 |      0 |      0 |    0 |          0 |
|                   (gen_normal_area.gen_upsizer.inst_upsizer)      |                                                           viterbi_axis_system_axi_smc_1_0_sc_node_v1_0_19_upsizer |         19 |         19 |       0 |    0 |  154 |      0 |      0 |    0 |          0 |
|         s00_entry_pipeline                                        |                                                     viterbi_axis_system_axi_smc_1_0_s00_entry_pipeline_imp_3PZ35B |        128 |        121 |       0 |    7 |  177 |      0 |      0 |    0 |          0 |
|           s00_si_converter                                        |                                                                  viterbi_axis_system_axi_smc_1_0_bd_7f0b_s00sic_0 |         58 |         51 |       0 |    7 |   20 |      0 |      0 |    0 |          0 |
|             inst                                                  |                                                       viterbi_axis_system_axi_smc_1_0_sc_si_converter_v1_0_16_top |         58 |         51 |       0 |    7 |   20 |      0 |      0 |    0 |          0 |
|           s00_transaction_regulator                               |                                                                   viterbi_axis_system_axi_smc_1_0_bd_7f0b_s00tr_0 |         41 |         41 |       0 |    0 |  138 |      0 |      0 |    0 |          0 |
|             inst                                                  |                                              viterbi_axis_system_axi_smc_1_0_sc_transaction_regulator_v1_0_12_top |         41 |         41 |       0 |    0 |  138 |      0 |      0 |    0 |          0 |
|               gen_endpoint.gen_w_singleorder.w_singleorder        |                                      viterbi_axis_system_axi_smc_1_0_sc_transaction_regulator_v1_0_12_singleorder |         39 |         39 |       0 |    0 |  134 |      0 |      0 |    0 |          0 |
|                 gen_cmd_reg.cmd_reg                               |                                      viterbi_axis_system_axi_smc_1_0_sc_util_v1_0_4_axi_reg_stall__parameterized0 |         38 |         38 |       0 |    0 |  134 |      0 |      0 |    0 |          0 |
|     ps8_0_axi_periph                                              |                                                                            viterbi_axis_system_ps8_0_axi_periph_0 |       1277 |       1192 |      40 |   45 | 1397 |      0 |      0 |    0 |          0 |
|       s00_couplers                                                |                                                                                          s00_couplers_imp_1CB2IO0 |       1277 |       1192 |      40 |   45 | 1397 |      0 |      0 |    0 |          0 |
|         auto_pc                                                   |                                                                viterbi_axis_system_ps8_0_axi_periph_imp_auto_pc_0 |        417 |        372 |       0 |   45 |  481 |      0 |      0 |    0 |          0 |
|           inst                                                    |          viterbi_axis_system_ps8_0_axi_periph_imp_auto_pc_0_axi_protocol_converter_v2_1_37_axi_protocol_converter |        417 |        372 |       0 |   45 |  481 |      0 |      0 |    0 |          0 |
|             gen_axilite.gen_b2s_conv.axilite_b2s                  |                             viterbi_axis_system_ps8_0_axi_periph_imp_auto_pc_0_axi_protocol_converter_v2_1_37_b2s |        417 |        372 |       0 |   45 |  481 |      0 |      0 |    0 |          0 |
|               WR.aw_channel_0                                     |                  viterbi_axis_system_ps8_0_axi_periph_imp_auto_pc_0_axi_protocol_converter_v2_1_37_b2s_aw_channel |         84 |         84 |       0 |    0 |   77 |      0 |      0 |    0 |          0 |
|                 cmd_translator_0                                  |              viterbi_axis_system_ps8_0_axi_periph_imp_auto_pc_0_axi_protocol_converter_v2_1_37_b2s_cmd_translator |         65 |         65 |       0 |    0 |   67 |      0 |      0 |    0 |          0 |
|               RD.ar_channel_0                                     |                  viterbi_axis_system_ps8_0_axi_periph_imp_auto_pc_0_axi_protocol_converter_v2_1_37_b2s_ar_channel |         84 |         84 |       0 |    0 |   70 |      0 |      0 |    0 |          0 |
|                 cmd_translator_0                                  |            viterbi_axis_system_ps8_0_axi_periph_imp_auto_pc_0_axi_protocol_converter_v2_1_37_b2s_cmd_translator_1 |         67 |         67 |       0 |    0 |   68 |      0 |      0 |    0 |          0 |
|               RD.r_channel_0                                      |                   viterbi_axis_system_ps8_0_axi_periph_imp_auto_pc_0_axi_protocol_converter_v2_1_37_b2s_r_channel |         51 |         16 |       0 |   35 |   12 |      0 |      0 |    0 |          0 |
|               SI_REG                                              |                  viterbi_axis_system_ps8_0_axi_periph_imp_auto_pc_0_axi_register_slice_v2_1_36_axi_register_slice |        161 |        161 |       0 |    0 |  304 |      0 |      0 |    0 |          0 |
|                 ar.ar_pipe                                        |                 viterbi_axis_system_ps8_0_axi_periph_imp_auto_pc_0_axi_register_slice_v2_1_36_axic_register_slice |         63 |         63 |       0 |    0 |  112 |      0 |      0 |    0 |          0 |
|                 aw.aw_pipe                                        |               viterbi_axis_system_ps8_0_axi_periph_imp_auto_pc_0_axi_register_slice_v2_1_36_axic_register_slice_0 |         73 |         73 |       0 |    0 |  114 |      0 |      0 |    0 |          0 |
|                 r.r_pipe                                          | viterbi_axis_system_ps8_0_axi_periph_imp_auto_pc_0_axi_register_slice_v2_1_36_axic_register_slice__parameterized2 |         21 |         21 |       0 |    0 |   72 |      0 |      0 |    0 |          0 |
|         auto_ds                                                   |                                                                viterbi_axis_system_ps8_0_axi_periph_imp_auto_ds_0 |        860 |        820 |      40 |    0 |  916 |      0 |      0 |    0 |          0 |
|           inst                                                    |                               viterbi_axis_system_ps8_0_axi_periph_imp_auto_ds_0_axi_dwidth_converter_v2_1_37_top |        860 |        820 |      40 |    0 |  916 |      0 |      0 |    0 |          0 |
|             gen_downsizer.gen_simple_downsizer.axi_downsizer_inst |                     viterbi_axis_system_ps8_0_axi_periph_imp_auto_ds_0_axi_dwidth_converter_v2_1_37_axi_downsizer |        860 |        820 |      40 |    0 |  916 |      0 |      0 |    0 |          0 |
|               USE_READ.read_addr_inst                             |       viterbi_axis_system_ps8_0_axi_periph_imp_auto_ds_0_axi_dwidth_converter_v2_1_37_a_downsizer__parameterized0 |        428 |        410 |      18 |    0 |  351 |      0 |      0 |    0 |          0 |
|                 (USE_READ.read_addr_inst)                         |       viterbi_axis_system_ps8_0_axi_periph_imp_auto_ds_0_axi_dwidth_converter_v2_1_37_a_downsizer__parameterized0 |        153 |        153 |       0 |    0 |  257 |      0 |      0 |    0 |          0 |
|                 cmd_queue                                         |              viterbi_axis_system_ps8_0_axi_periph_imp_auto_ds_0_axi_data_fifo_v2_1_36_axic_fifo__parameterized0_8 |        275 |        257 |      18 |    0 |   94 |      0 |      0 |    0 |          0 |
|                   inst                                            |               viterbi_axis_system_ps8_0_axi_periph_imp_auto_ds_0_axi_data_fifo_v2_1_36_fifo_gen__parameterized0_9 |        275 |        257 |      18 |    0 |   94 |      0 |      0 |    0 |          0 |
|                     (inst)                                        |               viterbi_axis_system_ps8_0_axi_periph_imp_auto_ds_0_axi_data_fifo_v2_1_36_fifo_gen__parameterized0_9 |        222 |        222 |       0 |    0 |    0 |      0 |      0 |    0 |          0 |
|                     fifo_gen_inst                                 |                        viterbi_axis_system_ps8_0_axi_periph_imp_auto_ds_0_fifo_generator_v13_2_14__parameterized0 |         53 |         35 |      18 |    0 |   94 |      0 |      0 |    0 |          0 |
|                       inst_fifo_gen                               |               viterbi_axis_system_ps8_0_axi_periph_imp_auto_ds_0_fifo_generator_v13_2_14_synth__parameterized0_10 |         53 |         35 |      18 |    0 |   94 |      0 |      0 |    0 |          0 |
|                         gconvfifo.rf                              |                          viterbi_axis_system_ps8_0_axi_periph_imp_auto_ds_0_fifo_generator_top__parameterized0_11 |         53 |         35 |      18 |    0 |   94 |      0 |      0 |    0 |          0 |
|                           grf.rf                                  |                      viterbi_axis_system_ps8_0_axi_periph_imp_auto_ds_0_fifo_generator_ramfifo__parameterized0_12 |         53 |         35 |      18 |    0 |   94 |      0 |      0 |    0 |          0 |
|                             gntv_or_sync_fifo.mem                 |                                      viterbi_axis_system_ps8_0_axi_periph_imp_auto_ds_0_memory__parameterized0_15 |         18 |          0 |      18 |    0 |   58 |      0 |      0 |    0 |          0 |
|               USE_READ.read_data_inst                             |                       viterbi_axis_system_ps8_0_axi_periph_imp_auto_ds_0_axi_dwidth_converter_v2_1_37_r_downsizer |         21 |         21 |       0 |    0 |  143 |      0 |      0 |    0 |          0 |
|               USE_WRITE.write_addr_inst                           |                       viterbi_axis_system_ps8_0_axi_periph_imp_auto_ds_0_axi_dwidth_converter_v2_1_37_a_downsizer |        376 |        354 |      22 |    0 |  398 |      0 |      0 |    0 |          0 |
|                 (USE_WRITE.write_addr_inst)                       |                       viterbi_axis_system_ps8_0_axi_periph_imp_auto_ds_0_axi_dwidth_converter_v2_1_37_a_downsizer |        154 |        154 |       0 |    0 |  260 |      0 |      0 |    0 |          0 |
|                 USE_B_CHANNEL.cmd_b_queue                         |                                viterbi_axis_system_ps8_0_axi_periph_imp_auto_ds_0_axi_data_fifo_v2_1_36_axic_fifo |         51 |         47 |       4 |    0 |   46 |      0 |      0 |    0 |          0 |
|                   inst                                            |                                 viterbi_axis_system_ps8_0_axi_periph_imp_auto_ds_0_axi_data_fifo_v2_1_36_fifo_gen |         51 |         47 |       4 |    0 |   46 |      0 |      0 |    0 |          0 |
|                 cmd_queue                                         |                viterbi_axis_system_ps8_0_axi_periph_imp_auto_ds_0_axi_data_fifo_v2_1_36_axic_fifo__parameterized0 |        171 |        153 |      18 |    0 |   92 |      0 |      0 |    0 |          0 |
|                   inst                                            |                 viterbi_axis_system_ps8_0_axi_periph_imp_auto_ds_0_axi_data_fifo_v2_1_36_fifo_gen__parameterized0 |        171 |        153 |      18 |    0 |   92 |      0 |      0 |    0 |          0 |
|                     (inst)                                        |                 viterbi_axis_system_ps8_0_axi_periph_imp_auto_ds_0_axi_data_fifo_v2_1_36_fifo_gen__parameterized0 |        118 |        118 |       0 |    0 |    0 |      0 |      0 |    0 |          0 |
|                     fifo_gen_inst                                 |                     viterbi_axis_system_ps8_0_axi_periph_imp_auto_ds_0_fifo_generator_v13_2_14__parameterized0__1 |         53 |         35 |      18 |    0 |   92 |      0 |      0 |    0 |          0 |
|                       inst_fifo_gen                               |                  viterbi_axis_system_ps8_0_axi_periph_imp_auto_ds_0_fifo_generator_v13_2_14_synth__parameterized0 |         53 |         35 |      18 |    0 |   92 |      0 |      0 |    0 |          0 |
|                         gconvfifo.rf                              |                             viterbi_axis_system_ps8_0_axi_periph_imp_auto_ds_0_fifo_generator_top__parameterized0 |         53 |         35 |      18 |    0 |   92 |      0 |      0 |    0 |          0 |
|                           grf.rf                                  |                         viterbi_axis_system_ps8_0_axi_periph_imp_auto_ds_0_fifo_generator_ramfifo__parameterized0 |         53 |         35 |      18 |    0 |   92 |      0 |      0 |    0 |          0 |
|                             gntv_or_sync_fifo.mem                 |                                         viterbi_axis_system_ps8_0_axi_periph_imp_auto_ds_0_memory__parameterized0 |         18 |          0 |      18 |    0 |   56 |      0 |      0 |    0 |          0 |
|     viterbi_k7_axis_0                                             |                                                                           viterbi_axis_system_viterbi_k7_axis_0_0 |       6369 |       6369 |       0 |    0 | 5627 |      0 |      0 |    1 |          0 |
|       U0                                                          |                                                           viterbi_axis_system_viterbi_k7_axis_0_0_viterbi_k7_axis |       6369 |       6369 |       0 |    0 | 5627 |      0 |      0 |    1 |          0 |
|         u_out                                                     |                                                          viterbi_axis_system_viterbi_k7_axis_0_0_viterbi_axis_out |        460 |        460 |       0 |    0 | 1536 |      0 |      0 |    0 |          0 |
|         u_core                                                    |                                                        viterbi_axis_system_viterbi_k7_axis_0_0_viterbi_k7_decoder |       5903 |       5903 |       0 |    0 | 4090 |      0 |      0 |    1 |          0 |
+-------------------------------------------------------------------+-------------------------------------------------------------------------------------------------------------------+------------+------------+---------+------+------+--------+--------+------+------------+


