Copyright 1986-2022 Xilinx, Inc. All Rights Reserved. Copyright 2022-2025 Advanced Micro Devices, Inc. All Rights Reserved.
--------------------------------------------------------------------------------------------------------------------------------------------------
| Tool Version      : Vivado v.2025.2 (lin64) Build 6299465 Fri Nov 14 12:34:56 MST 2025
| Date              : Thu Oct  1 17:02:43 2026
| Host              : jotshawlinux-Legion running 64-bit Ubuntu 24.04.5 LTS
| Command           : report_timing_summary -file ./viterbi_axis_timing_summary.rpt
| Design            : viterbi_axis_system_wrapper
| Device            : xczu7ev-ffvc1156
| Speed File        : -2  PRODUCTION 1.30 05-15-2022
| Design State      : Synthesized
| Temperature Grade : E
--------------------------------------------------------------------------------------------------------------------------------------------------

Timing Summary Report

------------------------------------------------------------------------------------------------
| Timer Settings
| --------------
------------------------------------------------------------------------------------------------

  Enable Multi Corner Analysis               :  Yes
  Enable Pessimism Removal                   :  Yes
  Pessimism Removal Resolution               :  Nearest Common Node
  Enable Input Delay Default Clock           :  No
  Enable Preset / Clear Arcs                 :  No
  Disable Flight Delays                      :  No
  Ignore I/O Paths                           :  No
  Timing Early Launch at Borrowing Latches   :  No
  Borrow Time for Max Delay Exceptions       :  Yes
  Merge Timing Exceptions                    :  Yes
  Inter-SLR Compensation                     :  Conservative

  Corner  Analyze    Analyze    
  Name    Max Paths  Min Paths  
  ------  ---------  ---------  
  Slow    Yes        Yes        
  Fast    Yes        Yes        


------------------------------------------------------------------------------------------------
| Report Methodology
| ------------------
------------------------------------------------------------------------------------------------

No report available as report_methodology has not been run prior. Run report_methodology on the current design for the summary of methodology violations.



check_timing report

Table of Contents
-----------------
1. checking no_clock (8)
2. checking constant_clock (0)
3. checking pulse_width_clock (0)
4. checking unconstrained_internal_endpoints (0)
5. checking no_input_delay (0)
6. checking no_output_delay (0)
7. checking multiple_clock (0)
8. checking generated_clocks (0)
9. checking loops (0)
10. checking partial_input_delay (0)
11. checking partial_output_delay (0)
12. checking latch_loops (0)

1. checking no_clock (8)
------------------------
 There are 8 register/latch pins with no clock (HIGH)


2. checking constant_clock (0)
------------------------------
 There are 0 register/latch pins with constant_clock.


3. checking pulse_width_clock (0)
---------------------------------
 There are 0 register/latch pins which need pulse_width check


4. checking unconstrained_internal_endpoints (0)
------------------------------------------------
 There are 0 pins that are not constrained for maximum delay.

 There are 0 pins that are not constrained for maximum delay due to constant clock.


5. checking no_input_delay (0)
------------------------------
 There are 0 input ports with no input delay specified.

 There are 0 input ports with no input delay but user has a false path constraint.


6. checking no_output_delay (0)
-------------------------------
 There are 0 ports with no output delay specified.

 There are 0 ports with no output delay but user has a false path constraint

 There are 0 ports with no output delay but with a timing clock defined on it or propagating through it


7. checking multiple_clock (0)
------------------------------
 There are 0 register/latch pins with multiple clocks.


8. checking generated_clocks (0)
--------------------------------
 There are 0 generated clocks that are not connected to a clock source.


9. checking loops (0)
---------------------
 There are 0 combinational loops in the design.


10. checking partial_input_delay (0)
------------------------------------
 There are 0 input ports with partial input delay specified.


11. checking partial_output_delay (0)
-------------------------------------
 There are 0 ports with partial output delay specified.


12. checking latch_loops (0)
----------------------------
 There are 0 combinational latch loops in the design through latch input



------------------------------------------------------------------------------------------------
| Design Timing Summary
| ---------------------
------------------------------------------------------------------------------------------------

    WNS(ns)      TNS(ns)  TNS Failing Endpoints  TNS Total Endpoints      WHS(ns)      THS(ns)  THS Failing Endpoints  THS Total Endpoints     WPWS(ns)     TPWS(ns)  TPWS Failing Endpoints  TPWS Total Endpoints  
    -------      -------  ---------------------  -------------------      -------      -------  ---------------------  -------------------     --------     --------  ----------------------  --------------------  
      1.370        0.000                      0                26551       -0.104     -635.582                  12022                26551        3.500        0.000                       0                 10799  


Timing constraints are not met.


------------------------------------------------------------------------------------------------
| Clock Summary
| -------------
------------------------------------------------------------------------------------------------

Clock     Waveform(ns)       Period(ns)      Frequency(MHz)
-----     ------------       ----------      --------------
clk_pl_0  {0.000 5.000}      10.000          100.000         


------------------------------------------------------------------------------------------------
| Intra Clock Table
| -----------------
------------------------------------------------------------------------------------------------

Clock             WNS(ns)      TNS(ns)  TNS Failing Endpoints  TNS Total Endpoints      WHS(ns)      THS(ns)  THS Failing Endpoints  THS Total Endpoints     WPWS(ns)     TPWS(ns)  TPWS Failing Endpoints  TPWS Total Endpoints  
-----             -------      -------  ---------------------  -------------------      -------      -------  ---------------------  -------------------     --------     --------  ----------------------  --------------------  
clk_pl_0            1.370        0.000                      0                26455       -0.104     -635.582                  12022                26455        3.500        0.000                       0                 10799  


------------------------------------------------------------------------------------------------
| Inter Clock Table
| -----------------
------------------------------------------------------------------------------------------------

From Clock    To Clock          WNS(ns)      TNS(ns)  TNS Failing Endpoints  TNS Total Endpoints      WHS(ns)      THS(ns)  THS Failing Endpoints  THS Total Endpoints  
----------    --------          -------      -------  ---------------------  -------------------      -------      -------  ---------------------  -------------------  


------------------------------------------------------------------------------------------------
| Other Path Groups Table
| -----------------------
------------------------------------------------------------------------------------------------

Path Group         From Clock         To Clock               WNS(ns)      TNS(ns)  TNS Failing Endpoints  TNS Total Endpoints      WHS(ns)      THS(ns)  THS Failing Endpoints  THS Total Endpoints  
----------         ----------         --------               -------      -------  ---------------------  -------------------      -------      -------  ---------------------  -------------------  
**async_default**  clk_pl_0           clk_pl_0                 9.155        0.000                      0                   96        0.094        0.000                      0                   96  


------------------------------------------------------------------------------------------------
| Timing Details
| --------------
------------------------------------------------------------------------------------------------


---------------------------------------------------------------------------------------------------
From Clock:  clk_pl_0
  To Clock:  clk_pl_0

Setup :            0  Failing Endpoints,  Worst Slack        1.370ns,  Total Violation        0.000ns
Hold  :        12022  Failing Endpoints,  Worst Slack       -0.104ns,  Total Violation     -635.582ns
PW    :            0  Failing Endpoints,  Worst Slack        3.500ns,  Total Violation        0.000ns
---------------------------------------------------------------------------------------------------


Max Delay Paths
--------------------------------------------------------------------------------------
Slack (MET) :             1.370ns  (required time - arrival time)
  Source:                 viterbi_axis_system_i/axi_dma_0/U0/I_PRMRY_DATAMOVER/GEN_MM2S_FULL.I_MM2S_FULL_WRAPPER/ENABLE_AXIS_SKID.I_MM2S_SKID_BUF/sig_data_reg_out_reg[1]/C
                            (rising edge-triggered cell FDRE clocked by clk_pl_0  {rise@0.000ns fall@5.000ns period=10.000ns})
  Destination:            viterbi_axis_system_i/viterbi_k7_axis_0/U0/u_core/tb_state_reg[1]/D
                            (rising edge-triggered cell FDRE clocked by clk_pl_0  {rise@0.000ns fall@5.000ns period=10.000ns})
  Path Group:             clk_pl_0
  Path Type:              Setup (Max at Slow Process Corner)
  Requirement:            10.000ns  (clk_pl_0 rise@10.000ns - clk_pl_0 rise@0.000ns)
  Data Path Delay:        8.380ns  (logic 2.725ns (32.518%)  route 5.655ns (67.482%))
  Logic Levels:           32  (CARRY8=10 LUT2=1 LUT3=4 LUT4=4 LUT5=3 LUT6=10)
  Clock Path Skew:        -0.145ns (DCD - SCD + CPR)
    Destination Clock Delay (DCD):    2.607ns = ( 12.607 - 10.000 ) 
    Source Clock Delay      (SCD):    2.792ns
    Clock Pessimism Removal (CPR):    0.040ns
  Clock Uncertainty:      0.130ns  ((TSJ^2 + DJ^2)^1/2) / 2 + PE
    Total System Jitter     (TSJ):    0.071ns
    Discrete Jitter          (DJ):    0.250ns
    Phase Error              (PE):    0.000ns

    Location             Delay type                Incr(ns)  Path(ns)    Netlist Resource(s)
  -------------------------------------------------------------------    -------------------
                         (clock clk_pl_0 rise edge)
                                                      0.000     0.000 r  
                         PS8                          0.000     0.000 r  viterbi_axis_system_i/zynq_ultra_ps_e_0/inst/PS8_i/PLCLK[0]
                         net (fo=1, unplaced)         0.180     0.180    viterbi_axis_system_i/zynq_ultra_ps_e_0/inst/pl_clk_unbuffered[0]
                         BUFG_PS (Prop_BUFG_PS_I_O)
                                                      0.028     0.208 r  viterbi_axis_system_i/zynq_ultra_ps_e_0/inst/buffer_pl_clk_0.PL_CLK_0_BUFG/O
                         net (fo=10799, unplaced)     2.584     2.792    viterbi_axis_system_i/axi_dma_0/U0/I_PRMRY_DATAMOVER/GEN_MM2S_FULL.I_MM2S_FULL_WRAPPER/ENABLE_AXIS_SKID.I_MM2S_SKID_BUF/m_axi_mm2s_aclk
                         FDRE                                         r  viterbi_axis_system_i/axi_dma_0/U0/I_PRMRY_DATAMOVER/GEN_MM2S_FULL.I_MM2S_FULL_WRAPPER/ENABLE_AXIS_SKID.I_MM2S_SKID_BUF/sig_data_reg_out_reg[1]/C
  -------------------------------------------------------------------    -------------------
                         FDRE (Prop_FDRE_C_Q)         0.077     2.869 f  viterbi_axis_system_i/axi_dma_0/U0/I_PRMRY_DATAMOVER/GEN_MM2S_FULL.I_MM2S_FULL_WRAPPER/ENABLE_AXIS_SKID.I_MM2S_SKID_BUF/sig_data_reg_out_reg[1]/Q
                         net (fo=777, unplaced)       0.223     3.092    viterbi_axis_system_i/viterbi_k7_axis_0/U0/u_core/s_axis_tdata[1]
                         LUT4 (Prop_LUT4_I1_O)        0.090     3.182 r  viterbi_axis_system_i/viterbi_k7_axis_0/U0/u_core/survivor_mem_reg_uram_0_i_1168/O
                         net (fo=33, unplaced)        0.200     3.382    viterbi_axis_system_i/viterbi_k7_axis_0/U0/u_core/survivor_mem_reg_uram_0_i_1168_n_0
                         LUT5 (Prop_LUT5_I1_O)        0.088     3.470 r  viterbi_axis_system_i/viterbi_k7_axis_0/U0/u_core/path_metric[33][7]_i_7/O
                         net (fo=1, unplaced)         0.028     3.498    viterbi_axis_system_i/viterbi_k7_axis_0/U0/u_core/path_metric[33][7]_i_7_n_0
                         CARRY8 (Prop_CARRY8_S[2]_CO[7])
                                                      0.168     3.666 r  viterbi_axis_system_i/viterbi_k7_axis_0/U0/u_core/path_metric_reg[33][7]_i_2/CO[7]
                         net (fo=1, unplaced)         0.005     3.671    viterbi_axis_system_i/viterbi_k7_axis_0/U0/u_core/path_metric_reg[33][7]_i_2_n_0
                         CARRY8 (Prop_CARRY8_CI_O[2])
                                                      0.067     3.738 f  viterbi_axis_system_i/viterbi_k7_axis_0/U0/u_core/path_metric_reg[33][12]_i_2/O[2]
                         net (fo=3, unplaced)         0.192     3.930    viterbi_axis_system_i/viterbi_k7_axis_0/U0/u_core/path_metric_reg[33][12]_i_2_n_13
                         LUT4 (Prop_LUT4_I3_O)        0.074     4.004 r  viterbi_axis_system_i/viterbi_k7_axis_0/U0/u_core/survivor_mem_reg_uram_0_i_625/O
                         net (fo=1, unplaced)         0.238     4.242    viterbi_axis_system_i/viterbi_k7_axis_0/U0/u_core/survivor_mem_reg_uram_0_i_625_n_0
                         CARRY8 (Prop_CARRY8_DI[5]_CO[7])
                                                      0.097     4.339 r  viterbi_axis_system_i/viterbi_k7_axis_0/U0/u_core/survivor_mem_reg_uram_0_i_102/CO[7]
                         net (fo=28, unplaced)        0.172     4.511    viterbi_axis_system_i/viterbi_k7_axis_0/U0/u_core/survivor_mem_reg_uram_0_i_102_n_0
                         LUT3 (Prop_LUT3_I1_O)        0.070     4.581 f  viterbi_axis_system_i/viterbi_k7_axis_0/U0/u_core/tb_state[1]_i_448/O
                         net (fo=4, unplaced)         0.198     4.779    viterbi_axis_system_i/viterbi_k7_axis_0/U0/u_core/tb_state[1]_i_448_n_0
                         LUT6 (Prop_LUT6_I5_O)        0.038     4.817 r  viterbi_axis_system_i/viterbi_k7_axis_0/U0/u_core/tb_state[0]_i_231/O
                         net (fo=1, unplaced)         0.233     5.050    viterbi_axis_system_i/viterbi_k7_axis_0/U0/u_core/tb_state[0]_i_231_n_0
                         CARRY8 (Prop_CARRY8_DI[0]_CO[7])
                                                      0.140     5.190 r  viterbi_axis_system_i/viterbi_k7_axis_0/U0/u_core/tb_state_reg[0]_i_34/CO[7]
                         net (fo=1, unplaced)         0.005     5.195    viterbi_axis_system_i/viterbi_k7_axis_0/U0/u_core/tb_state_reg[0]_i_34_n_0
                         CARRY8 (Prop_CARRY8_CI_O[0])
                                                      0.056     5.251 r  viterbi_axis_system_i/viterbi_k7_axis_0/U0/u_core/tb_state_reg[0]_i_10/O[0]
                         net (fo=33, unplaced)        0.246     5.497    viterbi_axis_system_i/viterbi_k7_axis_0/U0/u_core/tb_state_reg[0]_i_10_n_15
                         LUT5 (Prop_LUT5_I3_O)        0.070     5.567 f  viterbi_axis_system_i/viterbi_k7_axis_0/U0/u_core/tb_state[1]_i_472/O
                         net (fo=4, unplaced)         0.198     5.765    viterbi_axis_system_i/viterbi_k7_axis_0/U0/u_core/tb_state[1]_i_472_n_0
                         LUT6 (Prop_LUT6_I2_O)        0.038     5.803 f  viterbi_axis_system_i/viterbi_k7_axis_0/U0/u_core/tb_state[1]_i_152/O
                         net (fo=1, unplaced)         0.233     6.036    viterbi_axis_system_i/viterbi_k7_axis_0/U0/u_core/tb_state[1]_i_152_n_0
                         CARRY8 (Prop_CARRY8_DI[0]_CO[7])
                                                      0.140     6.176 f  viterbi_axis_system_i/viterbi_k7_axis_0/U0/u_core/tb_state_reg[1]_i_37/CO[7]
                         net (fo=19, unplaced)        0.163     6.339    viterbi_axis_system_i/viterbi_k7_axis_0/U0/u_core/tb_state_reg[1]_i_37_n_0
                         LUT3 (Prop_LUT3_I0_O)        0.100     6.439 r  viterbi_axis_system_i/viterbi_k7_axis_0/U0/u_core/tb_state[1]_i_7/O
                         net (fo=17, unplaced)        0.231     6.670    viterbi_axis_system_i/viterbi_k7_axis_0/U0/u_core/tb_state[1]_i_7_n_0
                         LUT6 (Prop_LUT6_I2_O)        0.038     6.708 r  viterbi_axis_system_i/viterbi_k7_axis_0/U0/u_core/tb_state[1]_i_133/O
                         net (fo=3, unplaced)         0.147     6.855    viterbi_axis_system_i/viterbi_k7_axis_0/U0/u_core/tb_state[1]_i_133_n_0
                         LUT4 (Prop_LUT4_I0_O)        0.139     6.994 r  viterbi_axis_system_i/viterbi_k7_axis_0/U0/u_core/tb_state[1]_i_28/O
                         net (fo=1, unplaced)         0.260     7.254    viterbi_axis_system_i/viterbi_k7_axis_0/U0/u_core/tb_state[1]_i_28_n_0
                         CARRY8 (Prop_CARRY8_DI[0]_CO[7])
                                                      0.140     7.394 r  viterbi_axis_system_i/viterbi_k7_axis_0/U0/u_core/tb_state_reg[1]_i_6/CO[7]
                         net (fo=36, unplaced)        0.178     7.572    viterbi_axis_system_i/viterbi_k7_axis_0/U0/u_core/tb_state_reg[1]_i_6_n_0
                         LUT3 (Prop_LUT3_I1_O)        0.070     7.642 r  viterbi_axis_system_i/viterbi_k7_axis_0/U0/u_core/tb_state[5]_i_277/O
                         net (fo=5, unplaced)         0.204     7.846    viterbi_axis_system_i/viterbi_k7_axis_0/U0/u_core/tb_state[5]_i_277_n_0
                         LUT6 (Prop_LUT6_I5_O)        0.038     7.884 r  viterbi_axis_system_i/viterbi_k7_axis_0/U0/u_core/tb_state[3]_i_199/O
                         net (fo=1, unplaced)         0.186     8.070    viterbi_axis_system_i/viterbi_k7_axis_0/U0/u_core/tb_state[3]_i_199_n_0
                         LUT3 (Prop_LUT3_I0_O)        0.037     8.107 r  viterbi_axis_system_i/viterbi_k7_axis_0/U0/u_core/tb_state[3]_i_79/O
                         net (fo=1, unplaced)         0.023     8.130    viterbi_axis_system_i/viterbi_k7_axis_0/U0/u_core/tb_state[3]_i_79_n_0
                         CARRY8 (Prop_CARRY8_S[1]_CO[7])
                                                      0.197     8.327 r  viterbi_axis_system_i/viterbi_k7_axis_0/U0/u_core/tb_state_reg[3]_i_10/CO[7]
                         net (fo=51, unplaced)        0.186     8.513    viterbi_axis_system_i/viterbi_k7_axis_0/U0/u_core/tb_state_reg[3]_i_10_n_0
                         LUT6 (Prop_LUT6_I3_O)        0.053     8.566 f  viterbi_axis_system_i/viterbi_k7_axis_0/U0/u_core/tb_state[5]_i_89/O
                         net (fo=3, unplaced)         0.147     8.713    viterbi_axis_system_i/viterbi_k7_axis_0/U0/u_core/tb_state[5]_i_89_n_0
                         LUT4 (Prop_LUT4_I0_O)        0.139     8.852 r  viterbi_axis_system_i/viterbi_k7_axis_0/U0/u_core/tb_state[4]_i_11/O
                         net (fo=1, unplaced)         0.260     9.112    viterbi_axis_system_i/viterbi_k7_axis_0/U0/u_core/tb_state[4]_i_11_n_0
                         CARRY8 (Prop_CARRY8_DI[0]_CO[7])
                                                      0.140     9.252 r  viterbi_axis_system_i/viterbi_k7_axis_0/U0/u_core/tb_state_reg[4]_i_2/CO[7]
                         net (fo=40, unplaced)        0.180     9.432    viterbi_axis_system_i/viterbi_k7_axis_0/U0/u_core/tb_state_reg[4]_i_2_n_0
                         LUT6 (Prop_LUT6_I3_O)        0.038     9.470 f  viterbi_axis_system_i/viterbi_k7_axis_0/U0/u_core/tb_state[5]_i_63/O
                         net (fo=1, unplaced)         0.137     9.607    viterbi_axis_system_i/viterbi_k7_axis_0/U0/u_core/tb_state[5]_i_63_n_0
                         LUT6 (Prop_LUT6_I1_O)        0.053     9.660 f  viterbi_axis_system_i/viterbi_k7_axis_0/U0/u_core/tb_state[5]_i_14/O
                         net (fo=1, unplaced)         0.233     9.893    viterbi_axis_system_i/viterbi_k7_axis_0/U0/u_core/tb_state[5]_i_14_n_0
                         CARRY8 (Prop_CARRY8_DI[0]_CO[7])
                                                      0.140    10.033 f  viterbi_axis_system_i/viterbi_k7_axis_0/U0/u_core/tb_state_reg[5]_i_5/CO[7]
                         net (fo=14, unplaced)        0.157    10.190    viterbi_axis_system_i/viterbi_k7_axis_0/U0/u_core/tb_state_reg[5]_i_5_n_0
                         LUT2 (Prop_LUT2_I0_O)        0.038    10.228 f  viterbi_axis_system_i/viterbi_k7_axis_0/U0/u_core/tb_state[1]_i_198/O
                         net (fo=1, unplaced)         0.186    10.414    viterbi_axis_system_i/viterbi_k7_axis_0/U0/u_core/tb_state[1]_i_198_n_0
                         LUT6 (Prop_LUT6_I5_O)        0.038    10.452 f  viterbi_axis_system_i/viterbi_k7_axis_0/U0/u_core/tb_state[1]_i_41/O
                         net (fo=1, unplaced)         0.186    10.638    viterbi_axis_system_i/viterbi_k7_axis_0/U0/u_core/tb_state[1]_i_41_n_0
                         LUT6 (Prop_LUT6_I1_O)        0.038    10.676 r  viterbi_axis_system_i/viterbi_k7_axis_0/U0/u_core/tb_state[1]_i_8/O
                         net (fo=1, unplaced)         0.186    10.862    viterbi_axis_system_i/viterbi_k7_axis_0/U0/u_core/tb_state[1]_i_8_n_0
                         LUT6 (Prop_LUT6_I0_O)        0.038    10.900 r  viterbi_axis_system_i/viterbi_k7_axis_0/U0/u_core/tb_state[1]_i_3/O
                         net (fo=1, unplaced)         0.186    11.086    viterbi_axis_system_i/viterbi_k7_axis_0/U0/u_core/tb_state[1]_i_3_n_0
                         LUT5 (Prop_LUT5_I4_O)        0.038    11.124 r  viterbi_axis_system_i/viterbi_k7_axis_0/U0/u_core/tb_state[1]_i_1/O
                         net (fo=1, unplaced)         0.048    11.172    viterbi_axis_system_i/viterbi_k7_axis_0/U0/u_core/tb_state[1]_i_1_n_0
                         FDRE                                         r  viterbi_axis_system_i/viterbi_k7_axis_0/U0/u_core/tb_state_reg[1]/D
  -------------------------------------------------------------------    -------------------

                         (clock clk_pl_0 rise edge)
                                                     10.000    10.000 r  
                         PS8                          0.000    10.000 r  viterbi_axis_system_i/zynq_ultra_ps_e_0/inst/PS8_i/PLCLK[0]
                         net (fo=1, unplaced)         0.143    10.143    viterbi_axis_system_i/zynq_ultra_ps_e_0/inst/pl_clk_unbuffered[0]
                         BUFG_PS (Prop_BUFG_PS_I_O)
                                                      0.025    10.168 r  viterbi_axis_system_i/zynq_ultra_ps_e_0/inst/buffer_pl_clk_0.PL_CLK_0_BUFG/O
                         net (fo=10799, unplaced)     2.439    12.607    viterbi_axis_system_i/viterbi_k7_axis_0/U0/u_core/clk
                         FDRE                                         r  viterbi_axis_system_i/viterbi_k7_axis_0/U0/u_core/tb_state_reg[1]/C
                         clock pessimism              0.040    12.647    
                         clock uncertainty           -0.130    12.517    
                         FDRE (Setup_FDRE_C_D)        0.025    12.542    viterbi_axis_system_i/viterbi_k7_axis_0/U0/u_core/tb_state_reg[1]
  -------------------------------------------------------------------
                         required time                         12.542    
                         arrival time                         -11.172    
  -------------------------------------------------------------------
                         slack                                  1.370    





Min Delay Paths
--------------------------------------------------------------------------------------
Slack (VIOLATED) :        -0.104ns  (arrival time - required time)
  Source:                 viterbi_axis_system_wrapper/viterbi_axis_system/viterbi_axis_system_ps8_0_axi_periph_0/s00_couplers_imp_1CB2IO0/viterbi_axis_system_ps8_0_axi_periph_imp_auto_ds_0/viterbi_axis_system_ps8_0_axi_periph_imp_auto_ds_0_axi_dwidth_converter_v2_1_37_top/viterbi_axis_system_ps8_0_axi_periph_imp_auto_ds_0_axi_dwidth_converter_v2_1_37_axi_downsizer/viterbi_axis_system_ps8_0_axi_periph_imp_auto_ds_0_axi_dwidth_converter_v2_1_37_a_downsizer/viterbi_axis_system_ps8_0_axi_periph_imp_auto_ds_0_axi_data_fifo_v2_1_36_axic_fifo/viterbi_axis_system_ps8_0_axi_periph_imp_auto_ds_0_axi_data_fifo_v2_1_36_fifo_gen/<hidden>/<hidden>/<hidden>/<hidden>/<hidden>/<hidden>
                            (rising edge-triggered cell FDCE clocked by clk_pl_0  {rise@0.000ns fall@5.000ns period=10.000ns})
  Destination:            viterbi_axis_system_wrapper/viterbi_axis_system/viterbi_axis_system_ps8_0_axi_periph_0/s00_couplers_imp_1CB2IO0/viterbi_axis_system_ps8_0_axi_periph_imp_auto_ds_0/viterbi_axis_system_ps8_0_axi_periph_imp_auto_ds_0_axi_dwidth_converter_v2_1_37_top/viterbi_axis_system_ps8_0_axi_periph_imp_auto_ds_0_axi_dwidth_converter_v2_1_37_axi_downsizer/viterbi_axis_system_ps8_0_axi_periph_imp_auto_ds_0_axi_dwidth_converter_v2_1_37_a_downsizer/viterbi_axis_system_ps8_0_axi_periph_imp_auto_ds_0_axi_data_fifo_v2_1_36_axic_fifo/viterbi_axis_system_ps8_0_axi_periph_imp_auto_ds_0_axi_data_fifo_v2_1_36_fifo_gen/<hidden>/<hidden>/<hidden>/<hidden>/<hidden>/<hidden>/<hidden>
                            (rising edge-triggered cell RAMD32 clocked by clk_pl_0  {rise@0.000ns fall@5.000ns period=10.000ns})
  Path Group:             clk_pl_0
  Path Type:              Hold (Min at Fast Process Corner)
  Requirement:            0.000ns  (clk_pl_0 rise@0.000ns - clk_pl_0 rise@0.000ns)
  Data Path Delay:        0.103ns  (logic 0.038ns (36.893%)  route 0.065ns (63.107%))
  Logic Levels:           0  
  Clock Path Skew:        0.145ns (DCD - SCD - CPR)
    Destination Clock Delay (DCD):    1.431ns
    Source Clock Delay      (SCD):    1.253ns
    Clock Pessimism Removal (CPR):    0.033ns

    Location             Delay type                Incr(ns)  Path(ns)    Netlist Resource(s)
  -------------------------------------------------------------------    -------------------
                         (clock clk_pl_0 rise edge)
                                                      0.000     0.000 r  
                         PS8                          0.000     0.000 r  viterbi_axis_system_i/zynq_ultra_ps_e_0/inst/PS8_i/PLCLK[0]
                         net (fo=1, unplaced)         0.122     0.122    viterbi_axis_system_i/zynq_ultra_ps_e_0/inst/pl_clk_unbuffered[0]
                         BUFG_PS (Prop_BUFG_PS_I_O)
                                                      0.017     0.139 r  viterbi_axis_system_i/zynq_ultra_ps_e_0/inst/buffer_pl_clk_0.PL_CLK_0_BUFG/O
                         net (fo=10799, unplaced)     1.114     1.253    viterbi_axis_system_wrapper/viterbi_axis_system/viterbi_axis_system_ps8_0_axi_periph_0/s00_couplers_imp_1CB2IO0/viterbi_axis_system_ps8_0_axi_periph_imp_auto_ds_0/viterbi_axis_system_ps8_0_axi_periph_imp_auto_ds_0_axi_dwidth_converter_v2_1_37_top/viterbi_axis_system_ps8_0_axi_periph_imp_auto_ds_0_axi_dwidth_converter_v2_1_37_axi_downsizer/viterbi_axis_system_ps8_0_axi_periph_imp_auto_ds_0_axi_dwidth_converter_v2_1_37_a_downsizer/viterbi_axis_system_ps8_0_axi_periph_imp_auto_ds_0_axi_data_fifo_v2_1_36_axic_fifo/viterbi_axis_system_ps8_0_axi_periph_imp_auto_ds_0_axi_data_fifo_v2_1_36_fifo_gen/<hidden>/<hidden>/<hidden>/<hidden>/<hidden>/<hidden>
                         FDCE                                         r  viterbi_axis_system_wrapper/viterbi_axis_system/viterbi_axis_system_ps8_0_axi_periph_0/s00_couplers_imp_1CB2IO0/viterbi_axis_system_ps8_0_axi_periph_imp_auto_ds_0/viterbi_axis_system_ps8_0_axi_periph_imp_auto_ds_0_axi_dwidth_converter_v2_1_37_top/viterbi_axis_system_ps8_0_axi_periph_imp_auto_ds_0_axi_dwidth_converter_v2_1_37_axi_downsizer/viterbi_axis_system_ps8_0_axi_periph_imp_auto_ds_0_axi_dwidth_converter_v2_1_37_a_downsizer/viterbi_axis_system_ps8_0_axi_periph_imp_auto_ds_0_axi_data_fifo_v2_1_36_axic_fifo/viterbi_axis_system_ps8_0_axi_periph_imp_auto_ds_0_axi_data_fifo_v2_1_36_fifo_gen/<hidden>/<hidden>/<hidden>/<hidden>/<hidden>/<hidden>
  -------------------------------------------------------------------    -------------------
                         FDCE (Prop_FDCE_C_Q)         0.038     1.291 r  viterbi_axis_system_wrapper/viterbi_axis_system/viterbi_axis_system_ps8_0_axi_periph_0/s00_couplers_imp_1CB2IO0/viterbi_axis_system_ps8_0_axi_periph_imp_auto_ds_0/viterbi_axis_system_ps8_0_axi_periph_imp_auto_ds_0_axi_dwidth_converter_v2_1_37_top/viterbi_axis_system_ps8_0_axi_periph_imp_auto_ds_0_axi_dwidth_converter_v2_1_37_axi_downsizer/viterbi_axis_system_ps8_0_axi_periph_imp_auto_ds_0_axi_dwidth_converter_v2_1_37_a_downsizer/viterbi_axis_system_ps8_0_axi_periph_imp_auto_ds_0_axi_data_fifo_v2_1_36_axic_fifo/viterbi_axis_system_ps8_0_axi_periph_imp_auto_ds_0_axi_data_fifo_v2_1_36_fifo_gen/<hidden>/<hidden>/<hidden>/<hidden>/<hidden>/<hidden>
                         net (fo=10, unplaced)        0.065     1.356    viterbi_axis_system_wrapper/viterbi_axis_system/viterbi_axis_system_ps8_0_axi_periph_0/s00_couplers_imp_1CB2IO0/viterbi_axis_system_ps8_0_axi_periph_imp_auto_ds_0/viterbi_axis_system_ps8_0_axi_periph_imp_auto_ds_0_axi_dwidth_converter_v2_1_37_top/viterbi_axis_system_ps8_0_axi_periph_imp_auto_ds_0_axi_dwidth_converter_v2_1_37_axi_downsizer/viterbi_axis_system_ps8_0_axi_periph_imp_auto_ds_0_axi_dwidth_converter_v2_1_37_a_downsizer/viterbi_axis_system_ps8_0_axi_periph_imp_auto_ds_0_axi_data_fifo_v2_1_36_axic_fifo/viterbi_axis_system_ps8_0_axi_periph_imp_auto_ds_0_axi_data_fifo_v2_1_36_fifo_gen/<hidden>/<hidden>/<hidden>/<hidden>/<hidden>/<hidden>/<hidden>
                         RAMD32                                       r  viterbi_axis_system_wrapper/viterbi_axis_system/viterbi_axis_system_ps8_0_axi_periph_0/s00_couplers_imp_1CB2IO0/viterbi_axis_system_ps8_0_axi_periph_imp_auto_ds_0/viterbi_axis_system_ps8_0_axi_periph_imp_auto_ds_0_axi_dwidth_converter_v2_1_37_top/viterbi_axis_system_ps8_0_axi_periph_imp_auto_ds_0_axi_dwidth_converter_v2_1_37_axi_downsizer/viterbi_axis_system_ps8_0_axi_periph_imp_auto_ds_0_axi_dwidth_converter_v2_1_37_a_downsizer/viterbi_axis_system_ps8_0_axi_periph_imp_auto_ds_0_axi_data_fifo_v2_1_36_axic_fifo/viterbi_axis_system_ps8_0_axi_periph_imp_auto_ds_0_axi_data_fifo_v2_1_36_fifo_gen/<hidden>/<hidden>/<hidden>/<hidden>/<hidden>/<hidden>/<hidden>
  -------------------------------------------------------------------    -------------------

                         (clock clk_pl_0 rise edge)
                                                      0.000     0.000 r  
                         PS8                          0.000     0.000 r  viterbi_axis_system_i/zynq_ultra_ps_e_0/inst/PS8_i/PLCLK[0]
                         net (fo=1, unplaced)         0.154     0.154    viterbi_axis_system_i/zynq_ultra_ps_e_0/inst/pl_clk_unbuffered[0]
                         BUFG_PS (Prop_BUFG_PS_I_O)
                                                      0.018     0.172 r  viterbi_axis_system_i/zynq_ultra_ps_e_0/inst/buffer_pl_clk_0.PL_CLK_0_BUFG/O
                         net (fo=10799, unplaced)     1.259     1.431    viterbi_axis_system_wrapper/viterbi_axis_system/viterbi_axis_system_ps8_0_axi_periph_0/s00_couplers_imp_1CB2IO0/viterbi_axis_system_ps8_0_axi_periph_imp_auto_ds_0/viterbi_axis_system_ps8_0_axi_periph_imp_auto_ds_0_axi_dwidth_converter_v2_1_37_top/viterbi_axis_system_ps8_0_axi_periph_imp_auto_ds_0_axi_dwidth_converter_v2_1_37_axi_downsizer/viterbi_axis_system_ps8_0_axi_periph_imp_auto_ds_0_axi_dwidth_converter_v2_1_37_a_downsizer/viterbi_axis_system_ps8_0_axi_periph_imp_auto_ds_0_axi_data_fifo_v2_1_36_axic_fifo/viterbi_axis_system_ps8_0_axi_periph_imp_auto_ds_0_axi_data_fifo_v2_1_36_fifo_gen/<hidden>/<hidden>/<hidden>/<hidden>/<hidden>/<hidden>/<hidden>
                         RAMD32                                       r  viterbi_axis_system_wrapper/viterbi_axis_system/viterbi_axis_system_ps8_0_axi_periph_0/s00_couplers_imp_1CB2IO0/viterbi_axis_system_ps8_0_axi_periph_imp_auto_ds_0/viterbi_axis_system_ps8_0_axi_periph_imp_auto_ds_0_axi_dwidth_converter_v2_1_37_top/viterbi_axis_system_ps8_0_axi_periph_imp_auto_ds_0_axi_dwidth_converter_v2_1_37_axi_downsizer/viterbi_axis_system_ps8_0_axi_periph_imp_auto_ds_0_axi_dwidth_converter_v2_1_37_a_downsizer/viterbi_axis_system_ps8_0_axi_periph_imp_auto_ds_0_axi_data_fifo_v2_1_36_axic_fifo/viterbi_axis_system_ps8_0_axi_periph_imp_auto_ds_0_axi_data_fifo_v2_1_36_fifo_gen/<hidden>/<hidden>/<hidden>/<hidden>/<hidden>/<hidden>/<hidden>
                         clock pessimism             -0.033     1.398    
                         RAMD32 (Hold_RAMD32_CLK_WADR2)
                                                      0.062     1.460    viterbi_axis_system_wrapper/viterbi_axis_system/viterbi_axis_system_ps8_0_axi_periph_0/s00_couplers_imp_1CB2IO0/viterbi_axis_system_ps8_0_axi_periph_imp_auto_ds_0/viterbi_axis_system_ps8_0_axi_periph_imp_auto_ds_0_axi_dwidth_converter_v2_1_37_top/viterbi_axis_system_ps8_0_axi_periph_imp_auto_ds_0_axi_dwidth_converter_v2_1_37_axi_downsizer/viterbi_axis_system_ps8_0_axi_periph_imp_auto_ds_0_axi_dwidth_converter_v2_1_37_a_downsizer/viterbi_axis_system_ps8_0_axi_periph_imp_auto_ds_0_axi_data_fifo_v2_1_36_axic_fifo/viterbi_axis_system_ps8_0_axi_periph_imp_auto_ds_0_axi_data_fifo_v2_1_36_fifo_gen/<hidden>/<hidden>/<hidden>/<hidden>/<hidden>/<hidden>/<hidden>
  -------------------------------------------------------------------
                         required time                         -1.460    
                         arrival time                           1.356    
  -------------------------------------------------------------------
                         slack                                 -0.104    





Pulse Width Checks
--------------------------------------------------------------------------------------
Clock Name:         clk_pl_0
Waveform(ns):       { 0.000 5.000 }
Period(ns):         10.000
Sources:            { viterbi_axis_system_i/zynq_ultra_ps_e_0/inst/PS8_i/PLCLK[0] }

Check Type        Corner  Lib Pin          Reference Pin  Required(ns)  Actual(ns)  Slack(ns)  Location  Pin
Min Period        n/a     PS8/MAXIGP0ACLK  n/a            3.000         10.000      7.000                viterbi_axis_system_i/zynq_ultra_ps_e_0/inst/PS8_i/MAXIGP0ACLK
Low Pulse Width   Slow    PS8/MAXIGP0ACLK  n/a            1.500         5.000       3.500                viterbi_axis_system_i/zynq_ultra_ps_e_0/inst/PS8_i/MAXIGP0ACLK
High Pulse Width  Slow    PS8/MAXIGP0ACLK  n/a            1.500         5.000       3.500                viterbi_axis_system_i/zynq_ultra_ps_e_0/inst/PS8_i/MAXIGP0ACLK



---------------------------------------------------------------------------------------------------
Path Group:  **async_default**
From Clock:  clk_pl_0
  To Clock:  clk_pl_0

Setup :            0  Failing Endpoints,  Worst Slack        9.155ns,  Total Violation        0.000ns
Hold  :            0  Failing Endpoints,  Worst Slack        0.094ns,  Total Violation        0.000ns
---------------------------------------------------------------------------------------------------


Max Delay Paths
--------------------------------------------------------------------------------------
Slack (MET) :             9.155ns  (required time - arrival time)
  Source:                 viterbi_axis_system_wrapper/viterbi_axis_system/viterbi_axis_system_ps8_0_axi_periph_0/s00_couplers_imp_1CB2IO0/viterbi_axis_system_ps8_0_axi_periph_imp_auto_ds_0/viterbi_axis_system_ps8_0_axi_periph_imp_auto_ds_0_axi_dwidth_converter_v2_1_37_top/viterbi_axis_system_ps8_0_axi_periph_imp_auto_ds_0_axi_dwidth_converter_v2_1_37_axi_downsizer/viterbi_axis_system_ps8_0_axi_periph_imp_auto_ds_0_axi_dwidth_converter_v2_1_37_a_downsizer__parameterized0/viterbi_axis_system_ps8_0_axi_periph_imp_auto_ds_0_axi_data_fifo_v2_1_36_axic_fifo__parameterized0_8/viterbi_axis_system_ps8_0_axi_periph_imp_auto_ds_0_axi_data_fifo_v2_1_36_fifo_gen__parameterized0_9/<hidden>/<hidden>/<hidden>/<hidden>/<hidden>/<hidden>
                            (rising edge-triggered cell FDPE clocked by clk_pl_0  {rise@0.000ns fall@5.000ns period=10.000ns})
  Destination:            viterbi_axis_system_wrapper/viterbi_axis_system/viterbi_axis_system_ps8_0_axi_periph_0/s00_couplers_imp_1CB2IO0/viterbi_axis_system_ps8_0_axi_periph_imp_auto_ds_0/viterbi_axis_system_ps8_0_axi_periph_imp_auto_ds_0_axi_dwidth_converter_v2_1_37_top/viterbi_axis_system_ps8_0_axi_periph_imp_auto_ds_0_axi_dwidth_converter_v2_1_37_axi_downsizer/viterbi_axis_system_ps8_0_axi_periph_imp_auto_ds_0_axi_dwidth_converter_v2_1_37_a_downsizer__parameterized0/viterbi_axis_system_ps8_0_axi_periph_imp_auto_ds_0_axi_data_fifo_v2_1_36_axic_fifo__parameterized0_8/viterbi_axis_system_ps8_0_axi_periph_imp_auto_ds_0_axi_data_fifo_v2_1_36_fifo_gen__parameterized0_9/<hidden>/<hidden>/<hidden>/<hidden>/<hidden>/<hidden>
                            (recovery check against rising-edge clock clk_pl_0  {rise@0.000ns fall@5.000ns period=10.000ns})
  Path Group:             **async_default**
  Path Type:              Recovery (Max at Slow Process Corner)
  Requirement:            10.000ns  (clk_pl_0 rise@10.000ns - clk_pl_0 rise@0.000ns)
  Data Path Delay:        0.504ns  (logic 0.115ns (22.817%)  route 0.389ns (77.183%))
  Logic Levels:           1  (LUT3=1)
  Clock Path Skew:        -0.145ns (DCD - SCD + CPR)
    Destination Clock Delay (DCD):    2.607ns = ( 12.607 - 10.000 ) 
    Source Clock Delay      (SCD):    2.792ns
    Clock Pessimism Removal (CPR):    0.040ns
  Clock Uncertainty:      0.130ns  ((TSJ^2 + DJ^2)^1/2) / 2 + PE
    Total System Jitter     (TSJ):    0.071ns
    Discrete Jitter          (DJ):    0.250ns
    Phase Error              (PE):    0.000ns

    Location             Delay type                Incr(ns)  Path(ns)    Netlist Resource(s)
  -------------------------------------------------------------------    -------------------
                         (clock clk_pl_0 rise edge)
                                                      0.000     0.000 r  
                         PS8                          0.000     0.000 r  viterbi_axis_system_i/zynq_ultra_ps_e_0/inst/PS8_i/PLCLK[0]
                         net (fo=1, unplaced)         0.180     0.180    viterbi_axis_system_i/zynq_ultra_ps_e_0/inst/pl_clk_unbuffered[0]
                         BUFG_PS (Prop_BUFG_PS_I_O)
                                                      0.028     0.208 r  viterbi_axis_system_i/zynq_ultra_ps_e_0/inst/buffer_pl_clk_0.PL_CLK_0_BUFG/O
                         net (fo=10799, unplaced)     2.584     2.792    viterbi_axis_system_wrapper/viterbi_axis_system/viterbi_axis_system_ps8_0_axi_periph_0/s00_couplers_imp_1CB2IO0/viterbi_axis_system_ps8_0_axi_periph_imp_auto_ds_0/viterbi_axis_system_ps8_0_axi_periph_imp_auto_ds_0_axi_dwidth_converter_v2_1_37_top/viterbi_axis_system_ps8_0_axi_periph_imp_auto_ds_0_axi_dwidth_converter_v2_1_37_axi_downsizer/viterbi_axis_system_ps8_0_axi_periph_imp_auto_ds_0_axi_dwidth_converter_v2_1_37_a_downsizer__parameterized0/viterbi_axis_system_ps8_0_axi_periph_imp_auto_ds_0_axi_data_fifo_v2_1_36_axic_fifo__parameterized0_8/viterbi_axis_system_ps8_0_axi_periph_imp_auto_ds_0_axi_data_fifo_v2_1_36_fifo_gen__parameterized0_9/<hidden>/<hidden>/<hidden>/<hidden>/<hidden>/<hidden>
                         FDPE                                         r  viterbi_axis_system_wrapper/viterbi_axis_system/viterbi_axis_system_ps8_0_axi_periph_0/s00_couplers_imp_1CB2IO0/viterbi_axis_system_ps8_0_axi_periph_imp_auto_ds_0/viterbi_axis_system_ps8_0_axi_periph_imp_auto_ds_0_axi_dwidth_converter_v2_1_37_top/viterbi_axis_system_ps8_0_axi_periph_imp_auto_ds_0_axi_dwidth_converter_v2_1_37_axi_downsizer/viterbi_axis_system_ps8_0_axi_periph_imp_auto_ds_0_axi_dwidth_converter_v2_1_37_a_downsizer__parameterized0/viterbi_axis_system_ps8_0_axi_periph_imp_auto_ds_0_axi_data_fifo_v2_1_36_axic_fifo__parameterized0_8/viterbi_axis_system_ps8_0_axi_periph_imp_auto_ds_0_axi_data_fifo_v2_1_36_fifo_gen__parameterized0_9/<hidden>/<hidden>/<hidden>/<hidden>/<hidden>/<hidden>
  -------------------------------------------------------------------    -------------------
                         FDPE (Prop_FDPE_C_Q)         0.077     2.869 f  viterbi_axis_system_wrapper/viterbi_axis_system/viterbi_axis_system_ps8_0_axi_periph_0/s00_couplers_imp_1CB2IO0/viterbi_axis_system_ps8_0_axi_periph_imp_auto_ds_0/viterbi_axis_system_ps8_0_axi_periph_imp_auto_ds_0_axi_dwidth_converter_v2_1_37_top/viterbi_axis_system_ps8_0_axi_periph_imp_auto_ds_0_axi_dwidth_converter_v2_1_37_axi_downsizer/viterbi_axis_system_ps8_0_axi_periph_imp_auto_ds_0_axi_dwidth_converter_v2_1_37_a_downsizer__parameterized0/viterbi_axis_system_ps8_0_axi_periph_imp_auto_ds_0_axi_data_fifo_v2_1_36_axic_fifo__parameterized0_8/viterbi_axis_system_ps8_0_axi_periph_imp_auto_ds_0_axi_data_fifo_v2_1_36_fifo_gen__parameterized0_9/<hidden>/<hidden>/<hidden>/<hidden>/<hidden>/<hidden>
                         net (fo=3, unplaced)         0.143     3.012    viterbi_axis_system_wrapper/viterbi_axis_system/viterbi_axis_system_ps8_0_axi_periph_0/s00_couplers_imp_1CB2IO0/viterbi_axis_system_ps8_0_axi_periph_imp_auto_ds_0/viterbi_axis_system_ps8_0_axi_periph_imp_auto_ds_0_axi_dwidth_converter_v2_1_37_top/viterbi_axis_system_ps8_0_axi_periph_imp_auto_ds_0_axi_dwidth_converter_v2_1_37_axi_downsizer/viterbi_axis_system_ps8_0_axi_periph_imp_auto_ds_0_axi_dwidth_converter_v2_1_37_a_downsizer__parameterized0/viterbi_axis_system_ps8_0_axi_periph_imp_auto_ds_0_axi_data_fifo_v2_1_36_axic_fifo__parameterized0_8/viterbi_axis_system_ps8_0_axi_periph_imp_auto_ds_0_axi_data_fifo_v2_1_36_fifo_gen__parameterized0_9/<hidden>/<hidden>/<hidden>/<hidden>/<hidden>
                         LUT3 (Prop_LUT3_I2_O)        0.038     3.050 f  viterbi_axis_system_wrapper/viterbi_axis_system/viterbi_axis_system_ps8_0_axi_periph_0/s00_couplers_imp_1CB2IO0/viterbi_axis_system_ps8_0_axi_periph_imp_auto_ds_0/viterbi_axis_system_ps8_0_axi_periph_imp_auto_ds_0_axi_dwidth_converter_v2_1_37_top/viterbi_axis_system_ps8_0_axi_periph_imp_auto_ds_0_axi_dwidth_converter_v2_1_37_axi_downsizer/viterbi_axis_system_ps8_0_axi_periph_imp_auto_ds_0_axi_dwidth_converter_v2_1_37_a_downsizer__parameterized0/viterbi_axis_system_ps8_0_axi_periph_imp_auto_ds_0_axi_data_fifo_v2_1_36_axic_fifo__parameterized0_8/viterbi_axis_system_ps8_0_axi_periph_imp_auto_ds_0_axi_data_fifo_v2_1_36_fifo_gen__parameterized0_9/<hidden>/<hidden>/<hidden>/<hidden>/<hidden>
                         net (fo=32, unplaced)        0.246     3.296    viterbi_axis_system_wrapper/viterbi_axis_system/viterbi_axis_system_ps8_0_axi_periph_0/s00_couplers_imp_1CB2IO0/viterbi_axis_system_ps8_0_axi_periph_imp_auto_ds_0/viterbi_axis_system_ps8_0_axi_periph_imp_auto_ds_0_axi_dwidth_converter_v2_1_37_top/viterbi_axis_system_ps8_0_axi_periph_imp_auto_ds_0_axi_dwidth_converter_v2_1_37_axi_downsizer/viterbi_axis_system_ps8_0_axi_periph_imp_auto_ds_0_axi_dwidth_converter_v2_1_37_a_downsizer__parameterized0/viterbi_axis_system_ps8_0_axi_periph_imp_auto_ds_0_axi_data_fifo_v2_1_36_axic_fifo__parameterized0_8/viterbi_axis_system_ps8_0_axi_periph_imp_auto_ds_0_axi_data_fifo_v2_1_36_fifo_gen__parameterized0_9/<hidden>/<hidden>/<hidden>/<hidden>/<hidden>/<hidden>
                         FDPE                                         f  viterbi_axis_system_wrapper/viterbi_axis_system/viterbi_axis_system_ps8_0_axi_periph_0/s00_couplers_imp_1CB2IO0/viterbi_axis_system_ps8_0_axi_periph_imp_auto_ds_0/viterbi_axis_system_ps8_0_axi_periph_imp_auto_ds_0_axi_dwidth_converter_v2_1_37_top/viterbi_axis_system_ps8_0_axi_periph_imp_auto_ds_0_axi_dwidth_converter_v2_1_37_axi_downsizer/viterbi_axis_system_ps8_0_axi_periph_imp_auto_ds_0_axi_dwidth_converter_v2_1_37_a_downsizer__parameterized0/viterbi_axis_system_ps8_0_axi_periph_imp_auto_ds_0_axi_data_fifo_v2_1_36_axic_fifo__parameterized0_8/viterbi_axis_system_ps8_0_axi_periph_imp_auto_ds_0_axi_data_fifo_v2_1_36_fifo_gen__parameterized0_9/<hidden>/<hidden>/<hidden>/<hidden>/<hidden>/<hidden>
  -------------------------------------------------------------------    -------------------

                         (clock clk_pl_0 rise edge)
                                                     10.000    10.000 r  
                         PS8                          0.000    10.000 r  viterbi_axis_system_i/zynq_ultra_ps_e_0/inst/PS8_i/PLCLK[0]
                         net (fo=1, unplaced)         0.143    10.143    viterbi_axis_system_i/zynq_ultra_ps_e_0/inst/pl_clk_unbuffered[0]
                         BUFG_PS (Prop_BUFG_PS_I_O)
                                                      0.025    10.168 r  viterbi_axis_system_i/zynq_ultra_ps_e_0/inst/buffer_pl_clk_0.PL_CLK_0_BUFG/O
                         net (fo=10799, unplaced)     2.439    12.607    viterbi_axis_system_wrapper/viterbi_axis_system/viterbi_axis_system_ps8_0_axi_periph_0/s00_couplers_imp_1CB2IO0/viterbi_axis_system_ps8_0_axi_periph_imp_auto_ds_0/viterbi_axis_system_ps8_0_axi_periph_imp_auto_ds_0_axi_dwidth_converter_v2_1_37_top/viterbi_axis_system_ps8_0_axi_periph_imp_auto_ds_0_axi_dwidth_converter_v2_1_37_axi_downsizer/viterbi_axis_system_ps8_0_axi_periph_imp_auto_ds_0_axi_dwidth_converter_v2_1_37_a_downsizer__parameterized0/viterbi_axis_system_ps8_0_axi_periph_imp_auto_ds_0_axi_data_fifo_v2_1_36_axic_fifo__parameterized0_8/viterbi_axis_system_ps8_0_axi_periph_imp_auto_ds_0_axi_data_fifo_v2_1_36_fifo_gen__parameterized0_9/<hidden>/<hidden>/<hidden>/<hidden>/<hidden>/<hidden>
                         FDPE                                         r  viterbi_axis_system_wrapper/viterbi_axis_system/viterbi_axis_system_ps8_0_axi_periph_0/s00_couplers_imp_1CB2IO0/viterbi_axis_system_ps8_0_axi_periph_imp_auto_ds_0/viterbi_axis_system_ps8_0_axi_periph_imp_auto_ds_0_axi_dwidth_converter_v2_1_37_top/viterbi_axis_system_ps8_0_axi_periph_imp_auto_ds_0_axi_dwidth_converter_v2_1_37_axi_downsizer/viterbi_axis_system_ps8_0_axi_periph_imp_auto_ds_0_axi_dwidth_converter_v2_1_37_a_downsizer__parameterized0/viterbi_axis_system_ps8_0_axi_periph_imp_auto_ds_0_axi_data_fifo_v2_1_36_axic_fifo__parameterized0_8/viterbi_axis_system_ps8_0_axi_periph_imp_auto_ds_0_axi_data_fifo_v2_1_36_fifo_gen__parameterized0_9/<hidden>/<hidden>/<hidden>/<hidden>/<hidden>/<hidden>
                         clock pessimism              0.040    12.647    
                         clock uncertainty           -0.130    12.517    
                         FDPE (Recov_FDPE_C_PRE)     -0.066    12.451    viterbi_axis_system_wrapper/viterbi_axis_system/viterbi_axis_system_ps8_0_axi_periph_0/s00_couplers_imp_1CB2IO0/viterbi_axis_system_ps8_0_axi_periph_imp_auto_ds_0/viterbi_axis_system_ps8_0_axi_periph_imp_auto_ds_0_axi_dwidth_converter_v2_1_37_top/viterbi_axis_system_ps8_0_axi_periph_imp_auto_ds_0_axi_dwidth_converter_v2_1_37_axi_downsizer/viterbi_axis_system_ps8_0_axi_periph_imp_auto_ds_0_axi_dwidth_converter_v2_1_37_a_downsizer__parameterized0/viterbi_axis_system_ps8_0_axi_periph_imp_auto_ds_0_axi_data_fifo_v2_1_36_axic_fifo__parameterized0_8/viterbi_axis_system_ps8_0_axi_periph_imp_auto_ds_0_axi_data_fifo_v2_1_36_fifo_gen__parameterized0_9/<hidden>/<hidden>/<hidden>/<hidden>/<hidden>/<hidden>
  -------------------------------------------------------------------
                         required time                         12.451    
                         arrival time                          -3.296    
  -------------------------------------------------------------------
                         slack                                  9.155    





Min Delay Paths
--------------------------------------------------------------------------------------
Slack (MET) :             0.094ns  (arrival time - required time)
  Source:                 viterbi_axis_system_wrapper/viterbi_axis_system/viterbi_axis_system_ps8_0_axi_periph_0/s00_couplers_imp_1CB2IO0/viterbi_axis_system_ps8_0_axi_periph_imp_auto_ds_0/viterbi_axis_system_ps8_0_axi_periph_imp_auto_ds_0_axi_dwidth_converter_v2_1_37_top/viterbi_axis_system_ps8_0_axi_periph_imp_auto_ds_0_axi_dwidth_converter_v2_1_37_axi_downsizer/viterbi_axis_system_ps8_0_axi_periph_imp_auto_ds_0_axi_dwidth_converter_v2_1_37_a_downsizer__parameterized0/viterbi_axis_system_ps8_0_axi_periph_imp_auto_ds_0_axi_data_fifo_v2_1_36_axic_fifo__parameterized0_8/viterbi_axis_system_ps8_0_axi_periph_imp_auto_ds_0_axi_data_fifo_v2_1_36_fifo_gen__parameterized0_9/<hidden>/<hidden>/<hidden>/<hidden>/<hidden>
                            (rising edge-triggered cell FDRE clocked by clk_pl_0  {rise@0.000ns fall@5.000ns period=10.000ns})
  Destination:            viterbi_axis_system_wrapper/viterbi_axis_system/viterbi_axis_system_ps8_0_axi_periph_0/s00_couplers_imp_1CB2IO0/viterbi_axis_system_ps8_0_axi_periph_imp_auto_ds_0/viterbi_axis_system_ps8_0_axi_periph_imp_auto_ds_0_axi_dwidth_converter_v2_1_37_top/viterbi_axis_system_ps8_0_axi_periph_imp_auto_ds_0_axi_dwidth_converter_v2_1_37_axi_downsizer/viterbi_axis_system_ps8_0_axi_periph_imp_auto_ds_0_axi_dwidth_converter_v2_1_37_a_downsizer__parameterized0/viterbi_axis_system_ps8_0_axi_periph_imp_auto_ds_0_axi_data_fifo_v2_1_36_axic_fifo__parameterized0_8/viterbi_axis_system_ps8_0_axi_periph_imp_auto_ds_0_axi_data_fifo_v2_1_36_fifo_gen__parameterized0_9/<hidden>/<hidden>/<hidden>/<hidden>/<hidden>/<hidden>
                            (removal check against rising-edge clock clk_pl_0  {rise@0.000ns fall@5.000ns period=10.000ns})
  Path Group:             **async_default**
  Path Type:              Removal (Min at Fast Process Corner)
  Requirement:            0.000ns  (clk_pl_0 rise@0.000ns - clk_pl_0 rise@0.000ns)
  Data Path Delay:        0.219ns  (logic 0.061ns (27.854%)  route 0.158ns (72.146%))
  Logic Levels:           1  (LUT3=1)
  Clock Path Skew:        0.145ns (DCD - SCD - CPR)
    Destination Clock Delay (DCD):    1.431ns
    Source Clock Delay      (SCD):    1.253ns
    Clock Pessimism Removal (CPR):    0.033ns

    Location             Delay type                Incr(ns)  Path(ns)    Netlist Resource(s)
  -------------------------------------------------------------------    -------------------
                         (clock clk_pl_0 rise edge)
                                                      0.000     0.000 r  
                         PS8                          0.000     0.000 r  viterbi_axis_system_i/zynq_ultra_ps_e_0/inst/PS8_i/PLCLK[0]
                         net (fo=1, unplaced)         0.122     0.122    viterbi_axis_system_i/zynq_ultra_ps_e_0/inst/pl_clk_unbuffered[0]
                         BUFG_PS (Prop_BUFG_PS_I_O)
                                                      0.017     0.139 r  viterbi_axis_system_i/zynq_ultra_ps_e_0/inst/buffer_pl_clk_0.PL_CLK_0_BUFG/O
                         net (fo=10799, unplaced)     1.114     1.253    viterbi_axis_system_wrapper/viterbi_axis_system/viterbi_axis_system_ps8_0_axi_periph_0/s00_couplers_imp_1CB2IO0/viterbi_axis_system_ps8_0_axi_periph_imp_auto_ds_0/viterbi_axis_system_ps8_0_axi_periph_imp_auto_ds_0_axi_dwidth_converter_v2_1_37_top/viterbi_axis_system_ps8_0_axi_periph_imp_auto_ds_0_axi_dwidth_converter_v2_1_37_axi_downsizer/viterbi_axis_system_ps8_0_axi_periph_imp_auto_ds_0_axi_dwidth_converter_v2_1_37_a_downsizer__parameterized0/viterbi_axis_system_ps8_0_axi_periph_imp_auto_ds_0_axi_data_fifo_v2_1_36_axic_fifo__parameterized0_8/viterbi_axis_system_ps8_0_axi_periph_imp_auto_ds_0_axi_data_fifo_v2_1_36_fifo_gen__parameterized0_9/<hidden>/<hidden>/<hidden>/<hidden>/<hidden>
                         FDRE                                         r  viterbi_axis_system_wrapper/viterbi_axis_system/viterbi_axis_system_ps8_0_axi_periph_0/s00_couplers_imp_1CB2IO0/viterbi_axis_system_ps8_0_axi_periph_imp_auto_ds_0/viterbi_axis_system_ps8_0_axi_periph_imp_auto_ds_0_axi_dwidth_converter_v2_1_37_top/viterbi_axis_system_ps8_0_axi_periph_imp_auto_ds_0_axi_dwidth_converter_v2_1_37_axi_downsizer/viterbi_axis_system_ps8_0_axi_periph_imp_auto_ds_0_axi_dwidth_converter_v2_1_37_a_downsizer__parameterized0/viterbi_axis_system_ps8_0_axi_periph_imp_auto_ds_0_axi_data_fifo_v2_1_36_axic_fifo__parameterized0_8/viterbi_axis_system_ps8_0_axi_periph_imp_auto_ds_0_axi_data_fifo_v2_1_36_fifo_gen__parameterized0_9/<hidden>/<hidden>/<hidden>/<hidden>/<hidden>
  -------------------------------------------------------------------    -------------------
                         FDRE (Prop_FDRE_C_Q)         0.038     1.291 f  viterbi_axis_system_wrapper/viterbi_axis_system/viterbi_axis_system_ps8_0_axi_periph_0/s00_couplers_imp_1CB2IO0/viterbi_axis_system_ps8_0_axi_periph_imp_auto_ds_0/viterbi_axis_system_ps8_0_axi_periph_imp_auto_ds_0_axi_dwidth_converter_v2_1_37_top/viterbi_axis_system_ps8_0_axi_periph_imp_auto_ds_0_axi_dwidth_converter_v2_1_37_axi_downsizer/viterbi_axis_system_ps8_0_axi_periph_imp_auto_ds_0_axi_dwidth_converter_v2_1_37_a_downsizer__parameterized0/viterbi_axis_system_ps8_0_axi_periph_imp_auto_ds_0_axi_data_fifo_v2_1_36_axic_fifo__parameterized0_8/viterbi_axis_system_ps8_0_axi_periph_imp_auto_ds_0_axi_data_fifo_v2_1_36_fifo_gen__parameterized0_9/<hidden>/<hidden>/<hidden>/<hidden>/<hidden>
                         net (fo=3, unplaced)         0.050     1.341    viterbi_axis_system_wrapper/viterbi_axis_system/viterbi_axis_system_ps8_0_axi_periph_0/s00_couplers_imp_1CB2IO0/viterbi_axis_system_ps8_0_axi_periph_imp_auto_ds_0/viterbi_axis_system_ps8_0_axi_periph_imp_auto_ds_0_axi_dwidth_converter_v2_1_37_top/viterbi_axis_system_ps8_0_axi_periph_imp_auto_ds_0_axi_dwidth_converter_v2_1_37_axi_downsizer/viterbi_axis_system_ps8_0_axi_periph_imp_auto_ds_0_axi_dwidth_converter_v2_1_37_a_downsizer__parameterized0/viterbi_axis_system_ps8_0_axi_periph_imp_auto_ds_0_axi_data_fifo_v2_1_36_axic_fifo__parameterized0_8/viterbi_axis_system_ps8_0_axi_periph_imp_auto_ds_0_axi_data_fifo_v2_1_36_fifo_gen__parameterized0_9/<hidden>/<hidden>/<hidden>/<hidden>/<hidden>
                         LUT3 (Prop_LUT3_I1_O)        0.023     1.364 f  viterbi_axis_system_wrapper/viterbi_axis_system/viterbi_axis_system_ps8_0_axi_periph_0/s00_couplers_imp_1CB2IO0/viterbi_axis_system_ps8_0_axi_periph_imp_auto_ds_0/viterbi_axis_system_ps8_0_axi_periph_imp_auto_ds_0_axi_dwidth_converter_v2_1_37_top/viterbi_axis_system_ps8_0_axi_periph_imp_auto_ds_0_axi_dwidth_converter_v2_1_37_axi_downsizer/viterbi_axis_system_ps8_0_axi_periph_imp_auto_ds_0_axi_dwidth_converter_v2_1_37_a_downsizer__parameterized0/viterbi_axis_system_ps8_0_axi_periph_imp_auto_ds_0_axi_data_fifo_v2_1_36_axic_fifo__parameterized0_8/viterbi_axis_system_ps8_0_axi_periph_imp_auto_ds_0_axi_data_fifo_v2_1_36_fifo_gen__parameterized0_9/<hidden>/<hidden>/<hidden>/<hidden>/<hidden>
                         net (fo=32, unplaced)        0.108     1.472    viterbi_axis_system_wrapper/viterbi_axis_system/viterbi_axis_system_ps8_0_axi_periph_0/s00_couplers_imp_1CB2IO0/viterbi_axis_system_ps8_0_axi_periph_imp_auto_ds_0/viterbi_axis_system_ps8_0_axi_periph_imp_auto_ds_0_axi_dwidth_converter_v2_1_37_top/viterbi_axis_system_ps8_0_axi_periph_imp_auto_ds_0_axi_dwidth_converter_v2_1_37_axi_downsizer/viterbi_axis_system_ps8_0_axi_periph_imp_auto_ds_0_axi_dwidth_converter_v2_1_37_a_downsizer__parameterized0/viterbi_axis_system_ps8_0_axi_periph_imp_auto_ds_0_axi_data_fifo_v2_1_36_axic_fifo__parameterized0_8/viterbi_axis_system_ps8_0_axi_periph_imp_auto_ds_0_axi_data_fifo_v2_1_36_fifo_gen__parameterized0_9/<hidden>/<hidden>/<hidden>/<hidden>/<hidden>/<hidden>
                         FDPE                                         f  viterbi_axis_system_wrapper/viterbi_axis_system/viterbi_axis_system_ps8_0_axi_periph_0/s00_couplers_imp_1CB2IO0/viterbi_axis_system_ps8_0_axi_periph_imp_auto_ds_0/viterbi_axis_system_ps8_0_axi_periph_imp_auto_ds_0_axi_dwidth_converter_v2_1_37_top/viterbi_axis_system_ps8_0_axi_periph_imp_auto_ds_0_axi_dwidth_converter_v2_1_37_axi_downsizer/viterbi_axis_system_ps8_0_axi_periph_imp_auto_ds_0_axi_dwidth_converter_v2_1_37_a_downsizer__parameterized0/viterbi_axis_system_ps8_0_axi_periph_imp_auto_ds_0_axi_data_fifo_v2_1_36_axic_fifo__parameterized0_8/viterbi_axis_system_ps8_0_axi_periph_imp_auto_ds_0_axi_data_fifo_v2_1_36_fifo_gen__parameterized0_9/<hidden>/<hidden>/<hidden>/<hidden>/<hidden>/<hidden>
  -------------------------------------------------------------------    -------------------

                         (clock clk_pl_0 rise edge)
                                                      0.000     0.000 r  
                         PS8                          0.000     0.000 r  viterbi_axis_system_i/zynq_ultra_ps_e_0/inst/PS8_i/PLCLK[0]
                         net (fo=1, unplaced)         0.154     0.154    viterbi_axis_system_i/zynq_ultra_ps_e_0/inst/pl_clk_unbuffered[0]
                         BUFG_PS (Prop_BUFG_PS_I_O)
                                                      0.018     0.172 r  viterbi_axis_system_i/zynq_ultra_ps_e_0/inst/buffer_pl_clk_0.PL_CLK_0_BUFG/O
                         net (fo=10799, unplaced)     1.259     1.431    viterbi_axis_system_wrapper/viterbi_axis_system/viterbi_axis_system_ps8_0_axi_periph_0/s00_couplers_imp_1CB2IO0/viterbi_axis_system_ps8_0_axi_periph_imp_auto_ds_0/viterbi_axis_system_ps8_0_axi_periph_imp_auto_ds_0_axi_dwidth_converter_v2_1_37_top/viterbi_axis_system_ps8_0_axi_periph_imp_auto_ds_0_axi_dwidth_converter_v2_1_37_axi_downsizer/viterbi_axis_system_ps8_0_axi_periph_imp_auto_ds_0_axi_dwidth_converter_v2_1_37_a_downsizer__parameterized0/viterbi_axis_system_ps8_0_axi_periph_imp_auto_ds_0_axi_data_fifo_v2_1_36_axic_fifo__parameterized0_8/viterbi_axis_system_ps8_0_axi_periph_imp_auto_ds_0_axi_data_fifo_v2_1_36_fifo_gen__parameterized0_9/<hidden>/<hidden>/<hidden>/<hidden>/<hidden>/<hidden>
                         FDPE                                         r  viterbi_axis_system_wrapper/viterbi_axis_system/viterbi_axis_system_ps8_0_axi_periph_0/s00_couplers_imp_1CB2IO0/viterbi_axis_system_ps8_0_axi_periph_imp_auto_ds_0/viterbi_axis_system_ps8_0_axi_periph_imp_auto_ds_0_axi_dwidth_converter_v2_1_37_top/viterbi_axis_system_ps8_0_axi_periph_imp_auto_ds_0_axi_dwidth_converter_v2_1_37_axi_downsizer/viterbi_axis_system_ps8_0_axi_periph_imp_auto_ds_0_axi_dwidth_converter_v2_1_37_a_downsizer__parameterized0/viterbi_axis_system_ps8_0_axi_periph_imp_auto_ds_0_axi_data_fifo_v2_1_36_axic_fifo__parameterized0_8/viterbi_axis_system_ps8_0_axi_periph_imp_auto_ds_0_axi_data_fifo_v2_1_36_fifo_gen__parameterized0_9/<hidden>/<hidden>/<hidden>/<hidden>/<hidden>/<hidden>
                         clock pessimism             -0.033     1.398    
                         FDPE (Remov_FDPE_C_PRE)     -0.020     1.378    viterbi_axis_system_wrapper/viterbi_axis_system/viterbi_axis_system_ps8_0_axi_periph_0/s00_couplers_imp_1CB2IO0/viterbi_axis_system_ps8_0_axi_periph_imp_auto_ds_0/viterbi_axis_system_ps8_0_axi_periph_imp_auto_ds_0_axi_dwidth_converter_v2_1_37_top/viterbi_axis_system_ps8_0_axi_periph_imp_auto_ds_0_axi_dwidth_converter_v2_1_37_axi_downsizer/viterbi_axis_system_ps8_0_axi_periph_imp_auto_ds_0_axi_dwidth_converter_v2_1_37_a_downsizer__parameterized0/viterbi_axis_system_ps8_0_axi_periph_imp_auto_ds_0_axi_data_fifo_v2_1_36_axic_fifo__parameterized0_8/viterbi_axis_system_ps8_0_axi_periph_imp_auto_ds_0_axi_data_fifo_v2_1_36_fifo_gen__parameterized0_9/<hidden>/<hidden>/<hidden>/<hidden>/<hidden>/<hidden>
  -------------------------------------------------------------------
                         required time                         -1.378    
                         arrival time                           1.472    
  -------------------------------------------------------------------
                         slack                                  0.094    





