Copyright 1986-2022 Xilinx, Inc. All Rights Reserved. Copyright 2022-2025 Advanced Micro Devices, Inc. All Rights Reserved.
--------------------------------------------------------------------------------------------------------------------------------------------------
| Tool Version      : Vivado v.2025.2 (lin64) Build 6299465 Fri Nov 14 12:34:56 MST 2025
| Date              : Thu Oct  1 17:07:14 2026
| Host              : jotshawlinux-Legion running 64-bit Ubuntu 24.04.5 LTS
| Command           : report_timing_summary -file ./viterbi_axis_timing_summary_impl.rpt
| Design            : viterbi_axis_system_wrapper
| Device            : xczu7ev-ffvc1156
| Speed File        : -2  PRODUCTION 1.30 05-15-2022
| Design State      : Routed
| Temperature Grade : E
--------------------------------------------------------------------------------------------------------------------------------------------------

Timing Summary Report

------------------------------------------------------------------------------------------------
| Timer Settings
| --------------
------------------------------------------------------------------------------------------------

  Enable Multi Corner Analysis               :  Yes
  Enable Pessimism Removal                   :  Yes
  Pessimism Removal Resolution               :  Nearest Common Node
  Enable Input Delay Default Clock           :  No
  Enable Preset / Clear Arcs                 :  No
  Disable Flight Delays                      :  No
  Ignore I/O Paths                           :  No
  Timing Early Launch at Borrowing Latches   :  No
  Borrow Time for Max Delay Exceptions       :  Yes
  Merge Timing Exceptions                    :  Yes
  Inter-SLR Compensation                     :  Conservative

  Corner  Analyze    Analyze    
  Name    Max Paths  Min Paths  
  ------  ---------  ---------  
  Slow    Yes        Yes        
  Fast    Yes        Yes        


------------------------------------------------------------------------------------------------
| Report Methodology
| ------------------
------------------------------------------------------------------------------------------------

Rule     Severity  Description                   Violations  
-------  --------  ----------------------------  ----------  
LUTAR-1  Warning   LUT drives async reset alert  3           

Note: This report is based on the most recent report_methodology run and may not be up-to-date. Run report_methodology on the current design for the latest report.



check_timing report

Table of Contents
-----------------
1. checking no_clock (0)
2. checking constant_clock (0)
3. checking pulse_width_clock (0)
4. checking unconstrained_internal_endpoints (0)
5. checking no_input_delay (0)
6. checking no_output_delay (0)
7. checking multiple_clock (0)
8. checking generated_clocks (0)
9. checking loops (0)
10. checking partial_input_delay (0)
11. checking partial_output_delay (0)
12. checking latch_loops (0)

1. checking no_clock (0)
------------------------
 There are 0 register/latch pins with no clock.


2. checking constant_clock (0)
------------------------------
 There are 0 register/latch pins with constant_clock.


3. checking pulse_width_clock (0)
---------------------------------
 There are 0 register/latch pins which need pulse_width check


4. checking unconstrained_internal_endpoints (0)
------------------------------------------------
 There are 0 pins that are not constrained for maximum delay.

 There are 0 pins that are not constrained for maximum delay due to constant clock.


5. checking no_input_delay (0)
------------------------------
 There are 0 input ports with no input delay specified.

 There are 0 input ports with no input delay but user has a false path constraint.


6. checking no_output_delay (0)
-------------------------------
 There are 0 ports with no output delay specified.

 There are 0 ports with no output delay but user has a false path constraint

 There are 0 ports with no output delay but with a timing clock defined on it or propagating through it


7. checking multiple_clock (0)
------------------------------
 There are 0 register/latch pins with multiple clocks.


8. checking generated_clocks (0)
--------------------------------
 There are 0 generated clocks that are not connected to a clock source.


9. checking loops (0)
---------------------
 There are 0 combinational loops in the design.


10. checking partial_input_delay (0)
------------------------------------
 There are 0 input ports with partial input delay specified.


11. checking partial_output_delay (0)
-------------------------------------
 There are 0 ports with partial output delay specified.


12. checking latch_loops (0)
----------------------------
 There are 0 combinational latch loops in the design through latch input



------------------------------------------------------------------------------------------------
| Design Timing Summary
| ---------------------
------------------------------------------------------------------------------------------------

    WNS(ns)      TNS(ns)  TNS Failing Endpoints  TNS Total Endpoints      WHS(ns)      THS(ns)  THS Failing Endpoints  THS Total Endpoints     WPWS(ns)     TPWS(ns)  TPWS Failing Endpoints  TPWS Total Endpoints  
    -------      -------  ---------------------  -------------------      -------      -------  ---------------------  -------------------     --------     --------  ----------------------  --------------------  
     -0.019       -0.019                      1                25475        0.011        0.000                      0                25475        3.500        0.000                       0                 10293  


Timing constraints are not met.


------------------------------------------------------------------------------------------------
| Clock Summary
| -------------
------------------------------------------------------------------------------------------------

Clock     Waveform(ns)       Period(ns)      Frequency(MHz)
-----     ------------       ----------      --------------
clk_pl_0  {0.000 5.000}      10.000          100.000         


------------------------------------------------------------------------------------------------
| Intra Clock Table
| -----------------
------------------------------------------------------------------------------------------------

Clock             WNS(ns)      TNS(ns)  TNS Failing Endpoints  TNS Total Endpoints      WHS(ns)      THS(ns)  THS Failing Endpoints  THS Total Endpoints     WPWS(ns)     TPWS(ns)  TPWS Failing Endpoints  TPWS Total Endpoints  
-----             -------      -------  ---------------------  -------------------      -------      -------  ---------------------  -------------------     --------     --------  ----------------------  --------------------  
clk_pl_0           -0.019       -0.019                      1                25379        0.011        0.000                      0                25379        3.500        0.000                       0                 10293  


------------------------------------------------------------------------------------------------
| Inter Clock Table
| -----------------
------------------------------------------------------------------------------------------------

From Clock    To Clock          WNS(ns)      TNS(ns)  TNS Failing Endpoints  TNS Total Endpoints      WHS(ns)      THS(ns)  THS Failing Endpoints  THS Total Endpoints  
----------    --------          -------      -------  ---------------------  -------------------      -------      -------  ---------------------  -------------------  


------------------------------------------------------------------------------------------------
| Other Path Groups Table
| -----------------------
------------------------------------------------------------------------------------------------

Path Group         From Clock         To Clock               WNS(ns)      TNS(ns)  TNS Failing Endpoints  TNS Total Endpoints      WHS(ns)      THS(ns)  THS Failing Endpoints  THS Total Endpoints  
----------         ----------         --------               -------      -------  ---------------------  -------------------      -------      -------  ---------------------  -------------------  
**async_default**  clk_pl_0           clk_pl_0                 8.586        0.000                      0                   96        0.229        0.000                      0                   96  


------------------------------------------------------------------------------------------------
| Timing Details
| --------------
------------------------------------------------------------------------------------------------


---------------------------------------------------------------------------------------------------
From Clock:  clk_pl_0
  To Clock:  clk_pl_0

Setup :            1  Failing Endpoint ,  Worst Slack       -0.019ns,  Total Violation       -0.019ns
Hold  :            0  Failing Endpoints,  Worst Slack        0.011ns,  Total Violation        0.000ns
PW    :            0  Failing Endpoints,  Worst Slack        3.500ns,  Total Violation        0.000ns
---------------------------------------------------------------------------------------------------


Max Delay Paths
--------------------------------------------------------------------------------------
Slack (VIOLATED) :        -0.019ns  (required time - arrival time)
  Source:                 viterbi_axis_system_i/axi_dma_0/U0/I_PRMRY_DATAMOVER/GEN_MM2S_FULL.I_MM2S_FULL_WRAPPER/ENABLE_AXIS_SKID.I_MM2S_SKID_BUF/sig_data_reg_out_reg[2]/C
                            (rising edge-triggered cell FDRE clocked by clk_pl_0  {rise@0.000ns fall@5.000ns period=10.000ns})
  Destination:            viterbi_axis_system_i/viterbi_k7_axis_0/U0/u_core/tb_state_reg[1]/D
                            (rising edge-triggered cell FDRE clocked by clk_pl_0  {rise@0.000ns fall@5.000ns period=10.000ns})
  Path Group:             clk_pl_0
  Path Type:              Setup (Max at Slow Process Corner)
  Requirement:            10.000ns  (clk_pl_0 rise@10.000ns - clk_pl_0 rise@0.000ns)
  Data Path Delay:        9.816ns  (logic 3.183ns (32.428%)  route 6.633ns (67.572%))
  Logic Levels:           30  (CARRY8=9 LUT2=1 LUT3=4 LUT4=2 LUT5=4 LUT6=10)
  Clock Path Skew:        -0.099ns (DCD - SCD + CPR)
    Destination Clock Delay (DCD):    1.706ns = ( 11.706 - 10.000 ) 
    Source Clock Delay      (SCD):    1.963ns
    Clock Pessimism Removal (CPR):    0.158ns
  Clock Uncertainty:      0.130ns  ((TSJ^2 + DJ^2)^1/2) / 2 + PE
    Total System Jitter     (TSJ):    0.071ns
    Discrete Jitter          (DJ):    0.250ns
    Phase Error              (PE):    0.000ns
  Clock Net Delay (Source):      1.755ns (routing 0.569ns, distribution 1.186ns)
  Clock Net Delay (Destination): 1.538ns (routing 0.512ns, distribution 1.026ns)

    Location             Delay type                Incr(ns)  Path(ns)    Netlist Resource(s)
  -------------------------------------------------------------------    -------------------
                         (clock clk_pl_0 rise edge)
                                                      0.000     0.000 r  
    PS8_X0Y0             PS8                          0.000     0.000 r  viterbi_axis_system_i/zynq_ultra_ps_e_0/inst/PS8_i/PLCLK[0]
                         net (fo=1, routed)           0.180     0.180    viterbi_axis_system_i/zynq_ultra_ps_e_0/inst/pl_clk_unbuffered[0]
    BUFG_PS_X0Y80        BUFG_PS (Prop_BUFG_PS_I_O)
                                                      0.028     0.208 r  viterbi_axis_system_i/zynq_ultra_ps_e_0/inst/buffer_pl_clk_0.PL_CLK_0_BUFG/O
    X1Y2 (CLOCK_ROOT)    net (fo=10293, routed)       1.755     1.963    viterbi_axis_system_i/axi_dma_0/U0/I_PRMRY_DATAMOVER/GEN_MM2S_FULL.I_MM2S_FULL_WRAPPER/ENABLE_AXIS_SKID.I_MM2S_SKID_BUF/m_axi_mm2s_aclk
    SLICE_X64Y153        FDRE                                         r  viterbi_axis_system_i/axi_dma_0/U0/I_PRMRY_DATAMOVER/GEN_MM2S_FULL.I_MM2S_FULL_WRAPPER/ENABLE_AXIS_SKID.I_MM2S_SKID_BUF/sig_data_reg_out_reg[2]/C
  -------------------------------------------------------------------    -------------------
    SLICE_X64Y153        FDRE (Prop_BFF_SLICEM_C_Q)
                                                      0.078     2.041 r  viterbi_axis_system_i/axi_dma_0/U0/I_PRMRY_DATAMOVER/GEN_MM2S_FULL.I_MM2S_FULL_WRAPPER/ENABLE_AXIS_SKID.I_MM2S_SKID_BUF/sig_data_reg_out_reg[2]/Q
                         net (fo=270, routed)         0.745     2.786    viterbi_axis_system_i/viterbi_k7_axis_0/U0/u_core/s_axis_tdata[2]
    SLICE_X59Y139        LUT5 (Prop_A6LUT_SLICEL_I3_O)
                                                      0.098     2.884 r  viterbi_axis_system_i/viterbi_k7_axis_0/U0/u_core/path_metric[9][7]_i_5/O
                         net (fo=2, routed)           0.106     2.991    viterbi_axis_system_i/viterbi_k7_axis_0/U0/u_core/path_metric[9][7]_i_5_n_0
    SLICE_X61Y139        LUT6 (Prop_B6LUT_SLICEM_I0_O)
                                                      0.037     3.028 r  viterbi_axis_system_i/viterbi_k7_axis_0/U0/u_core/path_metric[9][7]_i_8/O
                         net (fo=1, routed)           0.016     3.044    viterbi_axis_system_i/viterbi_k7_axis_0/U0/u_core/path_metric[9][7]_i_8_n_0
    SLICE_X61Y139        CARRY8 (Prop_CARRY8_SLICEM_S[1]_CO[7])
                                                      0.190     3.234 r  viterbi_axis_system_i/viterbi_k7_axis_0/U0/u_core/path_metric_reg[9][7]_i_2/CO[7]
                         net (fo=1, routed)           0.026     3.260    viterbi_axis_system_i/viterbi_k7_axis_0/U0/u_core/path_metric_reg[9][7]_i_2_n_0
    SLICE_X61Y140        CARRY8 (Prop_CARRY8_SLICEM_CI_O[7])
                                                      0.116     3.376 r  viterbi_axis_system_i/viterbi_k7_axis_0/U0/u_core/path_metric_reg[9][12]_i_2/O[7]
                         net (fo=5, routed)           0.275     3.651    viterbi_axis_system_i/viterbi_k7_axis_0/U0/u_core/path_metric_reg[9][12]_i_2_n_8
    SLICE_X61Y142        LUT4 (Prop_H6LUT_SLICEM_I0_O)
                                                      0.090     3.741 r  viterbi_axis_system_i/viterbi_k7_axis_0/U0/u_core/survivor_mem_reg_uram_0_i_1015/O
                         net (fo=1, routed)           0.015     3.756    viterbi_axis_system_i/viterbi_k7_axis_0/U0/u_core/survivor_mem_reg_uram_0_i_1015_n_0
    SLICE_X61Y142        CARRY8 (Prop_CARRY8_SLICEM_S[7]_CO[7])
                                                      0.124     3.880 r  viterbi_axis_system_i/viterbi_k7_axis_0/U0/u_core/survivor_mem_reg_uram_0_i_126/CO[7]
                         net (fo=44, routed)          0.492     4.373    viterbi_axis_system_i/viterbi_k7_axis_0/U0/u_core/p_0_in
    SLICE_X62Y144        LUT3 (Prop_C6LUT_SLICEL_I1_O)
                                                      0.096     4.469 f  viterbi_axis_system_i/viterbi_k7_axis_0/U0/u_core/path_metric[9][7]_i_1/O
                         net (fo=3, routed)           0.161     4.630    viterbi_axis_system_i/viterbi_k7_axis_0/U0/u_core/path_metric[9][7]_i_1_n_0
    SLICE_X62Y141        LUT6 (Prop_B6LUT_SLICEL_I1_O)
                                                      0.124     4.754 r  viterbi_axis_system_i/viterbi_k7_axis_0/U0/u_core/tb_state[0]_i_437/O
                         net (fo=1, routed)           0.193     4.947    viterbi_axis_system_i/viterbi_k7_axis_0/U0/u_core/tb_state[0]_i_437_n_0
    SLICE_X62Y142        CARRY8 (Prop_CARRY8_SLICEL_DI[3]_CO[7])
                                                      0.108     5.055 r  viterbi_axis_system_i/viterbi_k7_axis_0/U0/u_core/tb_state_reg[0]_i_209/CO[7]
                         net (fo=33, routed)          0.469     5.524    viterbi_axis_system_i/viterbi_k7_axis_0/U0/u_core/tb_state_reg[0]_i_209_n_0
    SLICE_X61Y141        LUT5 (Prop_F6LUT_SLICEM_I3_O)
                                                      0.037     5.561 r  viterbi_axis_system_i/viterbi_k7_axis_0/U0/u_core/tb_state[2]_i_362/O
                         net (fo=5, routed)           0.375     5.936    viterbi_axis_system_i/viterbi_k7_axis_0/U0/u_core/tb_state[2]_i_362_n_0
    SLICE_X64Y140        LUT6 (Prop_D6LUT_SLICEM_I0_O)
                                                      0.088     6.024 r  viterbi_axis_system_i/viterbi_k7_axis_0/U0/u_core/tb_state[0]_i_419/O
                         net (fo=1, routed)           0.241     6.265    viterbi_axis_system_i/viterbi_k7_axis_0/U0/u_core/tb_state[0]_i_419_n_0
    SLICE_X63Y139        CARRY8 (Prop_CARRY8_SLICEM_DI[5]_CO[7])
                                                      0.095     6.360 r  viterbi_axis_system_i/viterbi_k7_axis_0/U0/u_core/tb_state_reg[0]_i_208/CO[7]
                         net (fo=19, routed)          0.242     6.602    viterbi_axis_system_i/viterbi_k7_axis_0/U0/u_core/tb_state_reg[0]_i_208_n_0
    SLICE_X63Y142        LUT5 (Prop_E6LUT_SLICEM_I4_O)
                                                      0.148     6.750 r  viterbi_axis_system_i/viterbi_k7_axis_0/U0/u_core/tb_state[5]_i_547/O
                         net (fo=1, routed)           0.385     7.135    viterbi_axis_system_i/viterbi_k7_axis_0/U0/u_core/tb_state[5]_i_547_n_0
    SLICE_X60Y144        LUT6 (Prop_E6LUT_SLICEL_I1_O)
                                                      0.090     7.225 r  viterbi_axis_system_i/viterbi_k7_axis_0/U0/u_core/tb_state[5]_i_407/O
                         net (fo=3, routed)           0.337     7.562    viterbi_axis_system_i/viterbi_k7_axis_0/U0/u_core/tb_state[5]_i_407_n_0
    SLICE_X58Y152        LUT3 (Prop_B6LUT_SLICEL_I2_O)
                                                      0.148     7.710 r  viterbi_axis_system_i/viterbi_k7_axis_0/U0/u_core/tb_state[2]_i_140/O
                         net (fo=1, routed)           0.009     7.719    viterbi_axis_system_i/viterbi_k7_axis_0/U0/u_core/tb_state[2]_i_140_n_0
    SLICE_X58Y152        CARRY8 (Prop_CARRY8_SLICEL_S[1]_CO[7])
                                                      0.193     7.912 r  viterbi_axis_system_i/viterbi_k7_axis_0/U0/u_core/tb_state_reg[2]_i_44/CO[7]
                         net (fo=20, routed)          0.441     8.352    viterbi_axis_system_i/viterbi_k7_axis_0/U0/u_core/tb_state_reg[2]_i_44_n_0
    SLICE_X58Y162        LUT3 (Prop_H6LUT_SLICEL_I1_O)
                                                      0.099     8.451 r  viterbi_axis_system_i/viterbi_k7_axis_0/U0/u_core/tb_state[4]_i_47/O
                         net (fo=5, routed)           0.274     8.726    viterbi_axis_system_i/viterbi_k7_axis_0/U0/u_core/tb_state[4]_i_47_n_0
    SLICE_X56Y167        LUT4 (Prop_F6LUT_SLICEM_I1_O)
                                                      0.148     8.874 r  viterbi_axis_system_i/viterbi_k7_axis_0/U0/u_core/tb_state[3]_i_27/O
                         net (fo=1, routed)           0.022     8.896    viterbi_axis_system_i/viterbi_k7_axis_0/U0/u_core/tb_state[3]_i_27_n_0
    SLICE_X56Y167        CARRY8 (Prop_CARRY8_SLICEM_S[5]_CO[7])
                                                      0.166     9.062 r  viterbi_axis_system_i/viterbi_k7_axis_0/U0/u_core/tb_state_reg[3]_i_7/CO[7]
                         net (fo=44, routed)          0.244     9.306    viterbi_axis_system_i/viterbi_k7_axis_0/U0/u_core/tb_state_reg[3]_i_7_n_0
    SLICE_X59Y167        LUT3 (Prop_D6LUT_SLICEL_I2_O)
                                                      0.089     9.395 f  viterbi_axis_system_i/viterbi_k7_axis_0/U0/u_core/tb_state[4]_i_75/O
                         net (fo=2, routed)           0.250     9.645    viterbi_axis_system_i/viterbi_k7_axis_0/U0/u_core/tb_state[4]_i_75_n_0
    SLICE_X59Y172        LUT6 (Prop_C6LUT_SLICEL_I5_O)
                                                      0.096     9.741 r  viterbi_axis_system_i/viterbi_k7_axis_0/U0/u_core/tb_state[4]_i_27/O
                         net (fo=1, routed)           0.135     9.876    viterbi_axis_system_i/viterbi_k7_axis_0/U0/u_core/tb_state[4]_i_27_n_0
    SLICE_X59Y171        CARRY8 (Prop_CARRY8_SLICEL_DI[0]_CO[7])
                                                      0.138    10.014 r  viterbi_axis_system_i/viterbi_k7_axis_0/U0/u_core/tb_state_reg[4]_i_3/CO[7]
                         net (fo=24, routed)          0.234    10.247    viterbi_axis_system_i/viterbi_k7_axis_0/U0/u_core/tb_state_reg[4]_i_3_n_0
    SLICE_X57Y171        LUT6 (Prop_C6LUT_SLICEM_I2_O)
                                                      0.088    10.335 r  viterbi_axis_system_i/viterbi_k7_axis_0/U0/u_core/tb_state[5]_i_32/O
                         net (fo=2, routed)           0.336    10.671    viterbi_axis_system_i/viterbi_k7_axis_0/U0/u_core/tb_state[5]_i_32_n_0
    SLICE_X54Y172        LUT6 (Prop_G6LUT_SLICEM_I3_O)
                                                      0.150    10.821 r  viterbi_axis_system_i/viterbi_k7_axis_0/U0/u_core/tb_state[5]_i_16/O
                         net (fo=1, routed)           0.016    10.837    viterbi_axis_system_i/viterbi_k7_axis_0/U0/u_core/tb_state[5]_i_16_n_0
    SLICE_X54Y172        CARRY8 (Prop_CARRY8_SLICEM_S[6]_CO[7])
                                                      0.124    10.961 f  viterbi_axis_system_i/viterbi_k7_axis_0/U0/u_core/tb_state_reg[5]_i_5/CO[7]
                         net (fo=14, routed)          0.163    11.125    viterbi_axis_system_i/viterbi_k7_axis_0/U0/u_core/tb_state_reg[5]_i_5_n_0
    SLICE_X55Y172        LUT2 (Prop_F6LUT_SLICEL_I0_O)
                                                      0.035    11.160 f  viterbi_axis_system_i/viterbi_k7_axis_0/U0/u_core/tb_state[1]_i_198/O
                         net (fo=1, routed)           0.131    11.291    viterbi_axis_system_i/viterbi_k7_axis_0/U0/u_core/tb_state[1]_i_198_n_0
    SLICE_X55Y169        LUT6 (Prop_F6LUT_SLICEL_I5_O)
                                                      0.035    11.326 f  viterbi_axis_system_i/viterbi_k7_axis_0/U0/u_core/tb_state[1]_i_41/O
                         net (fo=1, routed)           0.138    11.464    viterbi_axis_system_i/viterbi_k7_axis_0/U0/u_core/tb_state[1]_i_41_n_0
    SLICE_X53Y169        LUT6 (Prop_F6LUT_SLICEM_I1_O)
                                                      0.037    11.501 r  viterbi_axis_system_i/viterbi_k7_axis_0/U0/u_core/tb_state[1]_i_8/O
                         net (fo=1, routed)           0.094    11.595    viterbi_axis_system_i/viterbi_k7_axis_0/U0/u_core/tb_state[1]_i_8_n_0
    SLICE_X53Y171        LUT6 (Prop_G6LUT_SLICEM_I0_O)
                                                      0.052    11.647 r  viterbi_axis_system_i/viterbi_k7_axis_0/U0/u_core/tb_state[1]_i_3/O
                         net (fo=1, routed)           0.048    11.695    viterbi_axis_system_i/viterbi_k7_axis_0/U0/u_core/tb_state[1]_i_3_n_0
    SLICE_X53Y171        LUT5 (Prop_H5LUT_SLICEM_I4_O)
                                                      0.066    11.761 r  viterbi_axis_system_i/viterbi_k7_axis_0/U0/u_core/tb_state[1]_i_1/O
                         net (fo=1, routed)           0.018    11.779    viterbi_axis_system_i/viterbi_k7_axis_0/U0/u_core/tb_state[1]_i_1_n_0
    SLICE_X53Y171        FDRE                                         r  viterbi_axis_system_i/viterbi_k7_axis_0/U0/u_core/tb_state_reg[1]/D
  -------------------------------------------------------------------    -------------------

                         (clock clk_pl_0 rise edge)
                                                     10.000    10.000 r  
    PS8_X0Y0             PS8                          0.000    10.000 r  viterbi_axis_system_i/zynq_ultra_ps_e_0/inst/PS8_i/PLCLK[0]
                         net (fo=1, routed)           0.143    10.143    viterbi_axis_system_i/zynq_ultra_ps_e_0/inst/pl_clk_unbuffered[0]
    BUFG_PS_X0Y80        BUFG_PS (Prop_BUFG_PS_I_O)
                                                      0.025    10.168 r  viterbi_axis_system_i/zynq_ultra_ps_e_0/inst/buffer_pl_clk_0.PL_CLK_0_BUFG/O
    X1Y2 (CLOCK_ROOT)    net (fo=10293, routed)       1.538    11.706    viterbi_axis_system_i/viterbi_k7_axis_0/U0/u_core/clk
    SLICE_X53Y171        FDRE                                         r  viterbi_axis_system_i/viterbi_k7_axis_0/U0/u_core/tb_state_reg[1]/C
                         clock pessimism              0.158    11.864    
                         clock uncertainty           -0.130    11.734    
    SLICE_X53Y171        FDRE (Setup_HFF2_SLICEM_C_D)
                                                      0.025    11.759    viterbi_axis_system_i/viterbi_k7_axis_0/U0/u_core/tb_state_reg[1]
  -------------------------------------------------------------------
                         required time                         11.759    
                         arrival time                         -11.779    
  -------------------------------------------------------------------
                         slack                                 -0.019    





Min Delay Paths
--------------------------------------------------------------------------------------
Slack (MET) :             0.011ns  (arrival time - required time)
  Source:                 viterbi_axis_system_i/axi_dma_0/U0/I_PRMRY_DATAMOVER/GEN_S2MM_FULL.I_S2MM_FULL_WRAPPER/GEN_INCLUDE_IBTTCC.I_S2MM_MSTR_IBTTCC/sig_child_burst_type_reg_reg/C
                            (rising edge-triggered cell FDRE clocked by clk_pl_0  {rise@0.000ns fall@5.000ns period=10.000ns})
  Destination:            viterbi_axis_system_i/axi_dma_0/U0/I_PRMRY_DATAMOVER/GEN_S2MM_FULL.I_S2MM_FULL_WRAPPER/GEN_INCLUDE_IBTTCC.I_S2MM_MSTR_IBTTCC/sig_child_qual_burst_type_reg/D
                            (rising edge-triggered cell FDRE clocked by clk_pl_0  {rise@0.000ns fall@5.000ns period=10.000ns})
  Path Group:             clk_pl_0
  Path Type:              Hold (Min at Slow Process Corner)
  Requirement:            0.000ns  (clk_pl_0 rise@0.000ns - clk_pl_0 rise@0.000ns)
  Data Path Delay:        0.180ns  (logic 0.061ns (33.889%)  route 0.119ns (66.111%))
  Logic Levels:           0  
  Clock Path Skew:        0.107ns (DCD - SCD - CPR)
    Destination Clock Delay (DCD):    2.009ns
    Source Clock Delay      (SCD):    1.738ns
    Clock Pessimism Removal (CPR):    0.164ns
  Clock Net Delay (Source):      1.570ns (routing 0.512ns, distribution 1.058ns)
  Clock Net Delay (Destination): 1.801ns (routing 0.569ns, distribution 1.232ns)

    Location             Delay type                Incr(ns)  Path(ns)    Netlist Resource(s)
  -------------------------------------------------------------------    -------------------
                         (clock clk_pl_0 rise edge)
                                                      0.000     0.000 r  
    PS8_X0Y0             PS8                          0.000     0.000 r  viterbi_axis_system_i/zynq_ultra_ps_e_0/inst/PS8_i/PLCLK[0]
                         net (fo=1, routed)           0.143     0.143    viterbi_axis_system_i/zynq_ultra_ps_e_0/inst/pl_clk_unbuffered[0]
    BUFG_PS_X0Y80        BUFG_PS (Prop_BUFG_PS_I_O)
                                                      0.025     0.168 r  viterbi_axis_system_i/zynq_ultra_ps_e_0/inst/buffer_pl_clk_0.PL_CLK_0_BUFG/O
    X1Y2 (CLOCK_ROOT)    net (fo=10293, routed)       1.570     1.738    viterbi_axis_system_i/axi_dma_0/U0/I_PRMRY_DATAMOVER/GEN_S2MM_FULL.I_S2MM_FULL_WRAPPER/GEN_INCLUDE_IBTTCC.I_S2MM_MSTR_IBTTCC/m_axi_s2mm_aclk
    SLICE_X58Y114        FDRE                                         r  viterbi_axis_system_i/axi_dma_0/U0/I_PRMRY_DATAMOVER/GEN_S2MM_FULL.I_S2MM_FULL_WRAPPER/GEN_INCLUDE_IBTTCC.I_S2MM_MSTR_IBTTCC/sig_child_burst_type_reg_reg/C
  -------------------------------------------------------------------    -------------------
    SLICE_X58Y114        FDRE (Prop_DFF2_SLICEL_C_Q)
                                                      0.061     1.799 r  viterbi_axis_system_i/axi_dma_0/U0/I_PRMRY_DATAMOVER/GEN_S2MM_FULL.I_S2MM_FULL_WRAPPER/GEN_INCLUDE_IBTTCC.I_S2MM_MSTR_IBTTCC/sig_child_burst_type_reg_reg/Q
                         net (fo=1, routed)           0.119     1.918    viterbi_axis_system_i/axi_dma_0/U0/I_PRMRY_DATAMOVER/GEN_S2MM_FULL.I_S2MM_FULL_WRAPPER/GEN_INCLUDE_IBTTCC.I_S2MM_MSTR_IBTTCC/sig_child_burst_type_reg
    SLICE_X60Y118        FDRE                                         r  viterbi_axis_system_i/axi_dma_0/U0/I_PRMRY_DATAMOVER/GEN_S2MM_FULL.I_S2MM_FULL_WRAPPER/GEN_INCLUDE_IBTTCC.I_S2MM_MSTR_IBTTCC/sig_child_qual_burst_type_reg/D
  -------------------------------------------------------------------    -------------------

                         (clock clk_pl_0 rise edge)
                                                      0.000     0.000 r  
    PS8_X0Y0             PS8                          0.000     0.000 r  viterbi_axis_system_i/zynq_ultra_ps_e_0/inst/PS8_i/PLCLK[0]
                         net (fo=1, routed)           0.180     0.180    viterbi_axis_system_i/zynq_ultra_ps_e_0/inst/pl_clk_unbuffered[0]
    BUFG_PS_X0Y80        BUFG_PS (Prop_BUFG_PS_I_O)
                                                      0.028     0.208 r  viterbi_axis_system_i/zynq_ultra_ps_e_0/inst/buffer_pl_clk_0.PL_CLK_0_BUFG/O
    X1Y2 (CLOCK_ROOT)    net (fo=10293, routed)       1.801     2.009    viterbi_axis_system_i/axi_dma_0/U0/I_PRMRY_DATAMOVER/GEN_S2MM_FULL.I_S2MM_FULL_WRAPPER/GEN_INCLUDE_IBTTCC.I_S2MM_MSTR_IBTTCC/m_axi_s2mm_aclk
    SLICE_X60Y118        FDRE                                         r  viterbi_axis_system_i/axi_dma_0/U0/I_PRMRY_DATAMOVER/GEN_S2MM_FULL.I_S2MM_FULL_WRAPPER/GEN_INCLUDE_IBTTCC.I_S2MM_MSTR_IBTTCC/sig_child_qual_burst_type_reg/C
                         clock pessimism             -0.164     1.845    
    SLICE_X60Y118        FDRE (Hold_HFF2_SLICEL_C_D)
                                                      0.062     1.907    viterbi_axis_system_i/axi_dma_0/U0/I_PRMRY_DATAMOVER/GEN_S2MM_FULL.I_S2MM_FULL_WRAPPER/GEN_INCLUDE_IBTTCC.I_S2MM_MSTR_IBTTCC/sig_child_qual_burst_type_reg
  -------------------------------------------------------------------
                         required time                         -1.907    
                         arrival time                           1.918    
  -------------------------------------------------------------------
                         slack                                  0.011    





Pulse Width Checks
--------------------------------------------------------------------------------------
Clock Name:         clk_pl_0
Waveform(ns):       { 0.000 5.000 }
Period(ns):         10.000
Sources:            { viterbi_axis_system_i/zynq_ultra_ps_e_0/inst/PS8_i/PLCLK[0] }

Check Type        Corner  Lib Pin          Reference Pin  Required(ns)  Actual(ns)  Slack(ns)  Location  Pin
Min Period        n/a     PS8/MAXIGP0ACLK  n/a            3.000         10.000      7.000      PS8_X0Y0  viterbi_axis_system_i/zynq_ultra_ps_e_0/inst/PS8_i/MAXIGP0ACLK
Low Pulse Width   Slow    PS8/MAXIGP0ACLK  n/a            1.500         5.000       3.500      PS8_X0Y0  viterbi_axis_system_i/zynq_ultra_ps_e_0/inst/PS8_i/MAXIGP0ACLK
High Pulse Width  Slow    PS8/MAXIGP0ACLK  n/a            1.500         5.000       3.500      PS8_X0Y0  viterbi_axis_system_i/zynq_ultra_ps_e_0/inst/PS8_i/MAXIGP0ACLK



---------------------------------------------------------------------------------------------------
Path Group:  **async_default**
From Clock:  clk_pl_0
  To Clock:  clk_pl_0

Setup :            0  Failing Endpoints,  Worst Slack        8.586ns,  Total Violation        0.000ns
Hold  :            0  Failing Endpoints,  Worst Slack        0.229ns,  Total Violation        0.000ns
---------------------------------------------------------------------------------------------------


Max Delay Paths
--------------------------------------------------------------------------------------
Slack (MET) :             8.586ns  (required time - arrival time)
  Source:                 viterbi_axis_system_wrapper/viterbi_axis_system/viterbi_axis_system_ps8_0_axi_periph_0/s00_couplers_imp_1CB2IO0/viterbi_axis_system_ps8_0_axi_periph_imp_auto_ds_0/viterbi_axis_system_ps8_0_axi_periph_imp_auto_ds_0_axi_dwidth_converter_v2_1_37_top/viterbi_axis_system_ps8_0_axi_periph_imp_auto_ds_0_axi_dwidth_converter_v2_1_37_axi_downsizer/viterbi_axis_system_ps8_0_axi_periph_imp_auto_ds_0_axi_dwidth_converter_v2_1_37_a_downsizer/viterbi_axis_system_ps8_0_axi_periph_imp_auto_ds_0_axi_data_fifo_v2_1_36_axic_fifo/viterbi_axis_system_ps8_0_axi_periph_imp_auto_ds_0_axi_data_fifo_v2_1_36_fifo_gen/<hidden>/<hidden>/<hidden>/<hidden>/<hidden>/<hidden>
                            (rising edge-triggered cell FDPE clocked by clk_pl_0  {rise@0.000ns fall@5.000ns period=10.000ns})
  Destination:            viterbi_axis_system_wrapper/viterbi_axis_system/viterbi_axis_system_ps8_0_axi_periph_0/s00_couplers_imp_1CB2IO0/viterbi_axis_system_ps8_0_axi_periph_imp_auto_ds_0/viterbi_axis_system_ps8_0_axi_periph_imp_auto_ds_0_axi_dwidth_converter_v2_1_37_top/viterbi_axis_system_ps8_0_axi_periph_imp_auto_ds_0_axi_dwidth_converter_v2_1_37_axi_downsizer/viterbi_axis_system_ps8_0_axi_periph_imp_auto_ds_0_axi_dwidth_converter_v2_1_37_a_downsizer/viterbi_axis_system_ps8_0_axi_periph_imp_auto_ds_0_axi_data_fifo_v2_1_36_axic_fifo/viterbi_axis_system_ps8_0_axi_periph_imp_auto_ds_0_axi_data_fifo_v2_1_36_fifo_gen/<hidden>/<hidden>/<hidden>/<hidden>/<hidden>/<hidden>
                            (recovery check against rising-edge clock clk_pl_0  {rise@0.000ns fall@5.000ns period=10.000ns})
  Path Group:             **async_default**
  Path Type:              Recovery (Max at Slow Process Corner)
  Requirement:            10.000ns  (clk_pl_0 rise@10.000ns - clk_pl_0 rise@0.000ns)
  Data Path Delay:        1.191ns  (logic 0.231ns (19.389%)  route 0.960ns (80.611%))
  Logic Levels:           1  (LUT3=1)
  Clock Path Skew:        -0.027ns (DCD - SCD + CPR)
    Destination Clock Delay (DCD):    1.912ns = ( 11.912 - 10.000 ) 
    Source Clock Delay      (SCD):    2.170ns
    Clock Pessimism Removal (CPR):    0.230ns
  Clock Uncertainty:      0.130ns  ((TSJ^2 + DJ^2)^1/2) / 2 + PE
    Total System Jitter     (TSJ):    0.071ns
    Discrete Jitter          (DJ):    0.250ns
    Phase Error              (PE):    0.000ns
  Clock Net Delay (Source):      1.962ns (routing 0.569ns, distribution 1.393ns)
  Clock Net Delay (Destination): 1.744ns (routing 0.512ns, distribution 1.232ns)

    Location             Delay type                Incr(ns)  Path(ns)    Netlist Resource(s)
  -------------------------------------------------------------------    -------------------
                         (clock clk_pl_0 rise edge)
                                                      0.000     0.000 r  
    PS8_X0Y0             PS8                          0.000     0.000 r  viterbi_axis_system_i/zynq_ultra_ps_e_0/inst/PS8_i/PLCLK[0]
                         net (fo=1, routed)           0.180     0.180    viterbi_axis_system_i/zynq_ultra_ps_e_0/inst/pl_clk_unbuffered[0]
    BUFG_PS_X0Y80        BUFG_PS (Prop_BUFG_PS_I_O)
                                                      0.028     0.208 r  viterbi_axis_system_i/zynq_ultra_ps_e_0/inst/buffer_pl_clk_0.PL_CLK_0_BUFG/O
    X1Y2 (CLOCK_ROOT)    net (fo=10293, routed)       1.962     2.170    viterbi_axis_system_wrapper/viterbi_axis_system/viterbi_axis_system_ps8_0_axi_periph_0/s00_couplers_imp_1CB2IO0/viterbi_axis_system_ps8_0_axi_periph_imp_auto_ds_0/viterbi_axis_system_ps8_0_axi_periph_imp_auto_ds_0_axi_dwidth_converter_v2_1_37_top/viterbi_axis_system_ps8_0_axi_periph_imp_auto_ds_0_axi_dwidth_converter_v2_1_37_axi_downsizer/viterbi_axis_system_ps8_0_axi_periph_imp_auto_ds_0_axi_dwidth_converter_v2_1_37_a_downsizer/viterbi_axis_system_ps8_0_axi_periph_imp_auto_ds_0_axi_data_fifo_v2_1_36_axic_fifo/viterbi_axis_system_ps8_0_axi_periph_imp_auto_ds_0_axi_data_fifo_v2_1_36_fifo_gen/<hidden>/<hidden>/<hidden>/<hidden>/<hidden>/<hidden>
    SLICE_X20Y248        FDPE                                         r  viterbi_axis_system_wrapper/viterbi_axis_system/viterbi_axis_system_ps8_0_axi_periph_0/s00_couplers_imp_1CB2IO0/viterbi_axis_system_ps8_0_axi_periph_imp_auto_ds_0/viterbi_axis_system_ps8_0_axi_periph_imp_auto_ds_0_axi_dwidth_converter_v2_1_37_top/viterbi_axis_system_ps8_0_axi_periph_imp_auto_ds_0_axi_dwidth_converter_v2_1_37_axi_downsizer/viterbi_axis_system_ps8_0_axi_periph_imp_auto_ds_0_axi_dwidth_converter_v2_1_37_a_downsizer/viterbi_axis_system_ps8_0_axi_periph_imp_auto_ds_0_axi_data_fifo_v2_1_36_axic_fifo/viterbi_axis_system_ps8_0_axi_periph_imp_auto_ds_0_axi_data_fifo_v2_1_36_fifo_gen/<hidden>/<hidden>/<hidden>/<hidden>/<hidden>/<hidden>
  -------------------------------------------------------------------    -------------------
    SLICE_X20Y248        FDPE (Prop_AFF2_SLICEL_C_Q)
                                                      0.081     2.251 f  viterbi_axis_system_wrapper/viterbi_axis_system/viterbi_axis_system_ps8_0_axi_periph_0/s00_couplers_imp_1CB2IO0/viterbi_axis_system_ps8_0_axi_periph_imp_auto_ds_0/viterbi_axis_system_ps8_0_axi_periph_imp_auto_ds_0_axi_dwidth_converter_v2_1_37_top/viterbi_axis_system_ps8_0_axi_periph_imp_auto_ds_0_axi_dwidth_converter_v2_1_37_axi_downsizer/viterbi_axis_system_ps8_0_axi_periph_imp_auto_ds_0_axi_dwidth_converter_v2_1_37_a_downsizer/viterbi_axis_system_ps8_0_axi_periph_imp_auto_ds_0_axi_data_fifo_v2_1_36_axic_fifo/viterbi_axis_system_ps8_0_axi_periph_imp_auto_ds_0_axi_data_fifo_v2_1_36_fifo_gen/<hidden>/<hidden>/<hidden>/<hidden>/<hidden>/<hidden>
                         net (fo=3, routed)           0.168     2.419    viterbi_axis_system_wrapper/viterbi_axis_system/viterbi_axis_system_ps8_0_axi_periph_0/s00_couplers_imp_1CB2IO0/viterbi_axis_system_ps8_0_axi_periph_imp_auto_ds_0/viterbi_axis_system_ps8_0_axi_periph_imp_auto_ds_0_axi_dwidth_converter_v2_1_37_top/viterbi_axis_system_ps8_0_axi_periph_imp_auto_ds_0_axi_dwidth_converter_v2_1_37_axi_downsizer/viterbi_axis_system_ps8_0_axi_periph_imp_auto_ds_0_axi_dwidth_converter_v2_1_37_a_downsizer/viterbi_axis_system_ps8_0_axi_periph_imp_auto_ds_0_axi_data_fifo_v2_1_36_axic_fifo/viterbi_axis_system_ps8_0_axi_periph_imp_auto_ds_0_axi_data_fifo_v2_1_36_fifo_gen/<hidden>/<hidden>/<hidden>/<hidden>/<hidden>
    SLICE_X20Y248        LUT3 (Prop_H6LUT_SLICEL_I2_O)
                                                      0.150     2.569 f  viterbi_axis_system_wrapper/viterbi_axis_system/viterbi_axis_system_ps8_0_axi_periph_0/s00_couplers_imp_1CB2IO0/viterbi_axis_system_ps8_0_axi_periph_imp_auto_ds_0/viterbi_axis_system_ps8_0_axi_periph_imp_auto_ds_0_axi_dwidth_converter_v2_1_37_top/viterbi_axis_system_ps8_0_axi_periph_imp_auto_ds_0_axi_dwidth_converter_v2_1_37_axi_downsizer/viterbi_axis_system_ps8_0_axi_periph_imp_auto_ds_0_axi_dwidth_converter_v2_1_37_a_downsizer/viterbi_axis_system_ps8_0_axi_periph_imp_auto_ds_0_axi_data_fifo_v2_1_36_axic_fifo/viterbi_axis_system_ps8_0_axi_periph_imp_auto_ds_0_axi_data_fifo_v2_1_36_fifo_gen/<hidden>/<hidden>/<hidden>/<hidden>/<hidden>
                         net (fo=32, routed)          0.792     3.361    viterbi_axis_system_wrapper/viterbi_axis_system/viterbi_axis_system_ps8_0_axi_periph_0/s00_couplers_imp_1CB2IO0/viterbi_axis_system_ps8_0_axi_periph_imp_auto_ds_0/viterbi_axis_system_ps8_0_axi_periph_imp_auto_ds_0_axi_dwidth_converter_v2_1_37_top/viterbi_axis_system_ps8_0_axi_periph_imp_auto_ds_0_axi_dwidth_converter_v2_1_37_axi_downsizer/viterbi_axis_system_ps8_0_axi_periph_imp_auto_ds_0_axi_dwidth_converter_v2_1_37_a_downsizer/viterbi_axis_system_ps8_0_axi_periph_imp_auto_ds_0_axi_data_fifo_v2_1_36_axic_fifo/viterbi_axis_system_ps8_0_axi_periph_imp_auto_ds_0_axi_data_fifo_v2_1_36_fifo_gen/<hidden>/<hidden>/<hidden>/<hidden>/<hidden>/<hidden>
    SLICE_X19Y246        FDCE                                         f  viterbi_axis_system_wrapper/viterbi_axis_system/viterbi_axis_system_ps8_0_axi_periph_0/s00_couplers_imp_1CB2IO0/viterbi_axis_system_ps8_0_axi_periph_imp_auto_ds_0/viterbi_axis_system_ps8_0_axi_periph_imp_auto_ds_0_axi_dwidth_converter_v2_1_37_top/viterbi_axis_system_ps8_0_axi_periph_imp_auto_ds_0_axi_dwidth_converter_v2_1_37_axi_downsizer/viterbi_axis_system_ps8_0_axi_periph_imp_auto_ds_0_axi_dwidth_converter_v2_1_37_a_downsizer/viterbi_axis_system_ps8_0_axi_periph_imp_auto_ds_0_axi_data_fifo_v2_1_36_axic_fifo/viterbi_axis_system_ps8_0_axi_periph_imp_auto_ds_0_axi_data_fifo_v2_1_36_fifo_gen/<hidden>/<hidden>/<hidden>/<hidden>/<hidden>/<hidden>
  -------------------------------------------------------------------    -------------------

                         (clock clk_pl_0 rise edge)
                                                     10.000    10.000 r  
    PS8_X0Y0             PS8                          0.000    10.000 r  viterbi_axis_system_i/zynq_ultra_ps_e_0/inst/PS8_i/PLCLK[0]
                         net (fo=1, routed)           0.143    10.143    viterbi_axis_system_i/zynq_ultra_ps_e_0/inst/pl_clk_unbuffered[0]
    BUFG_PS_X0Y80        BUFG_PS (Prop_BUFG_PS_I_O)
                                                      0.025    10.168 r  viterbi_axis_system_i/zynq_ultra_ps_e_0/inst/buffer_pl_clk_0.PL_CLK_0_BUFG/O
    X1Y2 (CLOCK_ROOT)    net (fo=10293, routed)       1.744    11.912    viterbi_axis_system_wrapper/viterbi_axis_system/viterbi_axis_system_ps8_0_axi_periph_0/s00_couplers_imp_1CB2IO0/viterbi_axis_system_ps8_0_axi_periph_imp_auto_ds_0/viterbi_axis_system_ps8_0_axi_periph_imp_auto_ds_0_axi_dwidth_converter_v2_1_37_top/viterbi_axis_system_ps8_0_axi_periph_imp_auto_ds_0_axi_dwidth_converter_v2_1_37_axi_downsizer/viterbi_axis_system_ps8_0_axi_periph_imp_auto_ds_0_axi_dwidth_converter_v2_1_37_a_downsizer/viterbi_axis_system_ps8_0_axi_periph_imp_auto_ds_0_axi_data_fifo_v2_1_36_axic_fifo/viterbi_axis_system_ps8_0_axi_periph_imp_auto_ds_0_axi_data_fifo_v2_1_36_fifo_gen/<hidden>/<hidden>/<hidden>/<hidden>/<hidden>/<hidden>
    SLICE_X19Y246        FDCE                                         r  viterbi_axis_system_wrapper/viterbi_axis_system/viterbi_axis_system_ps8_0_axi_periph_0/s00_couplers_imp_1CB2IO0/viterbi_axis_system_ps8_0_axi_periph_imp_auto_ds_0/viterbi_axis_system_ps8_0_axi_periph_imp_auto_ds_0_axi_dwidth_converter_v2_1_37_top/viterbi_axis_system_ps8_0_axi_periph_imp_auto_ds_0_axi_dwidth_converter_v2_1_37_axi_downsizer/viterbi_axis_system_ps8_0_axi_periph_imp_auto_ds_0_axi_dwidth_converter_v2_1_37_a_downsizer/viterbi_axis_system_ps8_0_axi_periph_imp_auto_ds_0_axi_data_fifo_v2_1_36_axic_fifo/viterbi_axis_system_ps8_0_axi_periph_imp_auto_ds_0_axi_data_fifo_v2_1_36_fifo_gen/<hidden>/<hidden>/<hidden>/<hidden>/<hidden>/<hidden>
                         clock pessimism              0.230    12.142    
                         clock uncertainty           -0.130    12.013    
    SLICE_X19Y246        FDCE (Recov_HFF_SLICEM_C_CLR)
                                                     -0.066    11.947    viterbi_axis_system_wrapper/viterbi_axis_system/viterbi_axis_system_ps8_0_axi_periph_0/s00_couplers_imp_1CB2IO0/viterbi_axis_system_ps8_0_axi_periph_imp_auto_ds_0/viterbi_axis_system_ps8_0_axi_periph_imp_auto_ds_0_axi_dwidth_converter_v2_1_37_top/viterbi_axis_system_ps8_0_axi_periph_imp_auto_ds_0_axi_dwidth_converter_v2_1_37_axi_downsizer/viterbi_axis_system_ps8_0_axi_periph_imp_auto_ds_0_axi_dwidth_converter_v2_1_37_a_downsizer/viterbi_axis_system_ps8_0_axi_periph_imp_auto_ds_0_axi_data_fifo_v2_1_36_axic_fifo/viterbi_axis_system_ps8_0_axi_periph_imp_auto_ds_0_axi_data_fifo_v2_1_36_fifo_gen/<hidden>/<hidden>/<hidden>/<hidden>/<hidden>/<hidden>
  -------------------------------------------------------------------
                         required time                         11.947    
                         arrival time                          -3.361    
  -------------------------------------------------------------------
                         slack                                  8.586    





Min Delay Paths
--------------------------------------------------------------------------------------
Slack (MET) :             0.229ns  (arrival time - required time)
  Source:                 viterbi_axis_system_wrapper/viterbi_axis_system/viterbi_axis_system_ps8_0_axi_periph_0/s00_couplers_imp_1CB2IO0/viterbi_axis_system_ps8_0_axi_periph_imp_auto_ds_0/viterbi_axis_system_ps8_0_axi_periph_imp_auto_ds_0_axi_dwidth_converter_v2_1_37_top/viterbi_axis_system_ps8_0_axi_periph_imp_auto_ds_0_axi_dwidth_converter_v2_1_37_axi_downsizer/viterbi_axis_system_ps8_0_axi_periph_imp_auto_ds_0_axi_dwidth_converter_v2_1_37_a_downsizer__parameterized0/viterbi_axis_system_ps8_0_axi_periph_imp_auto_ds_0_axi_data_fifo_v2_1_36_axic_fifo__parameterized0_8/viterbi_axis_system_ps8_0_axi_periph_imp_auto_ds_0_axi_data_fifo_v2_1_36_fifo_gen__parameterized0_9/<hidden>/<hidden>/<hidden>/<hidden>/<hidden>
                            (rising edge-triggered cell FDRE clocked by clk_pl_0  {rise@0.000ns fall@5.000ns period=10.000ns})
  Destination:            viterbi_axis_system_wrapper/viterbi_axis_system/viterbi_axis_system_ps8_0_axi_periph_0/s00_couplers_imp_1CB2IO0/viterbi_axis_system_ps8_0_axi_periph_imp_auto_ds_0/viterbi_axis_system_ps8_0_axi_periph_imp_auto_ds_0_axi_dwidth_converter_v2_1_37_top/viterbi_axis_system_ps8_0_axi_periph_imp_auto_ds_0_axi_dwidth_converter_v2_1_37_axi_downsizer/viterbi_axis_system_ps8_0_axi_periph_imp_auto_ds_0_axi_dwidth_converter_v2_1_37_a_downsizer__parameterized0/viterbi_axis_system_ps8_0_axi_periph_imp_auto_ds_0_axi_data_fifo_v2_1_36_axic_fifo__parameterized0_8/viterbi_axis_system_ps8_0_axi_periph_imp_auto_ds_0_axi_data_fifo_v2_1_36_fifo_gen__parameterized0_9/<hidden>/<hidden>/<hidden>/<hidden>/<hidden>/<hidden>
                            (removal check against rising-edge clock clk_pl_0  {rise@0.000ns fall@5.000ns period=10.000ns})
  Path Group:             **async_default**
  Path Type:              Removal (Min at Fast Process Corner)
  Requirement:            0.000ns  (clk_pl_0 rise@0.000ns - clk_pl_0 rise@0.000ns)
  Data Path Delay:        0.221ns  (logic 0.088ns (39.748%)  route 0.133ns (60.252%))
  Logic Levels:           1  (LUT3=1)
  Clock Path Skew:        0.012ns (DCD - SCD - CPR)
    Destination Clock Delay (DCD):    1.379ns
    Source Clock Delay      (SCD):    1.205ns
    Clock Pessimism Removal (CPR):    0.162ns
  Clock Net Delay (Source):      1.066ns (routing 0.311ns, distribution 0.755ns)
  Clock Net Delay (Destination): 1.207ns (routing 0.352ns, distribution 0.855ns)

    Location             Delay type                Incr(ns)  Path(ns)    Netlist Resource(s)
  -------------------------------------------------------------------    -------------------
                         (clock clk_pl_0 rise edge)
                                                      0.000     0.000 r  
    PS8_X0Y0             PS8                          0.000     0.000 r  viterbi_axis_system_i/zynq_ultra_ps_e_0/inst/PS8_i/PLCLK[0]
                         net (fo=1, routed)           0.122     0.122    viterbi_axis_system_i/zynq_ultra_ps_e_0/inst/pl_clk_unbuffered[0]
    BUFG_PS_X0Y80        BUFG_PS (Prop_BUFG_PS_I_O)
                                                      0.017     0.139 r  viterbi_axis_system_i/zynq_ultra_ps_e_0/inst/buffer_pl_clk_0.PL_CLK_0_BUFG/O
    X1Y2 (CLOCK_ROOT)    net (fo=10293, routed)       1.066     1.205    viterbi_axis_system_wrapper/viterbi_axis_system/viterbi_axis_system_ps8_0_axi_periph_0/s00_couplers_imp_1CB2IO0/viterbi_axis_system_ps8_0_axi_periph_imp_auto_ds_0/viterbi_axis_system_ps8_0_axi_periph_imp_auto_ds_0_axi_dwidth_converter_v2_1_37_top/viterbi_axis_system_ps8_0_axi_periph_imp_auto_ds_0_axi_dwidth_converter_v2_1_37_axi_downsizer/viterbi_axis_system_ps8_0_axi_periph_imp_auto_ds_0_axi_dwidth_converter_v2_1_37_a_downsizer__parameterized0/viterbi_axis_system_ps8_0_axi_periph_imp_auto_ds_0_axi_data_fifo_v2_1_36_axic_fifo__parameterized0_8/viterbi_axis_system_ps8_0_axi_periph_imp_auto_ds_0_axi_data_fifo_v2_1_36_fifo_gen__parameterized0_9/<hidden>/<hidden>/<hidden>/<hidden>/<hidden>
    SLICE_X31Y244        FDRE                                         r  viterbi_axis_system_wrapper/viterbi_axis_system/viterbi_axis_system_ps8_0_axi_periph_0/s00_couplers_imp_1CB2IO0/viterbi_axis_system_ps8_0_axi_periph_imp_auto_ds_0/viterbi_axis_system_ps8_0_axi_periph_imp_auto_ds_0_axi_dwidth_converter_v2_1_37_top/viterbi_axis_system_ps8_0_axi_periph_imp_auto_ds_0_axi_dwidth_converter_v2_1_37_axi_downsizer/viterbi_axis_system_ps8_0_axi_periph_imp_auto_ds_0_axi_dwidth_converter_v2_1_37_a_downsizer__parameterized0/viterbi_axis_system_ps8_0_axi_periph_imp_auto_ds_0_axi_data_fifo_v2_1_36_axic_fifo__parameterized0_8/viterbi_axis_system_ps8_0_axi_periph_imp_auto_ds_0_axi_data_fifo_v2_1_36_fifo_gen__parameterized0_9/<hidden>/<hidden>/<hidden>/<hidden>/<hidden>
  -------------------------------------------------------------------    -------------------
    SLICE_X31Y244        FDRE (Prop_EFF_SLICEM_C_Q)
                                                      0.038     1.243 f  viterbi_axis_system_wrapper/viterbi_axis_system/viterbi_axis_system_ps8_0_axi_periph_0/s00_couplers_imp_1CB2IO0/viterbi_axis_system_ps8_0_axi_periph_imp_auto_ds_0/viterbi_axis_system_ps8_0_axi_periph_imp_auto_ds_0_axi_dwidth_converter_v2_1_37_top/viterbi_axis_system_ps8_0_axi_periph_imp_auto_ds_0_axi_dwidth_converter_v2_1_37_axi_downsizer/viterbi_axis_system_ps8_0_axi_periph_imp_auto_ds_0_axi_dwidth_converter_v2_1_37_a_downsizer__parameterized0/viterbi_axis_system_ps8_0_axi_periph_imp_auto_ds_0_axi_data_fifo_v2_1_36_axic_fifo__parameterized0_8/viterbi_axis_system_ps8_0_axi_periph_imp_auto_ds_0_axi_data_fifo_v2_1_36_fifo_gen__parameterized0_9/<hidden>/<hidden>/<hidden>/<hidden>/<hidden>
                         net (fo=3, routed)           0.032     1.275    viterbi_axis_system_wrapper/viterbi_axis_system/viterbi_axis_system_ps8_0_axi_periph_0/s00_couplers_imp_1CB2IO0/viterbi_axis_system_ps8_0_axi_periph_imp_auto_ds_0/viterbi_axis_system_ps8_0_axi_periph_imp_auto_ds_0_axi_dwidth_converter_v2_1_37_top/viterbi_axis_system_ps8_0_axi_periph_imp_auto_ds_0_axi_dwidth_converter_v2_1_37_axi_downsizer/viterbi_axis_system_ps8_0_axi_periph_imp_auto_ds_0_axi_dwidth_converter_v2_1_37_a_downsizer__parameterized0/viterbi_axis_system_ps8_0_axi_periph_imp_auto_ds_0_axi_data_fifo_v2_1_36_axic_fifo__parameterized0_8/viterbi_axis_system_ps8_0_axi_periph_imp_auto_ds_0_axi_data_fifo_v2_1_36_fifo_gen__parameterized0_9/<hidden>/<hidden>/<hidden>/<hidden>/<hidden>
    SLICE_X31Y244        LUT3 (Prop_G6LUT_SLICEM_I1_O)
                                                      0.050     1.325 f  viterbi_axis_system_wrapper/viterbi_axis_system/viterbi_axis_system_ps8_0_axi_periph_0/s00_couplers_imp_1CB2IO0/viterbi_axis_system_ps8_0_axi_periph_imp_auto_ds_0/viterbi_axis_system_ps8_0_axi_periph_imp_auto_ds_0_axi_dwidth_converter_v2_1_37_top/viterbi_axis_system_ps8_0_axi_periph_imp_auto_ds_0_axi_dwidth_converter_v2_1_37_axi_downsizer/viterbi_axis_system_ps8_0_axi_periph_imp_auto_ds_0_axi_dwidth_converter_v2_1_37_a_downsizer__parameterized0/viterbi_axis_system_ps8_0_axi_periph_imp_auto_ds_0_axi_data_fifo_v2_1_36_axic_fifo__parameterized0_8/viterbi_axis_system_ps8_0_axi_periph_imp_auto_ds_0_axi_data_fifo_v2_1_36_fifo_gen__parameterized0_9/<hidden>/<hidden>/<hidden>/<hidden>/<hidden>
                         net (fo=32, routed)          0.101     1.426    viterbi_axis_system_wrapper/viterbi_axis_system/viterbi_axis_system_ps8_0_axi_periph_0/s00_couplers_imp_1CB2IO0/viterbi_axis_system_ps8_0_axi_periph_imp_auto_ds_0/viterbi_axis_system_ps8_0_axi_periph_imp_auto_ds_0_axi_dwidth_converter_v2_1_37_top/viterbi_axis_system_ps8_0_axi_periph_imp_auto_ds_0_axi_dwidth_converter_v2_1_37_axi_downsizer/viterbi_axis_system_ps8_0_axi_periph_imp_auto_ds_0_axi_dwidth_converter_v2_1_37_a_downsizer__parameterized0/viterbi_axis_system_ps8_0_axi_periph_imp_auto_ds_0_axi_data_fifo_v2_1_36_axic_fifo__parameterized0_8/viterbi_axis_system_ps8_0_axi_periph_imp_auto_ds_0_axi_data_fifo_v2_1_36_fifo_gen__parameterized0_9/<hidden>/<hidden>/<hidden>/<hidden>/<hidden>/<hidden>
    SLICE_X32Y244        FDPE                                         f  viterbi_axis_system_wrapper/viterbi_axis_system/viterbi_axis_system_ps8_0_axi_periph_0/s00_couplers_imp_1CB2IO0/viterbi_axis_system_ps8_0_axi_periph_imp_auto_ds_0/viterbi_axis_system_ps8_0_axi_periph_imp_auto_ds_0_axi_dwidth_converter_v2_1_37_top/viterbi_axis_system_ps8_0_axi_periph_imp_auto_ds_0_axi_dwidth_converter_v2_1_37_axi_downsizer/viterbi_axis_system_ps8_0_axi_periph_imp_auto_ds_0_axi_dwidth_converter_v2_1_37_a_downsizer__parameterized0/viterbi_axis_system_ps8_0_axi_periph_imp_auto_ds_0_axi_data_fifo_v2_1_36_axic_fifo__parameterized0_8/viterbi_axis_system_ps8_0_axi_periph_imp_auto_ds_0_axi_data_fifo_v2_1_36_fifo_gen__parameterized0_9/<hidden>/<hidden>/<hidden>/<hidden>/<hidden>/<hidden>
  -------------------------------------------------------------------    -------------------

                         (clock clk_pl_0 rise edge)
                                                      0.000     0.000 r  
    PS8_X0Y0             PS8                          0.000     0.000 r  viterbi_axis_system_i/zynq_ultra_ps_e_0/inst/PS8_i/PLCLK[0]
                         net (fo=1, routed)           0.154     0.154    viterbi_axis_system_i/zynq_ultra_ps_e_0/inst/pl_clk_unbuffered[0]
    BUFG_PS_X0Y80        BUFG_PS (Prop_BUFG_PS_I_O)
                                                      0.018     0.172 r  viterbi_axis_system_i/zynq_ultra_ps_e_0/inst/buffer_pl_clk_0.PL_CLK_0_BUFG/O
    X1Y2 (CLOCK_ROOT)    net (fo=10293, routed)       1.207     1.379    viterbi_axis_system_wrapper/viterbi_axis_system/viterbi_axis_system_ps8_0_axi_periph_0/s00_couplers_imp_1CB2IO0/viterbi_axis_system_ps8_0_axi_periph_imp_auto_ds_0/viterbi_axis_system_ps8_0_axi_periph_imp_auto_ds_0_axi_dwidth_converter_v2_1_37_top/viterbi_axis_system_ps8_0_axi_periph_imp_auto_ds_0_axi_dwidth_converter_v2_1_37_axi_downsizer/viterbi_axis_system_ps8_0_axi_periph_imp_auto_ds_0_axi_dwidth_converter_v2_1_37_a_downsizer__parameterized0/viterbi_axis_system_ps8_0_axi_periph_imp_auto_ds_0_axi_data_fifo_v2_1_36_axic_fifo__parameterized0_8/viterbi_axis_system_ps8_0_axi_periph_imp_auto_ds_0_axi_data_fifo_v2_1_36_fifo_gen__parameterized0_9/<hidden>/<hidden>/<hidden>/<hidden>/<hidden>/<hidden>
    SLICE_X32Y244        FDPE                                         r  viterbi_axis_system_wrapper/viterbi_axis_system/viterbi_axis_system_ps8_0_axi_periph_0/s00_couplers_imp_1CB2IO0/viterbi_axis_system_ps8_0_axi_periph_imp_auto_ds_0/viterbi_axis_system_ps8_0_axi_periph_imp_auto_ds_0_axi_dwidth_converter_v2_1_37_top/viterbi_axis_system_ps8_0_axi_periph_imp_auto_ds_0_axi_dwidth_converter_v2_1_37_axi_downsizer/viterbi_axis_system_ps8_0_axi_periph_imp_auto_ds_0_axi_dwidth_converter_v2_1_37_a_downsizer__parameterized0/viterbi_axis_system_ps8_0_axi_periph_imp_auto_ds_0_axi_data_fifo_v2_1_36_axic_fifo__parameterized0_8/viterbi_axis_system_ps8_0_axi_periph_imp_auto_ds_0_axi_data_fifo_v2_1_36_fifo_gen__parameterized0_9/<hidden>/<hidden>/<hidden>/<hidden>/<hidden>/<hidden>
                         clock pessimism             -0.162     1.217    
    SLICE_X32Y244        FDPE (Remov_EFF_SLICEL_C_PRE)
                                                     -0.020     1.197    viterbi_axis_system_wrapper/viterbi_axis_system/viterbi_axis_system_ps8_0_axi_periph_0/s00_couplers_imp_1CB2IO0/viterbi_axis_system_ps8_0_axi_periph_imp_auto_ds_0/viterbi_axis_system_ps8_0_axi_periph_imp_auto_ds_0_axi_dwidth_converter_v2_1_37_top/viterbi_axis_system_ps8_0_axi_periph_imp_auto_ds_0_axi_dwidth_converter_v2_1_37_axi_downsizer/viterbi_axis_system_ps8_0_axi_periph_imp_auto_ds_0_axi_dwidth_converter_v2_1_37_a_downsizer__parameterized0/viterbi_axis_system_ps8_0_axi_periph_imp_auto_ds_0_axi_data_fifo_v2_1_36_axic_fifo__parameterized0_8/viterbi_axis_system_ps8_0_axi_periph_imp_auto_ds_0_axi_data_fifo_v2_1_36_fifo_gen__parameterized0_9/<hidden>/<hidden>/<hidden>/<hidden>/<hidden>/<hidden>
  -------------------------------------------------------------------
                         required time                         -1.197    
                         arrival time                           1.426    
  -------------------------------------------------------------------
                         slack                                  0.229    





