Copyright 1986-2022 Xilinx, Inc. All Rights Reserved. Copyright 2022-2025 Advanced Micro Devices, Inc. All Rights Reserved.
--------------------------------------------------------------------------------------------------------------------------------------------------
| Tool Version      : Vivado v.2025.2 (lin64) Build 6299465 Fri Nov 14 12:34:56 MST 2025
| Date              : Thu Oct  1 17:22:42 2026
| Host              : jotshawlinux-Legion running 64-bit Ubuntu 24.04.5 LTS
| Command           : report_timing_summary -file ./viterbi_axis_timing_summary_impl2.rpt
| Design            : viterbi_axis_system_wrapper
| Device            : xczu7ev-ffvc1156
| Speed File        : -2  PRODUCTION 1.30 05-15-2022
| Design State      : Routed
| Temperature Grade : E
--------------------------------------------------------------------------------------------------------------------------------------------------

Timing Summary Report

------------------------------------------------------------------------------------------------
| Timer Settings
| --------------
------------------------------------------------------------------------------------------------

  Enable Multi Corner Analysis               :  Yes
  Enable Pessimism Removal                   :  Yes
  Pessimism Removal Resolution               :  Nearest Common Node
  Enable Input Delay Default Clock           :  No
  Enable Preset / Clear Arcs                 :  No
  Disable Flight Delays                      :  No
  Ignore I/O Paths                           :  No
  Timing Early Launch at Borrowing Latches   :  No
  Borrow Time for Max Delay Exceptions       :  Yes
  Merge Timing Exceptions                    :  Yes
  Inter-SLR Compensation                     :  Conservative

  Corner  Analyze    Analyze    
  Name    Max Paths  Min Paths  
  ------  ---------  ---------  
  Slow    Yes        Yes        
  Fast    Yes        Yes        


------------------------------------------------------------------------------------------------
| Report Methodology
| ------------------
------------------------------------------------------------------------------------------------

Rule     Severity  Description                   Violations  
-------  --------  ----------------------------  ----------  
LUTAR-1  Warning   LUT drives async reset alert  3           

Note: This report is based on the most recent report_methodology run and may not be up-to-date. Run report_methodology on the current design for the latest report.



check_timing report

Table of Contents
-----------------
1. checking no_clock (0)
2. checking constant_clock (0)
3. checking pulse_width_clock (0)
4. checking unconstrained_internal_endpoints (0)
5. checking no_input_delay (0)
6. checking no_output_delay (0)
7. checking multiple_clock (0)
8. checking generated_clocks (0)
9. checking loops (0)
10. checking partial_input_delay (0)
11. checking partial_output_delay (0)
12. checking latch_loops (0)

1. checking no_clock (0)
------------------------
 There are 0 register/latch pins with no clock.


2. checking constant_clock (0)
------------------------------
 There are 0 register/latch pins with constant_clock.


3. checking pulse_width_clock (0)
---------------------------------
 There are 0 register/latch pins which need pulse_width check


4. checking unconstrained_internal_endpoints (0)
------------------------------------------------
 There are 0 pins that are not constrained for maximum delay.

 There are 0 pins that are not constrained for maximum delay due to constant clock.


5. checking no_input_delay (0)
------------------------------
 There are 0 input ports with no input delay specified.

 There are 0 input ports with no input delay but user has a false path constraint.


6. checking no_output_delay (0)
-------------------------------
 There are 0 ports with no output delay specified.

 There are 0 ports with no output delay but user has a false path constraint

 There are 0 ports with no output delay but with a timing clock defined on it or propagating through it


7. checking multiple_clock (0)
------------------------------
 There are 0 register/latch pins with multiple clocks.


8. checking generated_clocks (0)
--------------------------------
 There are 0 generated clocks that are not connected to a clock source.


9. checking loops (0)
---------------------
 There are 0 combinational loops in the design.


10. checking partial_input_delay (0)
------------------------------------
 There are 0 input ports with partial input delay specified.


11. checking partial_output_delay (0)
-------------------------------------
 There are 0 ports with partial output delay specified.


12. checking latch_loops (0)
----------------------------
 There are 0 combinational latch loops in the design through latch input



------------------------------------------------------------------------------------------------
| Design Timing Summary
| ---------------------
------------------------------------------------------------------------------------------------

    WNS(ns)      TNS(ns)  TNS Failing Endpoints  TNS Total Endpoints      WHS(ns)      THS(ns)  THS Failing Endpoints  THS Total Endpoints     WPWS(ns)     TPWS(ns)  TPWS Failing Endpoints  TPWS Total Endpoints  
    -------      -------  ---------------------  -------------------      -------      -------  ---------------------  -------------------     --------     --------  ----------------------  --------------------  
      0.090        0.000                      0                25475        0.013        0.000                      0                25475        3.500        0.000                       0                 10293  


All user specified timing constraints are met.


------------------------------------------------------------------------------------------------
| Clock Summary
| -------------
------------------------------------------------------------------------------------------------

Clock     Waveform(ns)       Period(ns)      Frequency(MHz)
-----     ------------       ----------      --------------
clk_pl_0  {0.000 5.000}      10.000          100.000         


------------------------------------------------------------------------------------------------
| Intra Clock Table
| -----------------
------------------------------------------------------------------------------------------------

Clock             WNS(ns)      TNS(ns)  TNS Failing Endpoints  TNS Total Endpoints      WHS(ns)      THS(ns)  THS Failing Endpoints  THS Total Endpoints     WPWS(ns)     TPWS(ns)  TPWS Failing Endpoints  TPWS Total Endpoints  
-----             -------      -------  ---------------------  -------------------      -------      -------  ---------------------  -------------------     --------     --------  ----------------------  --------------------  
clk_pl_0            0.090        0.000                      0                25379        0.013        0.000                      0                25379        3.500        0.000                       0                 10293  


------------------------------------------------------------------------------------------------
| Inter Clock Table
| -----------------
------------------------------------------------------------------------------------------------

From Clock    To Clock          WNS(ns)      TNS(ns)  TNS Failing Endpoints  TNS Total Endpoints      WHS(ns)      THS(ns)  THS Failing Endpoints  THS Total Endpoints  
----------    --------          -------      -------  ---------------------  -------------------      -------      -------  ---------------------  -------------------  


------------------------------------------------------------------------------------------------
| Other Path Groups Table
| -----------------------
------------------------------------------------------------------------------------------------

Path Group         From Clock         To Clock               WNS(ns)      TNS(ns)  TNS Failing Endpoints  TNS Total Endpoints      WHS(ns)      THS(ns)  THS Failing Endpoints  THS Total Endpoints  
----------         ----------         --------               -------      -------  ---------------------  -------------------      -------      -------  ---------------------  -------------------  
**async_default**  clk_pl_0           clk_pl_0                 8.802        0.000                      0                   96        0.221        0.000                      0                   96  


------------------------------------------------------------------------------------------------
| Timing Details
| --------------
------------------------------------------------------------------------------------------------


---------------------------------------------------------------------------------------------------
From Clock:  clk_pl_0
  To Clock:  clk_pl_0

Setup :            0  Failing Endpoints,  Worst Slack        0.090ns,  Total Violation        0.000ns
Hold  :            0  Failing Endpoints,  Worst Slack        0.013ns,  Total Violation        0.000ns
PW    :            0  Failing Endpoints,  Worst Slack        3.500ns,  Total Violation        0.000ns
---------------------------------------------------------------------------------------------------


Max Delay Paths
--------------------------------------------------------------------------------------
Slack (MET) :             0.090ns  (required time - arrival time)
  Source:                 viterbi_axis_system_i/axi_dma_0/U0/I_PRMRY_DATAMOVER/GEN_MM2S_FULL.I_MM2S_FULL_WRAPPER/ENABLE_AXIS_SKID.I_MM2S_SKID_BUF/sig_data_reg_out_reg[0]/C
                            (rising edge-triggered cell FDRE clocked by clk_pl_0  {rise@0.000ns fall@5.000ns period=10.000ns})
  Destination:            viterbi_axis_system_i/viterbi_k7_axis_0/U0/u_core/tb_state_reg[1]/D
                            (rising edge-triggered cell FDRE clocked by clk_pl_0  {rise@0.000ns fall@5.000ns period=10.000ns})
  Path Group:             clk_pl_0
  Path Type:              Setup (Max at Slow Process Corner)
  Requirement:            10.000ns  (clk_pl_0 rise@10.000ns - clk_pl_0 rise@0.000ns)
  Data Path Delay:        9.706ns  (logic 2.994ns (30.847%)  route 6.712ns (69.153%))
  Logic Levels:           30  (CARRY8=9 LUT2=2 LUT3=4 LUT4=2 LUT5=3 LUT6=10)
  Clock Path Skew:        -0.099ns (DCD - SCD + CPR)
    Destination Clock Delay (DCD):    1.701ns = ( 11.701 - 10.000 ) 
    Source Clock Delay      (SCD):    1.959ns
    Clock Pessimism Removal (CPR):    0.159ns
  Clock Uncertainty:      0.130ns  ((TSJ^2 + DJ^2)^1/2) / 2 + PE
    Total System Jitter     (TSJ):    0.071ns
    Discrete Jitter          (DJ):    0.250ns
    Phase Error              (PE):    0.000ns
  Clock Net Delay (Source):      1.751ns (routing 0.569ns, distribution 1.182ns)
  Clock Net Delay (Destination): 1.533ns (routing 0.512ns, distribution 1.021ns)

    Location             Delay type                Incr(ns)  Path(ns)    Netlist Resource(s)
  -------------------------------------------------------------------    -------------------
                         (clock clk_pl_0 rise edge)
                                                      0.000     0.000 r  
    PS8_X0Y0             PS8                          0.000     0.000 r  viterbi_axis_system_i/zynq_ultra_ps_e_0/inst/PS8_i/PLCLK[0]
                         net (fo=1, routed)           0.180     0.180    viterbi_axis_system_i/zynq_ultra_ps_e_0/inst/pl_clk_unbuffered[0]
    BUFG_PS_X0Y80        BUFG_PS (Prop_BUFG_PS_I_O)
                                                      0.028     0.208 r  viterbi_axis_system_i/zynq_ultra_ps_e_0/inst/buffer_pl_clk_0.PL_CLK_0_BUFG/O
    X1Y2 (CLOCK_ROOT)    net (fo=10293, routed)       1.751     1.959    viterbi_axis_system_i/axi_dma_0/U0/I_PRMRY_DATAMOVER/GEN_MM2S_FULL.I_MM2S_FULL_WRAPPER/ENABLE_AXIS_SKID.I_MM2S_SKID_BUF/m_axi_mm2s_aclk
    SLICE_X63Y148        FDRE                                         r  viterbi_axis_system_i/axi_dma_0/U0/I_PRMRY_DATAMOVER/GEN_MM2S_FULL.I_MM2S_FULL_WRAPPER/ENABLE_AXIS_SKID.I_MM2S_SKID_BUF/sig_data_reg_out_reg[0]/C
  -------------------------------------------------------------------    -------------------
    SLICE_X63Y148        FDRE (Prop_FFF_SLICEM_C_Q)
                                                      0.076     2.035 f  viterbi_axis_system_i/axi_dma_0/U0/I_PRMRY_DATAMOVER/GEN_MM2S_FULL.I_MM2S_FULL_WRAPPER/ENABLE_AXIS_SKID.I_MM2S_SKID_BUF/sig_data_reg_out_reg[0]/Q
                         net (fo=777, routed)         0.741     2.776    viterbi_axis_system_i/viterbi_k7_axis_0/U0/u_core/s_axis_tdata[0]
    SLICE_X59Y139        LUT5 (Prop_H6LUT_SLICEL_I3_O)
                                                      0.051     2.827 r  viterbi_axis_system_i/viterbi_k7_axis_0/U0/u_core/path_metric[8][7]_i_5/O
                         net (fo=2, routed)           0.160     2.987    viterbi_axis_system_i/viterbi_k7_axis_0/U0/u_core/path_metric[8][7]_i_5_n_0
    SLICE_X60Y139        LUT6 (Prop_B6LUT_SLICEL_I0_O)
                                                      0.098     3.085 r  viterbi_axis_system_i/viterbi_k7_axis_0/U0/u_core/path_metric[8][7]_i_8/O
                         net (fo=1, routed)           0.009     3.094    viterbi_axis_system_i/viterbi_k7_axis_0/U0/u_core/path_metric[8][7]_i_8_n_0
    SLICE_X60Y139        CARRY8 (Prop_CARRY8_SLICEL_S[1]_CO[7])
                                                      0.186     3.280 r  viterbi_axis_system_i/viterbi_k7_axis_0/U0/u_core/path_metric_reg[8][7]_i_2/CO[7]
                         net (fo=1, routed)           0.026     3.306    viterbi_axis_system_i/viterbi_k7_axis_0/U0/u_core/path_metric_reg[8][7]_i_2_n_0
    SLICE_X60Y140        CARRY8 (Prop_CARRY8_SLICEL_CI_O[1])
                                                      0.076     3.382 r  viterbi_axis_system_i/viterbi_k7_axis_0/U0/u_core/path_metric_reg[8][12]_i_4/O[1]
                         net (fo=4, routed)           0.402     3.784    viterbi_axis_system_i/viterbi_k7_axis_0/U0/u_core/path_metric_reg[8][12]_i_4_n_14
    SLICE_X59Y142        LUT4 (Prop_E6LUT_SLICEL_I0_O)
                                                      0.123     3.907 r  viterbi_axis_system_i/viterbi_k7_axis_0/U0/u_core/survivor_mem_reg_uram_0_i_1034/O
                         net (fo=1, routed)           0.007     3.914    viterbi_axis_system_i/viterbi_k7_axis_0/U0/u_core/survivor_mem_reg_uram_0_i_1034_n_0
    SLICE_X59Y142        CARRY8 (Prop_CARRY8_SLICEL_S[4]_CO[7])
                                                      0.160     4.074 r  viterbi_axis_system_i/viterbi_k7_axis_0/U0/u_core/survivor_mem_reg_uram_0_i_127/CO[7]
                         net (fo=44, routed)          0.407     4.480    viterbi_axis_system_i/viterbi_k7_axis_0/U0/u_core/survivor_mem_reg_uram_0_i_127_n_0
    SLICE_X63Y142        LUT3 (Prop_A6LUT_SLICEM_I1_O)
                                                      0.053     4.533 r  viterbi_axis_system_i/viterbi_k7_axis_0/U0/u_core/path_metric[8][9]_i_1/O
                         net (fo=4, routed)           0.113     4.646    viterbi_axis_system_i/viterbi_k7_axis_0/U0/u_core/path_metric[8][9]_i_1_n_0
    SLICE_X63Y142        LUT6 (Prop_C6LUT_SLICEM_I0_O)
                                                      0.145     4.791 r  viterbi_axis_system_i/viterbi_k7_axis_0/U0/u_core/tb_state[0]_i_436/O
                         net (fo=1, routed)           0.266     5.057    viterbi_axis_system_i/viterbi_k7_axis_0/U0/u_core/tb_state[0]_i_436_n_0
    SLICE_X62Y142        CARRY8 (Prop_CARRY8_SLICEL_DI[4]_CO[7])
                                                      0.098     5.155 r  viterbi_axis_system_i/viterbi_k7_axis_0/U0/u_core/tb_state_reg[0]_i_209/CO[7]
                         net (fo=33, routed)          0.274     5.429    viterbi_axis_system_i/viterbi_k7_axis_0/U0/u_core/tb_state_reg[0]_i_209_n_0
    SLICE_X62Y143        LUT5 (Prop_B6LUT_SLICEL_I3_O)
                                                      0.124     5.553 f  viterbi_axis_system_i/viterbi_k7_axis_0/U0/u_core/tb_state[2]_i_362/O
                         net (fo=5, routed)           0.436     5.990    viterbi_axis_system_i/viterbi_k7_axis_0/U0/u_core/tb_state[2]_i_362_n_0
    SLICE_X60Y138        LUT6 (Prop_H6LUT_SLICEL_I0_O)
                                                      0.090     6.080 f  viterbi_axis_system_i/viterbi_k7_axis_0/U0/u_core/tb_state[0]_i_451/O
                         net (fo=1, routed)           0.386     6.466    viterbi_axis_system_i/viterbi_k7_axis_0/U0/u_core/tb_state[0]_i_451_n_0
    SLICE_X62Y138        CARRY8 (Prop_CARRY8_SLICEL_DI[5]_CO[7])
                                                      0.090     6.556 f  viterbi_axis_system_i/viterbi_k7_axis_0/U0/u_core/tb_state_reg[0]_i_210/CO[7]
                         net (fo=19, routed)          0.339     6.894    viterbi_axis_system_i/viterbi_k7_axis_0/U0/u_core/tb_state_reg[0]_i_210_n_0
    SLICE_X63Y143        LUT2 (Prop_E6LUT_SLICEM_I0_O)
                                                      0.037     6.931 r  viterbi_axis_system_i/viterbi_k7_axis_0/U0/u_core/tb_state[2]_i_360/O
                         net (fo=8, routed)           0.408     7.339    viterbi_axis_system_i/viterbi_k7_axis_0/U0/u_core/tb_state[2]_i_360_n_0
    SLICE_X59Y144        LUT6 (Prop_C6LUT_SLICEL_I2_O)
                                                      0.088     7.427 r  viterbi_axis_system_i/viterbi_k7_axis_0/U0/u_core/tb_state[2]_i_338/O
                         net (fo=1, routed)           0.290     7.717    viterbi_axis_system_i/viterbi_k7_axis_0/U0/u_core/tb_state[2]_i_338_n_0
    SLICE_X58Y152        LUT3 (Prop_B6LUT_SLICEL_I0_O)
                                                      0.124     7.841 r  viterbi_axis_system_i/viterbi_k7_axis_0/U0/u_core/tb_state[2]_i_140/O
                         net (fo=1, routed)           0.009     7.850    viterbi_axis_system_i/viterbi_k7_axis_0/U0/u_core/tb_state[2]_i_140_n_0
    SLICE_X58Y152        CARRY8 (Prop_CARRY8_SLICEL_S[1]_CO[7])
                                                      0.193     8.043 r  viterbi_axis_system_i/viterbi_k7_axis_0/U0/u_core/tb_state_reg[2]_i_44/CO[7]
                         net (fo=20, routed)          0.443     8.486    viterbi_axis_system_i/viterbi_k7_axis_0/U0/u_core/tb_state_reg[2]_i_44_n_0
    SLICE_X57Y162        LUT3 (Prop_H6LUT_SLICEM_I1_O)
                                                      0.090     8.576 r  viterbi_axis_system_i/viterbi_k7_axis_0/U0/u_core/tb_state[5]_i_226/O
                         net (fo=4, routed)           0.165     8.741    viterbi_axis_system_i/viterbi_k7_axis_0/U0/u_core/tb_state[5]_i_226_n_0
    SLICE_X57Y165        LUT4 (Prop_A6LUT_SLICEM_I2_O)
                                                      0.125     8.866 r  viterbi_axis_system_i/viterbi_k7_axis_0/U0/u_core/tb_state[3]_i_32/O
                         net (fo=1, routed)           0.013     8.879    viterbi_axis_system_i/viterbi_k7_axis_0/U0/u_core/tb_state[3]_i_32_n_0
    SLICE_X57Y165        CARRY8 (Prop_CARRY8_SLICEM_S[0]_CO[7])
                                                      0.199     9.078 r  viterbi_axis_system_i/viterbi_k7_axis_0/U0/u_core/tb_state_reg[3]_i_7/CO[7]
                         net (fo=44, routed)          0.270     9.348    viterbi_axis_system_i/viterbi_k7_axis_0/U0/u_core/tb_state_reg[3]_i_7_n_0
    SLICE_X57Y171        LUT3 (Prop_A6LUT_SLICEM_I2_O)
                                                      0.053     9.401 f  viterbi_axis_system_i/viterbi_k7_axis_0/U0/u_core/tb_state[4]_i_55/O
                         net (fo=2, routed)           0.214     9.614    viterbi_axis_system_i/viterbi_k7_axis_0/U0/u_core/tb_state[4]_i_55_n_0
    SLICE_X59Y172        LUT6 (Prop_G6LUT_SLICEL_I5_O)
                                                      0.123     9.737 r  viterbi_axis_system_i/viterbi_k7_axis_0/U0/u_core/tb_state[4]_i_23/O
                         net (fo=1, routed)           0.166     9.903    viterbi_axis_system_i/viterbi_k7_axis_0/U0/u_core/tb_state[4]_i_23_n_0
    SLICE_X59Y171        CARRY8 (Prop_CARRY8_SLICEL_DI[4]_CO[7])
                                                      0.098    10.001 r  viterbi_axis_system_i/viterbi_k7_axis_0/U0/u_core/tb_state_reg[4]_i_3/CO[7]
                         net (fo=24, routed)          0.258    10.260    viterbi_axis_system_i/viterbi_k7_axis_0/U0/u_core/tb_state_reg[4]_i_3_n_0
    SLICE_X56Y171        LUT6 (Prop_B6LUT_SLICEM_I2_O)
                                                      0.052    10.312 f  viterbi_axis_system_i/viterbi_k7_axis_0/U0/u_core/tb_state[5]_i_52/O
                         net (fo=2, routed)           0.226    10.538    viterbi_axis_system_i/viterbi_k7_axis_0/U0/u_core/tb_state[5]_i_52_n_0
    SLICE_X54Y170        LUT6 (Prop_C6LUT_SLICEM_I0_O)
                                                      0.088    10.626 f  viterbi_axis_system_i/viterbi_k7_axis_0/U0/u_core/tb_state[5]_i_12/O
                         net (fo=1, routed)           0.129    10.755    viterbi_axis_system_i/viterbi_k7_axis_0/U0/u_core/tb_state[5]_i_12_n_0
    SLICE_X54Y171        CARRY8 (Prop_CARRY8_SLICEM_DI[2]_CO[7])
                                                      0.117    10.872 f  viterbi_axis_system_i/viterbi_k7_axis_0/U0/u_core/tb_state_reg[5]_i_5/CO[7]
                         net (fo=14, routed)          0.213    11.085    viterbi_axis_system_i/viterbi_k7_axis_0/U0/u_core/tb_state_reg[5]_i_5_n_0
    SLICE_X55Y170        LUT2 (Prop_E6LUT_SLICEL_I1_O)
                                                      0.035    11.120 f  viterbi_axis_system_i/viterbi_k7_axis_0/U0/u_core/tb_state[1]_i_196/O
                         net (fo=1, routed)           0.040    11.160    viterbi_axis_system_i/viterbi_k7_axis_0/U0/u_core/tb_state[1]_i_196_n_0
    SLICE_X55Y170        LUT6 (Prop_C6LUT_SLICEL_I5_O)
                                                      0.088    11.248 r  viterbi_axis_system_i/viterbi_k7_axis_0/U0/u_core/tb_state[1]_i_40/O
                         net (fo=1, routed)           0.088    11.336    viterbi_axis_system_i/viterbi_k7_axis_0/U0/u_core/tb_state[1]_i_40_n_0
    SLICE_X54Y169        LUT6 (Prop_H6LUT_SLICEM_I0_O)
                                                      0.039    11.375 r  viterbi_axis_system_i/viterbi_k7_axis_0/U0/u_core/tb_state[1]_i_8/O
                         net (fo=1, routed)           0.106    11.481    viterbi_axis_system_i/viterbi_k7_axis_0/U0/u_core/tb_state[1]_i_8_n_0
    SLICE_X53Y170        LUT6 (Prop_A6LUT_SLICEM_I0_O)
                                                      0.038    11.519 r  viterbi_axis_system_i/viterbi_k7_axis_0/U0/u_core/tb_state[1]_i_3/O
                         net (fo=1, routed)           0.043    11.562    viterbi_axis_system_i/viterbi_k7_axis_0/U0/u_core/tb_state[1]_i_3_n_0
    SLICE_X53Y170        LUT5 (Prop_C6LUT_SLICEM_I4_O)
                                                      0.037    11.599 r  viterbi_axis_system_i/viterbi_k7_axis_0/U0/u_core/tb_state[1]_i_1/O
                         net (fo=1, routed)           0.066    11.665    viterbi_axis_system_i/viterbi_k7_axis_0/U0/u_core/tb_state[1]_i_1_n_0
    SLICE_X53Y170        FDRE                                         r  viterbi_axis_system_i/viterbi_k7_axis_0/U0/u_core/tb_state_reg[1]/D
  -------------------------------------------------------------------    -------------------

                         (clock clk_pl_0 rise edge)
                                                     10.000    10.000 r  
    PS8_X0Y0             PS8                          0.000    10.000 r  viterbi_axis_system_i/zynq_ultra_ps_e_0/inst/PS8_i/PLCLK[0]
                         net (fo=1, routed)           0.143    10.143    viterbi_axis_system_i/zynq_ultra_ps_e_0/inst/pl_clk_unbuffered[0]
    BUFG_PS_X0Y80        BUFG_PS (Prop_BUFG_PS_I_O)
                                                      0.025    10.168 r  viterbi_axis_system_i/zynq_ultra_ps_e_0/inst/buffer_pl_clk_0.PL_CLK_0_BUFG/O
    X1Y2 (CLOCK_ROOT)    net (fo=10293, routed)       1.533    11.701    viterbi_axis_system_i/viterbi_k7_axis_0/U0/u_core/clk
    SLICE_X53Y170        FDRE                                         r  viterbi_axis_system_i/viterbi_k7_axis_0/U0/u_core/tb_state_reg[1]/C
                         clock pessimism              0.159    11.860    
                         clock uncertainty           -0.130    11.730    
    SLICE_X53Y170        FDRE (Setup_CFF_SLICEM_C_D)
                                                      0.025    11.755    viterbi_axis_system_i/viterbi_k7_axis_0/U0/u_core/tb_state_reg[1]
  -------------------------------------------------------------------
                         required time                         11.755    
                         arrival time                         -11.665    
  -------------------------------------------------------------------
                         slack                                  0.090    





Min Delay Paths
--------------------------------------------------------------------------------------
Slack (MET) :             0.013ns  (arrival time - required time)
  Source:                 viterbi_axis_system_wrapper/viterbi_axis_system/viterbi_axis_system_ps8_0_axi_periph_0/s00_couplers_imp_1CB2IO0/viterbi_axis_system_ps8_0_axi_periph_imp_auto_ds_0/viterbi_axis_system_ps8_0_axi_periph_imp_auto_ds_0_axi_dwidth_converter_v2_1_37_top/viterbi_axis_system_ps8_0_axi_periph_imp_auto_ds_0_axi_dwidth_converter_v2_1_37_axi_downsizer/viterbi_axis_system_ps8_0_axi_periph_imp_auto_ds_0_axi_dwidth_converter_v2_1_37_a_downsizer/viterbi_axis_system_ps8_0_axi_periph_imp_auto_ds_0_axi_data_fifo_v2_1_36_axic_fifo__parameterized0/viterbi_axis_system_ps8_0_axi_periph_imp_auto_ds_0_axi_data_fifo_v2_1_36_fifo_gen__parameterized0/<hidden>/<hidden>/<hidden>/<hidden>/<hidden>/<hidden>
                            (rising edge-triggered cell FDRE clocked by clk_pl_0  {rise@0.000ns fall@5.000ns period=10.000ns})
  Destination:            viterbi_axis_system_wrapper/viterbi_axis_system/viterbi_axis_system_ps8_0_axi_periph_0/s00_couplers_imp_1CB2IO0/viterbi_axis_system_ps8_0_axi_periph_imp_auto_ds_0/viterbi_axis_system_ps8_0_axi_periph_imp_auto_ds_0_axi_dwidth_converter_v2_1_37_top/viterbi_axis_system_ps8_0_axi_periph_imp_auto_ds_0_axi_dwidth_converter_v2_1_37_axi_downsizer/viterbi_axis_system_ps8_0_axi_periph_imp_auto_ds_0_axi_dwidth_converter_v2_1_37_a_downsizer/viterbi_axis_system_ps8_0_axi_periph_imp_auto_ds_0_axi_data_fifo_v2_1_36_axic_fifo__parameterized0/viterbi_axis_system_ps8_0_axi_periph_imp_auto_ds_0_axi_data_fifo_v2_1_36_fifo_gen__parameterized0/<hidden>/<hidden>/<hidden>/<hidden>/<hidden>
                            (rising edge-triggered cell FDRE clocked by clk_pl_0  {rise@0.000ns fall@5.000ns period=10.000ns})
  Path Group:             clk_pl_0
  Path Type:              Hold (Min at Slow Process Corner)
  Requirement:            0.000ns  (clk_pl_0 rise@0.000ns - clk_pl_0 rise@0.000ns)
  Data Path Delay:        0.139ns  (logic 0.061ns (43.885%)  route 0.078ns (56.115%))
  Logic Levels:           0  
  Clock Path Skew:        0.064ns (DCD - SCD - CPR)
    Destination Clock Delay (DCD):    2.195ns
    Source Clock Delay      (SCD):    1.902ns
    Clock Pessimism Removal (CPR):    0.230ns
  Clock Net Delay (Source):      1.734ns (routing 0.512ns, distribution 1.222ns)
  Clock Net Delay (Destination): 1.987ns (routing 0.569ns, distribution 1.418ns)

    Location             Delay type                Incr(ns)  Path(ns)    Netlist Resource(s)
  -------------------------------------------------------------------    -------------------
                         (clock clk_pl_0 rise edge)
                                                      0.000     0.000 r  
    PS8_X0Y0             PS8                          0.000     0.000 r  viterbi_axis_system_i/zynq_ultra_ps_e_0/inst/PS8_i/PLCLK[0]
                         net (fo=1, routed)           0.143     0.143    viterbi_axis_system_i/zynq_ultra_ps_e_0/inst/pl_clk_unbuffered[0]
    BUFG_PS_X0Y80        BUFG_PS (Prop_BUFG_PS_I_O)
                                                      0.025     0.168 r  viterbi_axis_system_i/zynq_ultra_ps_e_0/inst/buffer_pl_clk_0.PL_CLK_0_BUFG/O
    X1Y2 (CLOCK_ROOT)    net (fo=10293, routed)       1.734     1.902    viterbi_axis_system_wrapper/viterbi_axis_system/viterbi_axis_system_ps8_0_axi_periph_0/s00_couplers_imp_1CB2IO0/viterbi_axis_system_ps8_0_axi_periph_imp_auto_ds_0/viterbi_axis_system_ps8_0_axi_periph_imp_auto_ds_0_axi_dwidth_converter_v2_1_37_top/viterbi_axis_system_ps8_0_axi_periph_imp_auto_ds_0_axi_dwidth_converter_v2_1_37_axi_downsizer/viterbi_axis_system_ps8_0_axi_periph_imp_auto_ds_0_axi_dwidth_converter_v2_1_37_a_downsizer/viterbi_axis_system_ps8_0_axi_periph_imp_auto_ds_0_axi_data_fifo_v2_1_36_axic_fifo__parameterized0/viterbi_axis_system_ps8_0_axi_periph_imp_auto_ds_0_axi_data_fifo_v2_1_36_fifo_gen__parameterized0/<hidden>/<hidden>/<hidden>/<hidden>/<hidden>/<hidden>
    SLICE_X21Y250        FDRE                                         r  viterbi_axis_system_wrapper/viterbi_axis_system/viterbi_axis_system_ps8_0_axi_periph_0/s00_couplers_imp_1CB2IO0/viterbi_axis_system_ps8_0_axi_periph_imp_auto_ds_0/viterbi_axis_system_ps8_0_axi_periph_imp_auto_ds_0_axi_dwidth_converter_v2_1_37_top/viterbi_axis_system_ps8_0_axi_periph_imp_auto_ds_0_axi_dwidth_converter_v2_1_37_axi_downsizer/viterbi_axis_system_ps8_0_axi_periph_imp_auto_ds_0_axi_dwidth_converter_v2_1_37_a_downsizer/viterbi_axis_system_ps8_0_axi_periph_imp_auto_ds_0_axi_data_fifo_v2_1_36_axic_fifo__parameterized0/viterbi_axis_system_ps8_0_axi_periph_imp_auto_ds_0_axi_data_fifo_v2_1_36_fifo_gen__parameterized0/<hidden>/<hidden>/<hidden>/<hidden>/<hidden>/<hidden>
  -------------------------------------------------------------------    -------------------
    SLICE_X21Y250        FDRE (Prop_DFF2_SLICEM_C_Q)
                                                      0.061     1.963 r  viterbi_axis_system_wrapper/viterbi_axis_system/viterbi_axis_system_ps8_0_axi_periph_0/s00_couplers_imp_1CB2IO0/viterbi_axis_system_ps8_0_axi_periph_imp_auto_ds_0/viterbi_axis_system_ps8_0_axi_periph_imp_auto_ds_0_axi_dwidth_converter_v2_1_37_top/viterbi_axis_system_ps8_0_axi_periph_imp_auto_ds_0_axi_dwidth_converter_v2_1_37_axi_downsizer/viterbi_axis_system_ps8_0_axi_periph_imp_auto_ds_0_axi_dwidth_converter_v2_1_37_a_downsizer/viterbi_axis_system_ps8_0_axi_periph_imp_auto_ds_0_axi_data_fifo_v2_1_36_axic_fifo__parameterized0/viterbi_axis_system_ps8_0_axi_periph_imp_auto_ds_0_axi_data_fifo_v2_1_36_fifo_gen__parameterized0/<hidden>/<hidden>/<hidden>/<hidden>/<hidden>/<hidden>
                         net (fo=1, routed)           0.078     2.041    viterbi_axis_system_wrapper/viterbi_axis_system/viterbi_axis_system_ps8_0_axi_periph_0/s00_couplers_imp_1CB2IO0/viterbi_axis_system_ps8_0_axi_periph_imp_auto_ds_0/viterbi_axis_system_ps8_0_axi_periph_imp_auto_ds_0_axi_dwidth_converter_v2_1_37_top/viterbi_axis_system_ps8_0_axi_periph_imp_auto_ds_0_axi_dwidth_converter_v2_1_37_axi_downsizer/viterbi_axis_system_ps8_0_axi_periph_imp_auto_ds_0_axi_dwidth_converter_v2_1_37_a_downsizer/viterbi_axis_system_ps8_0_axi_periph_imp_auto_ds_0_axi_data_fifo_v2_1_36_axic_fifo__parameterized0/viterbi_axis_system_ps8_0_axi_periph_imp_auto_ds_0_axi_data_fifo_v2_1_36_fifo_gen__parameterized0/<hidden>/<hidden>/<hidden>/<hidden>/<hidden>
    SLICE_X21Y251        FDRE                                         r  viterbi_axis_system_wrapper/viterbi_axis_system/viterbi_axis_system_ps8_0_axi_periph_0/s00_couplers_imp_1CB2IO0/viterbi_axis_system_ps8_0_axi_periph_imp_auto_ds_0/viterbi_axis_system_ps8_0_axi_periph_imp_auto_ds_0_axi_dwidth_converter_v2_1_37_top/viterbi_axis_system_ps8_0_axi_periph_imp_auto_ds_0_axi_dwidth_converter_v2_1_37_axi_downsizer/viterbi_axis_system_ps8_0_axi_periph_imp_auto_ds_0_axi_dwidth_converter_v2_1_37_a_downsizer/viterbi_axis_system_ps8_0_axi_periph_imp_auto_ds_0_axi_data_fifo_v2_1_36_axic_fifo__parameterized0/viterbi_axis_system_ps8_0_axi_periph_imp_auto_ds_0_axi_data_fifo_v2_1_36_fifo_gen__parameterized0/<hidden>/<hidden>/<hidden>/<hidden>/<hidden>
  -------------------------------------------------------------------    -------------------

                         (clock clk_pl_0 rise edge)
                                                      0.000     0.000 r  
    PS8_X0Y0             PS8                          0.000     0.000 r  viterbi_axis_system_i/zynq_ultra_ps_e_0/inst/PS8_i/PLCLK[0]
                         net (fo=1, routed)           0.180     0.180    viterbi_axis_system_i/zynq_ultra_ps_e_0/inst/pl_clk_unbuffered[0]
    BUFG_PS_X0Y80        BUFG_PS (Prop_BUFG_PS_I_O)
                                                      0.028     0.208 r  viterbi_axis_system_i/zynq_ultra_ps_e_0/inst/buffer_pl_clk_0.PL_CLK_0_BUFG/O
    X1Y2 (CLOCK_ROOT)    net (fo=10293, routed)       1.987     2.195    viterbi_axis_system_wrapper/viterbi_axis_system/viterbi_axis_system_ps8_0_axi_periph_0/s00_couplers_imp_1CB2IO0/viterbi_axis_system_ps8_0_axi_periph_imp_auto_ds_0/viterbi_axis_system_ps8_0_axi_periph_imp_auto_ds_0_axi_dwidth_converter_v2_1_37_top/viterbi_axis_system_ps8_0_axi_periph_imp_auto_ds_0_axi_dwidth_converter_v2_1_37_axi_downsizer/viterbi_axis_system_ps8_0_axi_periph_imp_auto_ds_0_axi_dwidth_converter_v2_1_37_a_downsizer/viterbi_axis_system_ps8_0_axi_periph_imp_auto_ds_0_axi_data_fifo_v2_1_36_axic_fifo__parameterized0/viterbi_axis_system_ps8_0_axi_periph_imp_auto_ds_0_axi_data_fifo_v2_1_36_fifo_gen__parameterized0/<hidden>/<hidden>/<hidden>/<hidden>/<hidden>
    SLICE_X21Y251        FDRE                                         r  viterbi_axis_system_wrapper/viterbi_axis_system/viterbi_axis_system_ps8_0_axi_periph_0/s00_couplers_imp_1CB2IO0/viterbi_axis_system_ps8_0_axi_periph_imp_auto_ds_0/viterbi_axis_system_ps8_0_axi_periph_imp_auto_ds_0_axi_dwidth_converter_v2_1_37_top/viterbi_axis_system_ps8_0_axi_periph_imp_auto_ds_0_axi_dwidth_converter_v2_1_37_axi_downsizer/viterbi_axis_system_ps8_0_axi_periph_imp_auto_ds_0_axi_dwidth_converter_v2_1_37_a_downsizer/viterbi_axis_system_ps8_0_axi_periph_imp_auto_ds_0_axi_data_fifo_v2_1_36_axic_fifo__parameterized0/viterbi_axis_system_ps8_0_axi_periph_imp_auto_ds_0_axi_data_fifo_v2_1_36_fifo_gen__parameterized0/<hidden>/<hidden>/<hidden>/<hidden>/<hidden>
                         clock pessimism             -0.230     1.966    
    SLICE_X21Y251        FDRE (Hold_GFF2_SLICEM_C_D)
                                                      0.062     2.028    viterbi_axis_system_wrapper/viterbi_axis_system/viterbi_axis_system_ps8_0_axi_periph_0/s00_couplers_imp_1CB2IO0/viterbi_axis_system_ps8_0_axi_periph_imp_auto_ds_0/viterbi_axis_system_ps8_0_axi_periph_imp_auto_ds_0_axi_dwidth_converter_v2_1_37_top/viterbi_axis_system_ps8_0_axi_periph_imp_auto_ds_0_axi_dwidth_converter_v2_1_37_axi_downsizer/viterbi_axis_system_ps8_0_axi_periph_imp_auto_ds_0_axi_dwidth_converter_v2_1_37_a_downsizer/viterbi_axis_system_ps8_0_axi_periph_imp_auto_ds_0_axi_data_fifo_v2_1_36_axic_fifo__parameterized0/viterbi_axis_system_ps8_0_axi_periph_imp_auto_ds_0_axi_data_fifo_v2_1_36_fifo_gen__parameterized0/<hidden>/<hidden>/<hidden>/<hidden>/<hidden>
  -------------------------------------------------------------------
                         required time                         -2.028    
                         arrival time                           2.041    
  -------------------------------------------------------------------
                         slack                                  0.013    





Pulse Width Checks
--------------------------------------------------------------------------------------
Clock Name:         clk_pl_0
Waveform(ns):       { 0.000 5.000 }
Period(ns):         10.000
Sources:            { viterbi_axis_system_i/zynq_ultra_ps_e_0/inst/PS8_i/PLCLK[0] }

Check Type        Corner  Lib Pin          Reference Pin  Required(ns)  Actual(ns)  Slack(ns)  Location  Pin
Min Period        n/a     PS8/MAXIGP0ACLK  n/a            3.000         10.000      7.000      PS8_X0Y0  viterbi_axis_system_i/zynq_ultra_ps_e_0/inst/PS8_i/MAXIGP0ACLK
Low Pulse Width   Slow    PS8/MAXIGP0ACLK  n/a            1.500         5.000       3.500      PS8_X0Y0  viterbi_axis_system_i/zynq_ultra_ps_e_0/inst/PS8_i/MAXIGP0ACLK
High Pulse Width  Slow    PS8/MAXIGP0ACLK  n/a            1.500         5.000       3.500      PS8_X0Y0  viterbi_axis_system_i/zynq_ultra_ps_e_0/inst/PS8_i/MAXIGP0ACLK



---------------------------------------------------------------------------------------------------
Path Group:  **async_default**
From Clock:  clk_pl_0
  To Clock:  clk_pl_0

Setup :            0  Failing Endpoints,  Worst Slack        8.802ns,  Total Violation        0.000ns
Hold  :            0  Failing Endpoints,  Worst Slack        0.221ns,  Total Violation        0.000ns
---------------------------------------------------------------------------------------------------


Max Delay Paths
--------------------------------------------------------------------------------------
Slack (MET) :             8.802ns  (required time - arrival time)
  Source:                 viterbi_axis_system_wrapper/viterbi_axis_system/viterbi_axis_system_ps8_0_axi_periph_0/s00_couplers_imp_1CB2IO0/viterbi_axis_system_ps8_0_axi_periph_imp_auto_ds_0/viterbi_axis_system_ps8_0_axi_periph_imp_auto_ds_0_axi_dwidth_converter_v2_1_37_top/viterbi_axis_system_ps8_0_axi_periph_imp_auto_ds_0_axi_dwidth_converter_v2_1_37_axi_downsizer/viterbi_axis_system_ps8_0_axi_periph_imp_auto_ds_0_axi_dwidth_converter_v2_1_37_a_downsizer__parameterized0/viterbi_axis_system_ps8_0_axi_periph_imp_auto_ds_0_axi_data_fifo_v2_1_36_axic_fifo__parameterized0_8/viterbi_axis_system_ps8_0_axi_periph_imp_auto_ds_0_axi_data_fifo_v2_1_36_fifo_gen__parameterized0_9/<hidden>/<hidden>/<hidden>/<hidden>/<hidden>
                            (rising edge-triggered cell FDRE clocked by clk_pl_0  {rise@0.000ns fall@5.000ns period=10.000ns})
  Destination:            viterbi_axis_system_wrapper/viterbi_axis_system/viterbi_axis_system_ps8_0_axi_periph_0/s00_couplers_imp_1CB2IO0/viterbi_axis_system_ps8_0_axi_periph_imp_auto_ds_0/viterbi_axis_system_ps8_0_axi_periph_imp_auto_ds_0_axi_dwidth_converter_v2_1_37_top/viterbi_axis_system_ps8_0_axi_periph_imp_auto_ds_0_axi_dwidth_converter_v2_1_37_axi_downsizer/viterbi_axis_system_ps8_0_axi_periph_imp_auto_ds_0_axi_dwidth_converter_v2_1_37_a_downsizer__parameterized0/viterbi_axis_system_ps8_0_axi_periph_imp_auto_ds_0_axi_data_fifo_v2_1_36_axic_fifo__parameterized0_8/viterbi_axis_system_ps8_0_axi_periph_imp_auto_ds_0_axi_data_fifo_v2_1_36_fifo_gen__parameterized0_9/<hidden>/<hidden>/<hidden>/<hidden>/<hidden>/<hidden>
                            (recovery check against rising-edge clock clk_pl_0  {rise@0.000ns fall@5.000ns period=10.000ns})
  Path Group:             **async_default**
  Path Type:              Recovery (Max at Slow Process Corner)
  Requirement:            10.000ns  (clk_pl_0 rise@10.000ns - clk_pl_0 rise@0.000ns)
  Data Path Delay:        0.957ns  (logic 0.229ns (23.937%)  route 0.728ns (76.063%))
  Logic Levels:           1  (LUT3=1)
  Clock Path Skew:        -0.045ns (DCD - SCD + CPR)
    Destination Clock Delay (DCD):    1.886ns = ( 11.886 - 10.000 ) 
    Source Clock Delay      (SCD):    2.158ns
    Clock Pessimism Removal (CPR):    0.227ns
  Clock Uncertainty:      0.130ns  ((TSJ^2 + DJ^2)^1/2) / 2 + PE
    Total System Jitter     (TSJ):    0.071ns
    Discrete Jitter          (DJ):    0.250ns
    Phase Error              (PE):    0.000ns
  Clock Net Delay (Source):      1.950ns (routing 0.569ns, distribution 1.381ns)
  Clock Net Delay (Destination): 1.718ns (routing 0.512ns, distribution 1.206ns)

    Location             Delay type                Incr(ns)  Path(ns)    Netlist Resource(s)
  -------------------------------------------------------------------    -------------------
                         (clock clk_pl_0 rise edge)
                                                      0.000     0.000 r  
    PS8_X0Y0             PS8                          0.000     0.000 r  viterbi_axis_system_i/zynq_ultra_ps_e_0/inst/PS8_i/PLCLK[0]
                         net (fo=1, routed)           0.180     0.180    viterbi_axis_system_i/zynq_ultra_ps_e_0/inst/pl_clk_unbuffered[0]
    BUFG_PS_X0Y80        BUFG_PS (Prop_BUFG_PS_I_O)
                                                      0.028     0.208 r  viterbi_axis_system_i/zynq_ultra_ps_e_0/inst/buffer_pl_clk_0.PL_CLK_0_BUFG/O
    X1Y2 (CLOCK_ROOT)    net (fo=10293, routed)       1.950     2.158    viterbi_axis_system_wrapper/viterbi_axis_system/viterbi_axis_system_ps8_0_axi_periph_0/s00_couplers_imp_1CB2IO0/viterbi_axis_system_ps8_0_axi_periph_imp_auto_ds_0/viterbi_axis_system_ps8_0_axi_periph_imp_auto_ds_0_axi_dwidth_converter_v2_1_37_top/viterbi_axis_system_ps8_0_axi_periph_imp_auto_ds_0_axi_dwidth_converter_v2_1_37_axi_downsizer/viterbi_axis_system_ps8_0_axi_periph_imp_auto_ds_0_axi_dwidth_converter_v2_1_37_a_downsizer__parameterized0/viterbi_axis_system_ps8_0_axi_periph_imp_auto_ds_0_axi_data_fifo_v2_1_36_axic_fifo__parameterized0_8/viterbi_axis_system_ps8_0_axi_periph_imp_auto_ds_0_axi_data_fifo_v2_1_36_fifo_gen__parameterized0_9/<hidden>/<hidden>/<hidden>/<hidden>/<hidden>
    SLICE_X31Y244        FDRE                                         r  viterbi_axis_system_wrapper/viterbi_axis_system/viterbi_axis_system_ps8_0_axi_periph_0/s00_couplers_imp_1CB2IO0/viterbi_axis_system_ps8_0_axi_periph_imp_auto_ds_0/viterbi_axis_system_ps8_0_axi_periph_imp_auto_ds_0_axi_dwidth_converter_v2_1_37_top/viterbi_axis_system_ps8_0_axi_periph_imp_auto_ds_0_axi_dwidth_converter_v2_1_37_axi_downsizer/viterbi_axis_system_ps8_0_axi_periph_imp_auto_ds_0_axi_dwidth_converter_v2_1_37_a_downsizer__parameterized0/viterbi_axis_system_ps8_0_axi_periph_imp_auto_ds_0_axi_data_fifo_v2_1_36_axic_fifo__parameterized0_8/viterbi_axis_system_ps8_0_axi_periph_imp_auto_ds_0_axi_data_fifo_v2_1_36_fifo_gen__parameterized0_9/<hidden>/<hidden>/<hidden>/<hidden>/<hidden>
  -------------------------------------------------------------------    -------------------
    SLICE_X31Y244        FDRE (Prop_EFF2_SLICEM_C_Q)
                                                      0.079     2.237 f  viterbi_axis_system_wrapper/viterbi_axis_system/viterbi_axis_system_ps8_0_axi_periph_0/s00_couplers_imp_1CB2IO0/viterbi_axis_system_ps8_0_axi_periph_imp_auto_ds_0/viterbi_axis_system_ps8_0_axi_periph_imp_auto_ds_0_axi_dwidth_converter_v2_1_37_top/viterbi_axis_system_ps8_0_axi_periph_imp_auto_ds_0_axi_dwidth_converter_v2_1_37_axi_downsizer/viterbi_axis_system_ps8_0_axi_periph_imp_auto_ds_0_axi_dwidth_converter_v2_1_37_a_downsizer__parameterized0/viterbi_axis_system_ps8_0_axi_periph_imp_auto_ds_0_axi_data_fifo_v2_1_36_axic_fifo__parameterized0_8/viterbi_axis_system_ps8_0_axi_periph_imp_auto_ds_0_axi_data_fifo_v2_1_36_fifo_gen__parameterized0_9/<hidden>/<hidden>/<hidden>/<hidden>/<hidden>
                         net (fo=2, routed)           0.231     2.468    viterbi_axis_system_wrapper/viterbi_axis_system/viterbi_axis_system_ps8_0_axi_periph_0/s00_couplers_imp_1CB2IO0/viterbi_axis_system_ps8_0_axi_periph_imp_auto_ds_0/viterbi_axis_system_ps8_0_axi_periph_imp_auto_ds_0_axi_dwidth_converter_v2_1_37_top/viterbi_axis_system_ps8_0_axi_periph_imp_auto_ds_0_axi_dwidth_converter_v2_1_37_axi_downsizer/viterbi_axis_system_ps8_0_axi_periph_imp_auto_ds_0_axi_dwidth_converter_v2_1_37_a_downsizer__parameterized0/viterbi_axis_system_ps8_0_axi_periph_imp_auto_ds_0_axi_data_fifo_v2_1_36_axic_fifo__parameterized0_8/viterbi_axis_system_ps8_0_axi_periph_imp_auto_ds_0_axi_data_fifo_v2_1_36_fifo_gen__parameterized0_9/<hidden>/<hidden>/<hidden>/<hidden>/<hidden>
    SLICE_X31Y244        LUT3 (Prop_G6LUT_SLICEM_I0_O)
                                                      0.150     2.618 f  viterbi_axis_system_wrapper/viterbi_axis_system/viterbi_axis_system_ps8_0_axi_periph_0/s00_couplers_imp_1CB2IO0/viterbi_axis_system_ps8_0_axi_periph_imp_auto_ds_0/viterbi_axis_system_ps8_0_axi_periph_imp_auto_ds_0_axi_dwidth_converter_v2_1_37_top/viterbi_axis_system_ps8_0_axi_periph_imp_auto_ds_0_axi_dwidth_converter_v2_1_37_axi_downsizer/viterbi_axis_system_ps8_0_axi_periph_imp_auto_ds_0_axi_dwidth_converter_v2_1_37_a_downsizer__parameterized0/viterbi_axis_system_ps8_0_axi_periph_imp_auto_ds_0_axi_data_fifo_v2_1_36_axic_fifo__parameterized0_8/viterbi_axis_system_ps8_0_axi_periph_imp_auto_ds_0_axi_data_fifo_v2_1_36_fifo_gen__parameterized0_9/<hidden>/<hidden>/<hidden>/<hidden>/<hidden>
                         net (fo=32, routed)          0.497     3.115    viterbi_axis_system_wrapper/viterbi_axis_system/viterbi_axis_system_ps8_0_axi_periph_0/s00_couplers_imp_1CB2IO0/viterbi_axis_system_ps8_0_axi_periph_imp_auto_ds_0/viterbi_axis_system_ps8_0_axi_periph_imp_auto_ds_0_axi_dwidth_converter_v2_1_37_top/viterbi_axis_system_ps8_0_axi_periph_imp_auto_ds_0_axi_dwidth_converter_v2_1_37_axi_downsizer/viterbi_axis_system_ps8_0_axi_periph_imp_auto_ds_0_axi_dwidth_converter_v2_1_37_a_downsizer__parameterized0/viterbi_axis_system_ps8_0_axi_periph_imp_auto_ds_0_axi_data_fifo_v2_1_36_axic_fifo__parameterized0_8/viterbi_axis_system_ps8_0_axi_periph_imp_auto_ds_0_axi_data_fifo_v2_1_36_fifo_gen__parameterized0_9/<hidden>/<hidden>/<hidden>/<hidden>/<hidden>/<hidden>
    SLICE_X31Y246        FDCE                                         f  viterbi_axis_system_wrapper/viterbi_axis_system/viterbi_axis_system_ps8_0_axi_periph_0/s00_couplers_imp_1CB2IO0/viterbi_axis_system_ps8_0_axi_periph_imp_auto_ds_0/viterbi_axis_system_ps8_0_axi_periph_imp_auto_ds_0_axi_dwidth_converter_v2_1_37_top/viterbi_axis_system_ps8_0_axi_periph_imp_auto_ds_0_axi_dwidth_converter_v2_1_37_axi_downsizer/viterbi_axis_system_ps8_0_axi_periph_imp_auto_ds_0_axi_dwidth_converter_v2_1_37_a_downsizer__parameterized0/viterbi_axis_system_ps8_0_axi_periph_imp_auto_ds_0_axi_data_fifo_v2_1_36_axic_fifo__parameterized0_8/viterbi_axis_system_ps8_0_axi_periph_imp_auto_ds_0_axi_data_fifo_v2_1_36_fifo_gen__parameterized0_9/<hidden>/<hidden>/<hidden>/<hidden>/<hidden>/<hidden>
  -------------------------------------------------------------------    -------------------

                         (clock clk_pl_0 rise edge)
                                                     10.000    10.000 r  
    PS8_X0Y0             PS8                          0.000    10.000 r  viterbi_axis_system_i/zynq_ultra_ps_e_0/inst/PS8_i/PLCLK[0]
                         net (fo=1, routed)           0.143    10.143    viterbi_axis_system_i/zynq_ultra_ps_e_0/inst/pl_clk_unbuffered[0]
    BUFG_PS_X0Y80        BUFG_PS (Prop_BUFG_PS_I_O)
                                                      0.025    10.168 r  viterbi_axis_system_i/zynq_ultra_ps_e_0/inst/buffer_pl_clk_0.PL_CLK_0_BUFG/O
    X1Y2 (CLOCK_ROOT)    net (fo=10293, routed)       1.718    11.886    viterbi_axis_system_wrapper/viterbi_axis_system/viterbi_axis_system_ps8_0_axi_periph_0/s00_couplers_imp_1CB2IO0/viterbi_axis_system_ps8_0_axi_periph_imp_auto_ds_0/viterbi_axis_system_ps8_0_axi_periph_imp_auto_ds_0_axi_dwidth_converter_v2_1_37_top/viterbi_axis_system_ps8_0_axi_periph_imp_auto_ds_0_axi_dwidth_converter_v2_1_37_axi_downsizer/viterbi_axis_system_ps8_0_axi_periph_imp_auto_ds_0_axi_dwidth_converter_v2_1_37_a_downsizer__parameterized0/viterbi_axis_system_ps8_0_axi_periph_imp_auto_ds_0_axi_data_fifo_v2_1_36_axic_fifo__parameterized0_8/viterbi_axis_system_ps8_0_axi_periph_imp_auto_ds_0_axi_data_fifo_v2_1_36_fifo_gen__parameterized0_9/<hidden>/<hidden>/<hidden>/<hidden>/<hidden>/<hidden>
    SLICE_X31Y246        FDCE                                         r  viterbi_axis_system_wrapper/viterbi_axis_system/viterbi_axis_system_ps8_0_axi_periph_0/s00_couplers_imp_1CB2IO0/viterbi_axis_system_ps8_0_axi_periph_imp_auto_ds_0/viterbi_axis_system_ps8_0_axi_periph_imp_auto_ds_0_axi_dwidth_converter_v2_1_37_top/viterbi_axis_system_ps8_0_axi_periph_imp_auto_ds_0_axi_dwidth_converter_v2_1_37_axi_downsizer/viterbi_axis_system_ps8_0_axi_periph_imp_auto_ds_0_axi_dwidth_converter_v2_1_37_a_downsizer__parameterized0/viterbi_axis_system_ps8_0_axi_periph_imp_auto_ds_0_axi_data_fifo_v2_1_36_axic_fifo__parameterized0_8/viterbi_axis_system_ps8_0_axi_periph_imp_auto_ds_0_axi_data_fifo_v2_1_36_fifo_gen__parameterized0_9/<hidden>/<hidden>/<hidden>/<hidden>/<hidden>/<hidden>
                         clock pessimism              0.227    12.113    
                         clock uncertainty           -0.130    11.983    
    SLICE_X31Y246        FDCE (Recov_AFF_SLICEM_C_CLR)
                                                     -0.066    11.917    viterbi_axis_system_wrapper/viterbi_axis_system/viterbi_axis_system_ps8_0_axi_periph_0/s00_couplers_imp_1CB2IO0/viterbi_axis_system_ps8_0_axi_periph_imp_auto_ds_0/viterbi_axis_system_ps8_0_axi_periph_imp_auto_ds_0_axi_dwidth_converter_v2_1_37_top/viterbi_axis_system_ps8_0_axi_periph_imp_auto_ds_0_axi_dwidth_converter_v2_1_37_axi_downsizer/viterbi_axis_system_ps8_0_axi_periph_imp_auto_ds_0_axi_dwidth_converter_v2_1_37_a_downsizer__parameterized0/viterbi_axis_system_ps8_0_axi_periph_imp_auto_ds_0_axi_data_fifo_v2_1_36_axic_fifo__parameterized0_8/viterbi_axis_system_ps8_0_axi_periph_imp_auto_ds_0_axi_data_fifo_v2_1_36_fifo_gen__parameterized0_9/<hidden>/<hidden>/<hidden>/<hidden>/<hidden>/<hidden>
  -------------------------------------------------------------------
                         required time                         11.917    
                         arrival time                          -3.115    
  -------------------------------------------------------------------
                         slack                                  8.802    





Min Delay Paths
--------------------------------------------------------------------------------------
Slack (MET) :             0.221ns  (arrival time - required time)
  Source:                 viterbi_axis_system_wrapper/viterbi_axis_system/viterbi_axis_system_ps8_0_axi_periph_0/s00_couplers_imp_1CB2IO0/viterbi_axis_system_ps8_0_axi_periph_imp_auto_ds_0/viterbi_axis_system_ps8_0_axi_periph_imp_auto_ds_0_axi_dwidth_converter_v2_1_37_top/viterbi_axis_system_ps8_0_axi_periph_imp_auto_ds_0_axi_dwidth_converter_v2_1_37_axi_downsizer/viterbi_axis_system_ps8_0_axi_periph_imp_auto_ds_0_axi_dwidth_converter_v2_1_37_a_downsizer/viterbi_axis_system_ps8_0_axi_periph_imp_auto_ds_0_axi_data_fifo_v2_1_36_axic_fifo/viterbi_axis_system_ps8_0_axi_periph_imp_auto_ds_0_axi_data_fifo_v2_1_36_fifo_gen/<hidden>/<hidden>/<hidden>/<hidden>/<hidden>
                            (rising edge-triggered cell FDRE clocked by clk_pl_0  {rise@0.000ns fall@5.000ns period=10.000ns})
  Destination:            viterbi_axis_system_wrapper/viterbi_axis_system/viterbi_axis_system_ps8_0_axi_periph_0/s00_couplers_imp_1CB2IO0/viterbi_axis_system_ps8_0_axi_periph_imp_auto_ds_0/viterbi_axis_system_ps8_0_axi_periph_imp_auto_ds_0_axi_dwidth_converter_v2_1_37_top/viterbi_axis_system_ps8_0_axi_periph_imp_auto_ds_0_axi_dwidth_converter_v2_1_37_axi_downsizer/viterbi_axis_system_ps8_0_axi_periph_imp_auto_ds_0_axi_dwidth_converter_v2_1_37_a_downsizer/viterbi_axis_system_ps8_0_axi_periph_imp_auto_ds_0_axi_data_fifo_v2_1_36_axic_fifo/viterbi_axis_system_ps8_0_axi_periph_imp_auto_ds_0_axi_data_fifo_v2_1_36_fifo_gen/<hidden>/<hidden>/<hidden>/<hidden>/<hidden>/<hidden>
                            (removal check against rising-edge clock clk_pl_0  {rise@0.000ns fall@5.000ns period=10.000ns})
  Path Group:             **async_default**
  Path Type:              Removal (Min at Fast Process Corner)
  Requirement:            0.000ns  (clk_pl_0 rise@0.000ns - clk_pl_0 rise@0.000ns)
  Data Path Delay:        0.258ns  (logic 0.080ns (31.034%)  route 0.178ns (68.966%))
  Logic Levels:           1  (LUT3=1)
  Clock Path Skew:        0.057ns (DCD - SCD - CPR)
    Destination Clock Delay (DCD):    1.399ns
    Source Clock Delay      (SCD):    1.217ns
    Clock Pessimism Removal (CPR):    0.125ns
  Clock Net Delay (Source):      1.078ns (routing 0.311ns, distribution 0.767ns)
  Clock Net Delay (Destination): 1.227ns (routing 0.352ns, distribution 0.875ns)

    Location             Delay type                Incr(ns)  Path(ns)    Netlist Resource(s)
  -------------------------------------------------------------------    -------------------
                         (clock clk_pl_0 rise edge)
                                                      0.000     0.000 r  
    PS8_X0Y0             PS8                          0.000     0.000 r  viterbi_axis_system_i/zynq_ultra_ps_e_0/inst/PS8_i/PLCLK[0]
                         net (fo=1, routed)           0.122     0.122    viterbi_axis_system_i/zynq_ultra_ps_e_0/inst/pl_clk_unbuffered[0]
    BUFG_PS_X0Y80        BUFG_PS (Prop_BUFG_PS_I_O)
                                                      0.017     0.139 r  viterbi_axis_system_i/zynq_ultra_ps_e_0/inst/buffer_pl_clk_0.PL_CLK_0_BUFG/O
    X1Y2 (CLOCK_ROOT)    net (fo=10293, routed)       1.078     1.217    viterbi_axis_system_wrapper/viterbi_axis_system/viterbi_axis_system_ps8_0_axi_periph_0/s00_couplers_imp_1CB2IO0/viterbi_axis_system_ps8_0_axi_periph_imp_auto_ds_0/viterbi_axis_system_ps8_0_axi_periph_imp_auto_ds_0_axi_dwidth_converter_v2_1_37_top/viterbi_axis_system_ps8_0_axi_periph_imp_auto_ds_0_axi_dwidth_converter_v2_1_37_axi_downsizer/viterbi_axis_system_ps8_0_axi_periph_imp_auto_ds_0_axi_dwidth_converter_v2_1_37_a_downsizer/viterbi_axis_system_ps8_0_axi_periph_imp_auto_ds_0_axi_data_fifo_v2_1_36_axic_fifo/viterbi_axis_system_ps8_0_axi_periph_imp_auto_ds_0_axi_data_fifo_v2_1_36_fifo_gen/<hidden>/<hidden>/<hidden>/<hidden>/<hidden>
    SLICE_X20Y248        FDRE                                         r  viterbi_axis_system_wrapper/viterbi_axis_system/viterbi_axis_system_ps8_0_axi_periph_0/s00_couplers_imp_1CB2IO0/viterbi_axis_system_ps8_0_axi_periph_imp_auto_ds_0/viterbi_axis_system_ps8_0_axi_periph_imp_auto_ds_0_axi_dwidth_converter_v2_1_37_top/viterbi_axis_system_ps8_0_axi_periph_imp_auto_ds_0_axi_dwidth_converter_v2_1_37_axi_downsizer/viterbi_axis_system_ps8_0_axi_periph_imp_auto_ds_0_axi_dwidth_converter_v2_1_37_a_downsizer/viterbi_axis_system_ps8_0_axi_periph_imp_auto_ds_0_axi_data_fifo_v2_1_36_axic_fifo/viterbi_axis_system_ps8_0_axi_periph_imp_auto_ds_0_axi_data_fifo_v2_1_36_fifo_gen/<hidden>/<hidden>/<hidden>/<hidden>/<hidden>
  -------------------------------------------------------------------    -------------------
    SLICE_X20Y248        FDRE (Prop_EFF_SLICEL_C_Q)
                                                      0.039     1.256 f  viterbi_axis_system_wrapper/viterbi_axis_system/viterbi_axis_system_ps8_0_axi_periph_0/s00_couplers_imp_1CB2IO0/viterbi_axis_system_ps8_0_axi_periph_imp_auto_ds_0/viterbi_axis_system_ps8_0_axi_periph_imp_auto_ds_0_axi_dwidth_converter_v2_1_37_top/viterbi_axis_system_ps8_0_axi_periph_imp_auto_ds_0_axi_dwidth_converter_v2_1_37_axi_downsizer/viterbi_axis_system_ps8_0_axi_periph_imp_auto_ds_0_axi_dwidth_converter_v2_1_37_a_downsizer/viterbi_axis_system_ps8_0_axi_periph_imp_auto_ds_0_axi_data_fifo_v2_1_36_axic_fifo/viterbi_axis_system_ps8_0_axi_periph_imp_auto_ds_0_axi_data_fifo_v2_1_36_fifo_gen/<hidden>/<hidden>/<hidden>/<hidden>/<hidden>
                         net (fo=3, routed)           0.049     1.305    viterbi_axis_system_wrapper/viterbi_axis_system/viterbi_axis_system_ps8_0_axi_periph_0/s00_couplers_imp_1CB2IO0/viterbi_axis_system_ps8_0_axi_periph_imp_auto_ds_0/viterbi_axis_system_ps8_0_axi_periph_imp_auto_ds_0_axi_dwidth_converter_v2_1_37_top/viterbi_axis_system_ps8_0_axi_periph_imp_auto_ds_0_axi_dwidth_converter_v2_1_37_axi_downsizer/viterbi_axis_system_ps8_0_axi_periph_imp_auto_ds_0_axi_dwidth_converter_v2_1_37_a_downsizer/viterbi_axis_system_ps8_0_axi_periph_imp_auto_ds_0_axi_data_fifo_v2_1_36_axic_fifo/viterbi_axis_system_ps8_0_axi_periph_imp_auto_ds_0_axi_data_fifo_v2_1_36_fifo_gen/<hidden>/<hidden>/<hidden>/<hidden>/<hidden>
    SLICE_X20Y248        LUT3 (Prop_H6LUT_SLICEL_I1_O)
                                                      0.041     1.346 f  viterbi_axis_system_wrapper/viterbi_axis_system/viterbi_axis_system_ps8_0_axi_periph_0/s00_couplers_imp_1CB2IO0/viterbi_axis_system_ps8_0_axi_periph_imp_auto_ds_0/viterbi_axis_system_ps8_0_axi_periph_imp_auto_ds_0_axi_dwidth_converter_v2_1_37_top/viterbi_axis_system_ps8_0_axi_periph_imp_auto_ds_0_axi_dwidth_converter_v2_1_37_axi_downsizer/viterbi_axis_system_ps8_0_axi_periph_imp_auto_ds_0_axi_dwidth_converter_v2_1_37_a_downsizer/viterbi_axis_system_ps8_0_axi_periph_imp_auto_ds_0_axi_data_fifo_v2_1_36_axic_fifo/viterbi_axis_system_ps8_0_axi_periph_imp_auto_ds_0_axi_data_fifo_v2_1_36_fifo_gen/<hidden>/<hidden>/<hidden>/<hidden>/<hidden>
                         net (fo=32, routed)          0.129     1.475    viterbi_axis_system_wrapper/viterbi_axis_system/viterbi_axis_system_ps8_0_axi_periph_0/s00_couplers_imp_1CB2IO0/viterbi_axis_system_ps8_0_axi_periph_imp_auto_ds_0/viterbi_axis_system_ps8_0_axi_periph_imp_auto_ds_0_axi_dwidth_converter_v2_1_37_top/viterbi_axis_system_ps8_0_axi_periph_imp_auto_ds_0_axi_dwidth_converter_v2_1_37_axi_downsizer/viterbi_axis_system_ps8_0_axi_periph_imp_auto_ds_0_axi_dwidth_converter_v2_1_37_a_downsizer/viterbi_axis_system_ps8_0_axi_periph_imp_auto_ds_0_axi_data_fifo_v2_1_36_axic_fifo/viterbi_axis_system_ps8_0_axi_periph_imp_auto_ds_0_axi_data_fifo_v2_1_36_fifo_gen/<hidden>/<hidden>/<hidden>/<hidden>/<hidden>/<hidden>
    SLICE_X21Y246        FDPE                                         f  viterbi_axis_system_wrapper/viterbi_axis_system/viterbi_axis_system_ps8_0_axi_periph_0/s00_couplers_imp_1CB2IO0/viterbi_axis_system_ps8_0_axi_periph_imp_auto_ds_0/viterbi_axis_system_ps8_0_axi_periph_imp_auto_ds_0_axi_dwidth_converter_v2_1_37_top/viterbi_axis_system_ps8_0_axi_periph_imp_auto_ds_0_axi_dwidth_converter_v2_1_37_axi_downsizer/viterbi_axis_system_ps8_0_axi_periph_imp_auto_ds_0_axi_dwidth_converter_v2_1_37_a_downsizer/viterbi_axis_system_ps8_0_axi_periph_imp_auto_ds_0_axi_data_fifo_v2_1_36_axic_fifo/viterbi_axis_system_ps8_0_axi_periph_imp_auto_ds_0_axi_data_fifo_v2_1_36_fifo_gen/<hidden>/<hidden>/<hidden>/<hidden>/<hidden>/<hidden>
  -------------------------------------------------------------------    -------------------

                         (clock clk_pl_0 rise edge)
                                                      0.000     0.000 r  
    PS8_X0Y0             PS8                          0.000     0.000 r  viterbi_axis_system_i/zynq_ultra_ps_e_0/inst/PS8_i/PLCLK[0]
                         net (fo=1, routed)           0.154     0.154    viterbi_axis_system_i/zynq_ultra_ps_e_0/inst/pl_clk_unbuffered[0]
    BUFG_PS_X0Y80        BUFG_PS (Prop_BUFG_PS_I_O)
                                                      0.018     0.172 r  viterbi_axis_system_i/zynq_ultra_ps_e_0/inst/buffer_pl_clk_0.PL_CLK_0_BUFG/O
    X1Y2 (CLOCK_ROOT)    net (fo=10293, routed)       1.227     1.399    viterbi_axis_system_wrapper/viterbi_axis_system/viterbi_axis_system_ps8_0_axi_periph_0/s00_couplers_imp_1CB2IO0/viterbi_axis_system_ps8_0_axi_periph_imp_auto_ds_0/viterbi_axis_system_ps8_0_axi_periph_imp_auto_ds_0_axi_dwidth_converter_v2_1_37_top/viterbi_axis_system_ps8_0_axi_periph_imp_auto_ds_0_axi_dwidth_converter_v2_1_37_axi_downsizer/viterbi_axis_system_ps8_0_axi_periph_imp_auto_ds_0_axi_dwidth_converter_v2_1_37_a_downsizer/viterbi_axis_system_ps8_0_axi_periph_imp_auto_ds_0_axi_data_fifo_v2_1_36_axic_fifo/viterbi_axis_system_ps8_0_axi_periph_imp_auto_ds_0_axi_data_fifo_v2_1_36_fifo_gen/<hidden>/<hidden>/<hidden>/<hidden>/<hidden>/<hidden>
    SLICE_X21Y246        FDPE                                         r  viterbi_axis_system_wrapper/viterbi_axis_system/viterbi_axis_system_ps8_0_axi_periph_0/s00_couplers_imp_1CB2IO0/viterbi_axis_system_ps8_0_axi_periph_imp_auto_ds_0/viterbi_axis_system_ps8_0_axi_periph_imp_auto_ds_0_axi_dwidth_converter_v2_1_37_top/viterbi_axis_system_ps8_0_axi_periph_imp_auto_ds_0_axi_dwidth_converter_v2_1_37_axi_downsizer/viterbi_axis_system_ps8_0_axi_periph_imp_auto_ds_0_axi_dwidth_converter_v2_1_37_a_downsizer/viterbi_axis_system_ps8_0_axi_periph_imp_auto_ds_0_axi_data_fifo_v2_1_36_axic_fifo/viterbi_axis_system_ps8_0_axi_periph_imp_auto_ds_0_axi_data_fifo_v2_1_36_fifo_gen/<hidden>/<hidden>/<hidden>/<hidden>/<hidden>/<hidden>
                         clock pessimism             -0.125     1.274    
    SLICE_X21Y246        FDPE (Remov_AFF_SLICEM_C_PRE)
                                                     -0.020     1.254    viterbi_axis_system_wrapper/viterbi_axis_system/viterbi_axis_system_ps8_0_axi_periph_0/s00_couplers_imp_1CB2IO0/viterbi_axis_system_ps8_0_axi_periph_imp_auto_ds_0/viterbi_axis_system_ps8_0_axi_periph_imp_auto_ds_0_axi_dwidth_converter_v2_1_37_top/viterbi_axis_system_ps8_0_axi_periph_imp_auto_ds_0_axi_dwidth_converter_v2_1_37_axi_downsizer/viterbi_axis_system_ps8_0_axi_periph_imp_auto_ds_0_axi_dwidth_converter_v2_1_37_a_downsizer/viterbi_axis_system_ps8_0_axi_periph_imp_auto_ds_0_axi_data_fifo_v2_1_36_axic_fifo/viterbi_axis_system_ps8_0_axi_periph_imp_auto_ds_0_axi_data_fifo_v2_1_36_fifo_gen/<hidden>/<hidden>/<hidden>/<hidden>/<hidden>/<hidden>
  -------------------------------------------------------------------
                         required time                         -1.254    
                         arrival time                           1.475    
  -------------------------------------------------------------------
                         slack                                  0.221    





